Archive member included because of file (symbol)

contiki-sky.a(er-coap-engine.)
                              fireAlarm.co (coap_rest_implementation)
contiki-sky.a(er-coap-transac)
                              contiki-sky.a(er-coap-engine.) (coap_register_as_transaction_handler)
contiki-sky.a(er-coap-observe)
                              contiki-sky.a(er-coap-transac) (coap_remove_observer_by_client)
contiki-sky.a(er-coap-res-wel)
                              contiki-sky.a(er-coap-engine.) (res_well_known_core)
contiki-sky.a(rest-engine.o)  fireAlarm.co (rest_init_engine)
contiki-sky.a(contiki-sky-pla)
                              obj_sky/contiki-sky-main.o (init_platform)
contiki-sky.a(button-sensor.o)
                              contiki-sky.a(contiki-sky-pla) (button_sensor)
contiki-sky.a(ds2411.o)       obj_sky/contiki-sky-main.o (ds2411_init)
contiki-sky.a(xmem.o)         obj_sky/contiki-sky-main.o (xmem_init)
contiki-sky.a(node-id.o)      obj_sky/contiki-sky-main.o (node_id_restore)
contiki-sky.a(sensors.o)      contiki-sky.a(button-sensor.o) (sensors_changed)
contiki-sky.a(cc2420.o)       obj_sky/contiki-sky-main.o (cc2420_set_pan_addr)
contiki-sky.a(cc2420-arch.o)  contiki-sky.a(cc2420.o) (cc2420_arch_init)
contiki-sky.a(uart1.o)        obj_sky/contiki-sky-main.o (uart1_active)
contiki-sky.a(uart1-putchar.o)
                              obj_sky/contiki-sky-main.o (putchar)
contiki-sky.a(msp430.o)       contiki-sky.a(uart1.o) (msp430_add_lpm_req)
contiki-sky.a(clock.o)        obj_sky/contiki-sky-main.o (clock_init)
contiki-sky.a(leds.o)         obj_sky/contiki-sky-main.o (leds_init)
contiki-sky.a(leds-arch.o)    contiki-sky.a(leds.o) (leds_arch_init)
contiki-sky.a(watchdog.o)     obj_sky/contiki-sky-main.o (watchdog_start)
contiki-sky.a(rtimer-arch.o)  obj_sky/contiki-sky-main.o (rtimer_arch_now)
contiki-sky.a(autostart.o)    obj_sky/contiki-sky-main.o (autostart_start)
contiki-sky.a(ctimer.o)       obj_sky/contiki-sky-main.o (ctimer_init)
contiki-sky.a(energest.o)     obj_sky/contiki-sky-main.o (energest_init)
contiki-sky.a(etimer.o)       contiki-sky.a(clock.o) (etimer_request_poll)
contiki-sky.a(process.o)      contiki-sky.a(er-coap-engine.) (process_current)
contiki-sky.a(rtimer.o)       obj_sky/contiki-sky-main.o (rtimer_init)
contiki-sky.a(timer.o)        obj_sky/contiki-sky-main.o (timer_set)
contiki-sky.a(list.o)         contiki-sky.a(rest-engine.o) (list_init)
contiki-sky.a(memb.o)         contiki-sky.a(er-coap-transac) (memb_alloc)
contiki-sky.a(random.o)       obj_sky/contiki-sky-main.o (random_init)
contiki-sky.a(sicslowpan.o)   obj_sky/contiki-sky-main.o (sicslowpan_driver)
contiki-sky.a(uip6.o)         contiki-sky.a(er-coap-engine.) (uip_aligned_buf)
contiki-sky.a(uip-ds6.o)      contiki-sky.a(uip6.o) (uip_ds6_is_addr_onlink)
contiki-sky.a(uip-ds6-nbr.o)  contiki-sky.a(uip-ds6.o) (uip_ds6_neighbors_init)
contiki-sky.a(uip-ds6-route.o)
                              contiki-sky.a(uip-ds6.o) (uip_ds6_route_init)
contiki-sky.a(uip-icmp6.o)    contiki-sky.a(uip6.o) (uip_icmp6_input)
contiki-sky.a(uip-nd6.o)      contiki-sky.a(uip6.o) (uip_nd6_init)
contiki-sky.a(tcpip.o)        contiki-sky.a(sicslowpan.o) (tcpip_set_outputfunc)
contiki-sky.a(uip-debug.o)    contiki-sky.a(uip-ds6-route.o) (uip_debug_ipaddr_print)
contiki-sky.a(rpl.o)          contiki-sky.a(uip-ds6-nbr.o) (rpl_link_neighbor_callback)
contiki-sky.a(rpl-dag.o)      contiki-sky.a(rpl.o) (default_instance)
contiki-sky.a(rpl-ext-header.)
                              contiki-sky.a(uip6.o) (rpl_verify_header)
contiki-sky.a(rpl-icmp6.o)    contiki-sky.a(rpl.o) (dao_output_target)
contiki-sky.a(rpl-mrhof.o)    contiki-sky.a(rpl.o) (rpl_mrhof)
contiki-sky.a(rpl-timers.o)   contiki-sky.a(rpl.o) (rpl_reset_periodic_timer)
contiki-sky.a(framer-802154.o)
                              contiki-sky.a(sicslowpan.o) (framer_802154)
contiki-sky.a(framer.o)       contiki-sky.a(framer-802154.o) (framer_canonical_create_and_secure)
contiki-sky.a(nullmac.o)      obj_sky/contiki-sky-main.o (nullmac_driver)
contiki-sky.a(nullrdc.o)      obj_sky/contiki-sky-main.o (nullrdc_driver)
contiki-sky.a(linkaddr.o)     obj_sky/contiki-sky-main.o (linkaddr_copy)
contiki-sky.a(nbr-table.o)    contiki-sky.a(uip-ds6-nbr.o) (nbr_table_register)
contiki-sky.a(packetbuf.o)    contiki-sky.a(framer.o) (packetbuf_compact)
contiki-sky.a(queuebuf.o)     obj_sky/contiki-sky-main.o (queuebuf_init)
contiki-sky.a(nullsec.o)      obj_sky/contiki-sky-main.o (nullsec_driver)
contiki-sky.a(er-coap.o)      contiki-sky.a(er-coap-engine.) (coap_init_connection)
contiki-sky.a(spi.o)          contiki-sky.a(xmem.o) (spi_init)
contiki-sky.a(stimer.o)       contiki-sky.a(uip-ds6.o) (stimer_set)
contiki-sky.a(uip-udp-packet.)
                              contiki-sky.a(er-coap.o) (uip_udp_packet_send)
contiki-sky.a(frame802154.o)  contiki-sky.a(framer-802154.o) (frame802154_hdrlen)
contiki-sky.a(mac.o)          contiki-sky.a(nullrdc.o) (mac_call_sent_callback)
[...]
Memory Configuration

Name             Origin             Length             Attributes
sfr              0x00000000         0x00000010
peripheral_8bit  0x00000010         0x000000f0
peripheral_16bit 0x00000100         0x00000100
ram_mirror       0x00000200         0x00000800         xw
infomem          0x00001000         0x00000100
infob            0x00001000         0x00000080
infoa            0x00001080         0x00000080
ram              0x00001100         0x00002800         xw
rom              0x00004000         0x0000bfe0         xr
vectors          0x0000ffe0         0x00000020
bsl              0x00000000         0x00000000
infoc            0x00000000         0x00000000
infod            0x00000000         0x00000000
ram2             0x00000000         0x00000000         xw
usbram           0x00000000         0x00000000         xw
far_rom          0x00000000         0x00000000
*default*        0x00000000         0xffffffff

Linker script and memory map

LOAD /usr/lib/gcc/msp430/4.6.3/mmpy-16/crt0ivtbl16.o
LOAD fireAlarm.co
LOAD obj_sky/contiki-sky-main.o
LOAD contiki-sky.a
LOAD /usr/lib/gcc/msp430/4.6.3/mmpy-16/libgcc.a
LOAD /usr/lib/gcc/msp430/4.6.3/../../../../msp430/lib/mmpy-16/libc.a
LOAD /usr/lib/gcc/msp430/4.6.3/mmpy-16/libgcc.a
LOAD /usr/lib/gcc/msp430/4.6.3/mmpy-16/libcrt0.a
                0x00000080                PROVIDE (__info_segment_size, 0x80)
                0x00001000                PROVIDE (__infob, 0x1000)
                0x00001080                PROVIDE (__infoa, 0x1080)
                0x00000000                __IE1 = 0x0
                0x00000002                __IFG1 = 0x2
                0x00000004                __ME1 = 0x4
                0x00000001                __IE2 = 0x1
                0x00000003                __IFG2 = 0x3
                0x00000005                __ME2 = 0x5
                0x00000120                __WDTCTL = 0x120
                0x00000130                __MPY = 0x130
                0x00000132                __MPYS = 0x132
                0x00000134                __MAC = 0x134
                0x00000136                __MACS = 0x136
                0x00000138                __OP2 = 0x138
                0x0000013a                __RESLO = 0x13a
                0x0000013c                __RESHI = 0x13c
                0x0000013e                __SUMEXT = 0x13e
                0x00000020                __P1IN = 0x20
                0x00000021                __P1OUT = 0x21
                0x00000022                __P1DIR = 0x22
                0x00000023                __P1IFG = 0x23
                0x00000024                __P1IES = 0x24
                0x00000025                __P1IE = 0x25
                0x00000026                __P1SEL = 0x26
                0x00000028                __P2IN = 0x28
                0x00000029                __P2OUT = 0x29
                0x0000002a                __P2DIR = 0x2a
                0x0000002b                __P2IFG = 0x2b
                0x0000002c                __P2IES = 0x2c
                0x0000002d                __P2IE = 0x2d
                0x0000002e                __P2SEL = 0x2e
                0x00000018                __P3IN = 0x18
                0x00000019                __P3OUT = 0x19
                0x0000001a                __P3DIR = 0x1a
                0x0000001b                __P3SEL = 0x1b
                0x0000001c                __P4IN = 0x1c
                0x0000001d                __P4OUT = 0x1d
                0x0000001e                __P4DIR = 0x1e
                0x0000001f                __P4SEL = 0x1f
                0x00000030                __P5IN = 0x30
                0x00000031                __P5OUT = 0x31
                0x00000032                __P5DIR = 0x32
                0x00000033                __P5SEL = 0x33
                0x00000034                __P6IN = 0x34
                0x00000035                __P6OUT = 0x35
                0x00000036                __P6DIR = 0x36
                0x00000037                __P6SEL = 0x37
                0x00000070                __U0CTL = 0x70
                0x00000071                __U0TCTL = 0x71
                0x00000072                __U0RCTL = 0x72
                0x00000073                __U0MCTL = 0x73
                0x00000074                __U0BR0 = 0x74
                0x00000075                __U0BR1 = 0x75
                0x00000076                __U0RXBUF = 0x76
                0x00000077                __U0TXBUF = 0x77
                0x00000078                __U1CTL = 0x78
                0x00000079                __U1TCTL = 0x79
                0x0000007a                __U1RCTL = 0x7a
                0x0000007b                __U1MCTL = 0x7b
                0x0000007c                __U1BR0 = 0x7c
                0x0000007d                __U1BR1 = 0x7d
                0x0000007e                __U1RXBUF = 0x7e
                0x0000007f                __U1TXBUF = 0x7f
                0x00000050                __I2CIE = 0x50
                0x00000051                __I2CIFG = 0x51
                0x00000052                __I2CNDAT = 0x52
                0x00000071                __I2CTCTL = 0x71
                0x00000072                __I2CDCTL = 0x72
                0x00000073                __I2CPSC = 0x73
                0x00000074                __I2CSCLH = 0x74
                0x00000075                __I2CSCLL = 0x75
                0x00000076                __I2CDRB = 0x76
                0x00000076                __I2CDRW = 0x76
                0x00000118                __I2COA = 0x118
                0x0000011a                __I2CSA = 0x11a
                0x0000011c                __I2CIV = 0x11c
                0x0000012e                __TAIV = 0x12e
                0x00000160                __TACTL = 0x160
                0x00000162                __TACCTL0 = 0x162
                0x00000164                __TACCTL1 = 0x164
                0x00000166                __TACCTL2 = 0x166
                0x00000170                __TAR = 0x170
                0x00000172                __TACCR0 = 0x172
                0x00000174                __TACCR1 = 0x174
                0x00000176                __TACCR2 = 0x176
                0x0000011e                __TBIV = 0x11e
                0x00000180                __TBCTL = 0x180
                0x00000182                __TBCCTL0 = 0x182
                0x00000184                __TBCCTL1 = 0x184
                0x00000186                __TBCCTL2 = 0x186
                0x00000188                __TBCCTL3 = 0x188
                0x0000018a                __TBCCTL4 = 0x18a
                0x0000018c                __TBCCTL5 = 0x18c
                0x0000018e                __TBCCTL6 = 0x18e
                0x00000190                __TBR = 0x190
                0x00000192                __TBCCR0 = 0x192
                0x00000194                __TBCCR1 = 0x194
                0x00000196                __TBCCR2 = 0x196
                0x00000198                __TBCCR3 = 0x198
                0x0000019a                __TBCCR4 = 0x19a
                0x0000019c                __TBCCR5 = 0x19c
                0x0000019e                __TBCCR6 = 0x19e
                0x00000056                __DCOCTL = 0x56
                0x00000057                __BCSCTL1 = 0x57
                0x00000058                __BCSCTL2 = 0x58
                0x00000055                __SVSCTL = 0x55
                0x00000128                __FCTL1 = 0x128
                0x0000012a                __FCTL2 = 0x12a
                0x0000012c                __FCTL3 = 0x12c
                0x00000059                __CACTL1 = 0x59
                0x0000005a                __CACTL2 = 0x5a
                0x0000005b                __CAPD = 0x5b
                0x000001a0                __ADC12CTL0 = 0x1a0
                0x000001a2                __ADC12CTL1 = 0x1a2
                0x000001a4                __ADC12IFG = 0x1a4
                0x000001a6                __ADC12IE = 0x1a6
                0x000001a8                __ADC12IV = 0x1a8
                0x00000140                __ADC12MEM0 = 0x140
                0x00000142                __ADC12MEM1 = 0x142
                0x00000144                __ADC12MEM2 = 0x144
                0x00000146                __ADC12MEM3 = 0x146
                0x00000148                __ADC12MEM4 = 0x148
                0x0000014a                __ADC12MEM5 = 0x14a
                0x0000014c                __ADC12MEM6 = 0x14c
                0x0000014e                __ADC12MEM7 = 0x14e
                0x00000150                __ADC12MEM8 = 0x150
                0x00000152                __ADC12MEM9 = 0x152
                0x00000154                __ADC12MEM10 = 0x154
                0x00000156                __ADC12MEM11 = 0x156
                0x00000158                __ADC12MEM12 = 0x158
                0x0000015a                __ADC12MEM13 = 0x15a
                0x0000015c                __ADC12MEM14 = 0x15c
                0x0000015e                __ADC12MEM15 = 0x15e
                0x00000080                __ADC12MCTL0 = 0x80
                0x00000081                __ADC12MCTL1 = 0x81
                0x00000082                __ADC12MCTL2 = 0x82
                0x00000083                __ADC12MCTL3 = 0x83
                0x00000084                __ADC12MCTL4 = 0x84
                0x00000085                __ADC12MCTL5 = 0x85
                0x00000086                __ADC12MCTL6 = 0x86
                0x00000087                __ADC12MCTL7 = 0x87
                0x00000088                __ADC12MCTL8 = 0x88
                0x00000089                __ADC12MCTL9 = 0x89
                0x0000008a                __ADC12MCTL10 = 0x8a
                0x0000008b                __ADC12MCTL11 = 0x8b
                0x0000008c                __ADC12MCTL12 = 0x8c
                0x0000008d                __ADC12MCTL13 = 0x8d
                0x0000008e                __ADC12MCTL14 = 0x8e
                0x0000008f                __ADC12MCTL15 = 0x8f
                0x000001c0                __DAC12_0CTL = 0x1c0
                0x000001c2                __DAC12_1CTL = 0x1c2
                0x000001c8                __DAC12_0DAT = 0x1c8
                0x000001ca                __DAC12_1DAT = 0x1ca
                0x00000122                __DMACTL0 = 0x122
                0x00000124                __DMACTL1 = 0x124
                0x000001e0                __DMA0CTL = 0x1e0
                0x000001e8                __DMA1CTL = 0x1e8
                0x000001f0                __DMA2CTL = 0x1f0
                0x000001e2                __DMA0SA = 0x1e2
                0x000001e4                __DMA0DA = 0x1e4
                0x000001e6                __DMA0SZ = 0x1e6
                0x000001ea                __DMA1SA = 0x1ea
                0x000001ec                __DMA1DA = 0x1ec
                0x000001ee                __DMA1SZ = 0x1ee
                0x000001f2                __DMA2SA = 0x1f2
                0x000001f4                __DMA2DA = 0x1f4
                0x000001f6                __DMA2SZ = 0x1f6

.hash
 *(.hash)

.dynsym
 *(.dynsym)

.dynstr
 *(.dynstr)

.gnu.version
 *(.gnu.version)

.gnu.version_d
 *(.gnu.version_d)

.gnu.version_r
 *(.gnu.version_r)

.rel.init
 *(.rel.init)

.rela.init
 *(.rela.init)

.rel.fini
 *(.rel.fini)

.rela.fini
 *(.rela.fini)

.rel.text
 *(.rel.text .rel.text.* .rel.gnu.linkonce.t.*)

.rela.text
 *(.rela.text .rela.text.* .rela.gnu.linkonce.t.*)

.rel.rodata
 *(.rel.rodata .rel.rodata.* .rel.gnu.linkonce.r.*)

.rela.rodata
 *(.rela.rodata .rela.rodata.* .rela.gnu.linkonce.r.*)

.rel.data
 *(.rel.data .rel.data.* .rel.gnu.linkonce.d.*)

.rela.data
 *(.rela.data .rela.data.* .rela.gnu.linkonce.d.*)

.rel.bss
 *(.rel.bss .rel.bss.* .rel.gnu.linkonce.b.*)

.rela.bss
 *(.rela.bss .rela.bss.* .rela.gnu.linkonce.b.*)

.rel.ctors
 *(.rel.ctors)

.rela.ctors
 *(.rela.ctors)

.rel.dtors
 *(.rel.dtors)

.rela.dtors
 *(.rela.dtors)

.rel.got
 *(.rel.got)

.rela.got
 *(.rela.got)

.rel.plt
 *(.rel.plt)

.rela.plt
 *(.rela.plt)

.text           0x00004000     0xb1f4
                0x00004000                . = ALIGN (0x2)
 *(.init .init.*)
 *(.init0)
 .init0         0x00004000        0x0 /usr/lib/gcc/msp430/4.6.3/mmpy-16/libcrt0.a(_reset_vector__.o)
                0x00004000                _reset_vector__
 *(.init1)
 .init1         0x00004000        0xc /usr/lib/gcc/msp430/4.6.3/mmpy-16/libcrt0.a(__watchdog_support.o)
                0x00004000                __watchdog_support
 *(.init2)
 .init2         0x0000400c        0x4 /usr/lib/gcc/msp430/4.6.3/mmpy-16/libcrt0.a(__init_stack.o)
                0x0000400c                __init_stack
 *(.init3)
 .init3         0x00004010        0x0 /usr/lib/gcc/msp430/4.6.3/mmpy-16/libcrt0.a(__low_level_init.o)
                0x00004010                __low_level_init
 *(.init4)
 .init4         0x00004010       0x18 /usr/lib/gcc/msp430/4.6.3/mmpy-16/libcrt0.a(_copy_data.o)
                0x00004010                __do_copy_data
 .init4         0x00004028       0x16 /usr/lib/gcc/msp430/4.6.3/mmpy-16/libcrt0.a(_clear_bss.o)
                0x00004028                __do_clear_bss
 *(.init5)
 *(.init6)
 *(.init7)
 *(.init8)
 *(.init9)
 .init9         0x0000403e      0x2d8 obj_sky/contiki-sky-main.o
                0x0000403e                main
 *(.fini9)
 .fini9         0x00004316        0x0 /usr/lib/gcc/msp430/4.6.3/mmpy-16/libcrt0.a(__stop_progExec__.o)
                0x00004316                __stop_progExec__
 *(.fini8)
 *(.fini7)
 *(.fini6)
 *(.fini5)
 *(.fini4)
 *(.fini3)
 *(.fini2)
 *(.fini1)
 *(.fini0)
 .fini0         0x00004316        0x6 /usr/lib/gcc/msp430/4.6.3/mmpy-16/libcrt0.a(_endless_loop__.o)
                0x00004316                _endless_loop__
 *(.fini .fini.*)
                0x0000431c                . = ALIGN (0x2)
                0x0000431c                __ctors_start = .
 *(.ctors)
                0x0000431c                __ctors_end = .
                0x0000431c                __dtors_start = .
 *(.dtors)
                0x0000431c                __dtors_end = .
                0x0000431c                . = ALIGN (0x2)
 *(.text .text.* .gnu.linkonce.t.*)
 .text          0x0000431c        0x4 /usr/lib/gcc/msp430/4.6.3/mmpy-16/crt0ivtbl16.o
                0x0000431c                __isr_14
                0x0000431c                __isr_11
                0x0000431c                __isr_2
                0x0000431c                __isr_7
                0x0000431c                __isr_0
                0x0000431c                __isr_8
                0x0000431c                __isr_3
                0x0000431c                __isr_12
                0x0000431c                __isr_13
                0x0000431c                __isr_9
 .text.process_thread_fireAlarm_main
                0x00004320       0x76 fireAlarm.co
 .text.get_handler
                0x00004396       0x72 fireAlarm.co
                0x00004396                get_handler
 .text.id_get_handler
                0x00004408       0x74 fireAlarm.co
                0x00004408                id_get_handler
 .text.fa_periodic_handler
                0x0000447c       0x32 fireAlarm.co
 .text.id_post_handler
                0x000044ae       0x3a fireAlarm.co
                0x000044ae                id_post_handler
 .text.post_handler
                0x000044e8       0x56 fireAlarm.co
                0x000044e8                post_handler
 .text.start_network_layer
                0x0000453e       0xa2 obj_sky/contiki-sky-main.o
 .text.coap_set_service_callback
                0x000045e0        0x6 contiki-sky.a(er-coap-engine.)
                0x000045e0                coap_set_service_callback
 .text.coap_get_rest_method
                0x000045e6       0x1a contiki-sky.a(er-coap-engine.)
                0x000045e6                coap_get_rest_method
 .text.process_thread_coap_engine
                0x00004600      0x402 contiki-sky.a(er-coap-engine.)
 .text.coap_init_engine
                0x00004a02        0xc contiki-sky.a(er-coap-engine.)
                0x00004a02                coap_init_engine
 .text.coap_register_as_transaction_handler
                0x00004a0e        0x8 contiki-sky.a(er-coap-transac)
                0x00004a0e                coap_register_as_transaction_handler
 .text.coap_new_transaction
                0x00004a16       0x4e contiki-sky.a(er-coap-transac)
                0x00004a16                coap_new_transaction
 .text.coap_clear_transaction
                0x00004a64       0x26 contiki-sky.a(er-coap-transac)
                0x00004a64                coap_clear_transaction
 .text.coap_send_transaction
                0x00004a8a       0xc8 contiki-sky.a(er-coap-transac)
                0x00004a8a                coap_send_transaction
 .text.coap_get_transaction_by_mid
                0x00004b52       0x1e contiki-sky.a(er-coap-transac)
                0x00004b52                coap_get_transaction_by_mid
 .text.coap_check_transactions
                0x00004b70       0x2e contiki-sky.a(er-coap-transac)
                0x00004b70                coap_check_transactions
 .text.coap_remove_observer
                0x00004b9e       0x1c contiki-sky.a(er-coap-observe)
                0x00004b9e                coap_remove_observer
 .text.coap_remove_observer_by_client
                0x00004bba       0x4c contiki-sky.a(er-coap-observe)
                0x00004bba                coap_remove_observer_by_client
 .text.coap_remove_observer_by_token
                0x00004c06       0x72 contiki-sky.a(er-coap-observe)
                0x00004c06                coap_remove_observer_by_token
 .text.coap_remove_observer_by_uri
                0x00004c78       0x7e contiki-sky.a(er-coap-observe)
                0x00004c78                coap_remove_observer_by_uri
 .text.coap_add_observer
                0x00004cf6       0x70 contiki-sky.a(er-coap-observe)
                0x00004cf6                coap_add_observer
 .text.coap_remove_observer_by_mid
                0x00004d66       0x58 contiki-sky.a(er-coap-observe)
                0x00004d66                coap_remove_observer_by_mid
 .text.coap_notify_observers
                0x00004dbe       0xec contiki-sky.a(er-coap-observe)
                0x00004dbe                coap_notify_observers
 .text.coap_observe_handler
                0x00004eaa       0xc0 contiki-sky.a(er-coap-observe)
                0x00004eaa                coap_observe_handler
 .text.well_known_core_get_handler
                0x00004f6a      0x296 contiki-sky.a(er-coap-res-wel)
                0x00004f6a                well_known_core_get_handler
 .text.process_thread_rest_engine_process
                0x00005200       0xc0 contiki-sky.a(rest-engine.o)
 .text.rest_invoke_restful_service
                0x000052c0      0x126 contiki-sky.a(rest-engine.o)
                0x000052c0                rest_invoke_restful_service
 .text.rest_init_engine
                0x000053e6       0x26 contiki-sky.a(rest-engine.o)
                0x000053e6                rest_init_engine
 .text.rest_activate_resource
                0x0000540c       0x3c contiki-sky.a(rest-engine.o)
                0x0000540c                rest_activate_resource
 .text.rest_get_resources
                0x00005448        0x6 contiki-sky.a(rest-engine.o)
                0x00005448                rest_get_resources
 .text.init_platform
                0x0000544e        0xc contiki-sky.a(contiki-sky-pla)
                0x0000544e                init_platform
 .text.status   0x0000545a       0x16 contiki-sky.a(button-sensor.o)
 .text.configure
                0x00005470       0x52 contiki-sky.a(button-sensor.o)
 .text.value    0x000054c2       0x22 contiki-sky.a(button-sensor.o)
 .text.irq_p2   0x000054e4       0x8a contiki-sky.a(button-sensor.o)
                0x000054e4                irq_p2
                0x000054e4                __isr_1
 .text.owreadb  0x0000556e       0x52 contiki-sky.a(ds2411.o)
 .text.ds2411_init
                0x000055c0      0x122 contiki-sky.a(ds2411.o)
                0x000055c0                ds2411_init
 .text.wait_ready
                0x000056e2       0x50 contiki-sky.a(xmem.o)
 .text.xmem_init
                0x00005732       0x3e contiki-sky.a(xmem.o)
                0x00005732                xmem_init
 .text.xmem_pread
                0x00005770       0xea contiki-sky.a(xmem.o)
                0x00005770                xmem_pread
 .text.node_id_restore
                0x0000585a       0x38 contiki-sky.a(node-id.o)
                0x0000585a                node_id_restore
 .text.process_thread_sensors_process
                0x00005892       0xbe contiki-sky.a(sensors.o)
 .text.sensors_changed
                0x00005950       0x2a contiki-sky.a(sensors.o)
                0x00005950                sensors_changed
 .text.get_object
                0x0000597a        0x4 contiki-sky.a(cc2420.o)
 .text.set_object
                0x0000597e        0x4 contiki-sky.a(cc2420.o)
 .text.strobe   0x00005982       0x20 contiki-sky.a(cc2420.o)
 .text.getreg   0x000059a2       0x54 contiki-sky.a(cc2420.o)
 .text.setreg   0x000059f6       0x52 contiki-sky.a(cc2420.o)
 .text.write_ram
                0x00005a48       0x80 contiki-sky.a(cc2420.o)
 .text.write_fifo_buf
                0x00005ac8       0x40 contiki-sky.a(cc2420.o)
 .text.get_status
                0x00005b08       0x24 contiki-sky.a(cc2420.o)
 .text.set_txpower
                0x00005b2c       0x26 contiki-sky.a(cc2420.o)
 .text.cc2420_receiving_packet
                0x00005b52        0xe contiki-sky.a(cc2420.o)
 .text.pending_packet
                0x00005b60        0x8 contiki-sky.a(cc2420.o)
 .text.on       0x00005b68       0x1e contiki-sky.a(cc2420.o)
 .text.wait_for_transmission
                0x00005b86       0x22 contiki-sky.a(cc2420.o)
 .text.wait_for_status
                0x00005ba8       0x2a contiki-sky.a(cc2420.o)
 .text.getrxdata
                0x00005bd2       0x56 contiki-sky.a(cc2420.o)
 .text.flushrx  0x00005c28       0x1a contiki-sky.a(cc2420.o)
 .text.off      0x00005c42       0x5a contiki-sky.a(cc2420.o)
 .text.RELEASE_LOCK
                0x00005c9c       0x28 contiki-sky.a(cc2420.o)
 .text.set_key  0x00005cc4       0x18 contiki-sky.a(cc2420.o)
 .text.cc2420_prepare
                0x00005cdc       0x3c contiki-sky.a(cc2420.o)
 .text.cc2420_on
                0x00005d18       0x22 contiki-sky.a(cc2420.o)
                0x00005d18                cc2420_on
 .text.cc2420_off
                0x00005d3a       0x30 contiki-sky.a(cc2420.o)
                0x00005d3a                cc2420_off
 .text.cc2420_cca
                0x00005d6a       0x5e contiki-sky.a(cc2420.o)
 .text.cc2420_read
                0x00005dc8       0xb0 contiki-sky.a(cc2420.o)
 .text.process_thread_cc2420_process
                0x00005e78       0x50 contiki-sky.a(cc2420.o)
 .text.encrypt  0x00005ec8       0x8e contiki-sky.a(cc2420.o)
 .text.cc2420_set_channel
                0x00005f56       0x3c contiki-sky.a(cc2420.o)
                0x00005f56                cc2420_set_channel
 .text.cc2420_set_pan_addr
                0x00005f92       0x4c contiki-sky.a(cc2420.o)
                0x00005f92                cc2420_set_pan_addr
 .text.cc2420_interrupt
                0x00005fde       0x18 contiki-sky.a(cc2420.o)
                0x00005fde                cc2420_interrupt
 .text.cc2420_set_txpower
                0x00005ff6        0xe contiki-sky.a(cc2420.o)
                0x00005ff6                cc2420_set_txpower
 .text.cc2420_get_txpower
                0x00006004       0x1e contiki-sky.a(cc2420.o)
                0x00006004                cc2420_get_txpower
 .text.cc2420_transmit
                0x00006022      0x10e contiki-sky.a(cc2420.o)
 .text.cc2420_send
                0x00006130       0x12 contiki-sky.a(cc2420.o)
 .text.cc2420_rssi
                0x00006142       0x4c contiki-sky.a(cc2420.o)
                0x00006142                cc2420_rssi
 .text.get_value
                0x0000618e       0xac contiki-sky.a(cc2420.o)
 .text.cc2420_set_cca_threshold
                0x0000623a       0x16 contiki-sky.a(cc2420.o)
                0x0000623a                cc2420_set_cca_threshold
 .text.set_value
                0x00006250       0x8a contiki-sky.a(cc2420.o)
 .text.cc2420_init
                0x000062da       0xde contiki-sky.a(cc2420.o)
                0x000062da                cc2420_init
 .text.cc2420_port1_interrupt
                0x000063b8       0x62 contiki-sky.a(cc2420-arch.o)
                0x000063b8                __isr_4
                0x000063b8                cc2420_port1_interrupt
 .text.cc2420_arch_init
                0x0000641a       0x1a contiki-sky.a(cc2420-arch.o)
                0x0000641a                cc2420_arch_init
 .text.uart1_active
                0x00006434       0x1a contiki-sky.a(uart1.o)
                0x00006434                uart1_active
 .text.uart1_writeb
                0x0000644e       0x1a contiki-sky.a(uart1.o)
                0x0000644e                uart1_writeb
 .text.uart1_init
                0x00006468       0xf6 contiki-sky.a(uart1.o)
                0x00006468                uart1_init
 .text.putchar  0x0000655e       0x10 contiki-sky.a(uart1-putchar.o)
                0x0000655e                putchar
 .text.msp430_init_dco
                0x0000656e       0x84 contiki-sky.a(msp430.o)
                0x0000656e                msp430_init_dco
 .text.msp430_add_lpm_req
                0x000065f2        0xc contiki-sky.a(msp430.o)
                0x000065f2                msp430_add_lpm_req
 .text.msp430_cpu_init
                0x000065fe       0x2a contiki-sky.a(msp430.o)
                0x000065fe                msp430_cpu_init
 .text.splhigh_
                0x00006628        0x8 contiki-sky.a(msp430.o)
                0x00006628                splhigh_
 .text.msp430_sync_dco
                0x00006630       0x68 contiki-sky.a(msp430.o)
                0x00006630                msp430_sync_dco
 .text.timera1  0x00006698      0x11e contiki-sky.a(clock.o)
                0x00006698                __isr_5
                0x00006698                timera1
 .text.clock_time
                0x000067b6       0x1a contiki-sky.a(clock.o)
                0x000067b6                clock_time
 .text.clock_init
                0x000067d0       0x28 contiki-sky.a(clock.o)
                0x000067d0                clock_init
 .text.clock_delay
                0x000067f8        0xc contiki-sky.a(clock.o)
                0x000067f8                clock_delay
 .text.clock_seconds
                0x00006804       0x1a contiki-sky.a(clock.o)
                0x00006804                clock_seconds
 .text.show_leds
                0x0000681e       0xf6 contiki-sky.a(leds.o)
 .text.leds_init
                0x00006914        0xa contiki-sky.a(leds.o)
                0x00006914                leds_init
 .text.leds_on  0x0000691e        0xa contiki-sky.a(leds.o)
                0x0000691e                leds_on
 .text.leds_off
                0x00006928        0xe contiki-sky.a(leds.o)
                0x00006928                leds_off
 .text.leds_toggle
                0x00006936        0xa contiki-sky.a(leds.o)
                0x00006936                leds_toggle
 .text.leds_arch_init
                0x00006940        0xe contiki-sky.a(leds-arch.o)
                0x00006940                leds_arch_init
 .text.leds_arch_set
                0x0000694e       0x3a contiki-sky.a(leds-arch.o)
                0x0000694e                leds_arch_set
 .text.watchdog_interrupt
                0x00006988        0x6 contiki-sky.a(watchdog.o)
                0x00006988                __isr_10
                0x00006988                watchdog_interrupt
 .text.watchdog_start
                0x0000698e       0x14 contiki-sky.a(watchdog.o)
                0x0000698e                watchdog_start
 .text.watchdog_periodic
                0x000069a2       0x12 contiki-sky.a(watchdog.o)
                0x000069a2                watchdog_periodic
 .text.watchdog_stop
                0x000069b4       0x16 contiki-sky.a(watchdog.o)
                0x000069b4                watchdog_stop
 .text.watchdog_init
                0x000069ca       0x14 contiki-sky.a(watchdog.o)
                0x000069ca                watchdog_init
 .text.rtimer_arch_init
                0x000069de        0xe contiki-sky.a(rtimer-arch.o)
                0x000069de                rtimer_arch_init
 .text.rtimer_arch_now
                0x000069ec        0xe contiki-sky.a(rtimer-arch.o)
                0x000069ec                rtimer_arch_now
 .text.timera0  0x000069fa       0x70 contiki-sky.a(rtimer-arch.o)
                0x000069fa                __isr_6
                0x000069fa                timera0
 .text.rtimer_arch_schedule
                0x00006a6a        0x6 contiki-sky.a(rtimer-arch.o)
                0x00006a6a                rtimer_arch_schedule
 .text.autostart_start
                0x00006a70       0x16 contiki-sky.a(autostart.o)
                0x00006a70                autostart_start
 .text.process_thread_ctimer_process
                0x00006a86       0xa4 contiki-sky.a(ctimer.o)
 .text.ctimer_init
                0x00006b2a       0x18 contiki-sky.a(ctimer.o)
                0x00006b2a                ctimer_init
 .text.ctimer_set
                0x00006b42       0x50 contiki-sky.a(ctimer.o)
                0x00006b42                ctimer_set
 .text.ctimer_reset
                0x00006b92       0x30 contiki-sky.a(ctimer.o)
                0x00006b92                ctimer_reset
 .text.ctimer_stop
                0x00006bc2       0x28 contiki-sky.a(ctimer.o)
                0x00006bc2                ctimer_stop
 .text.energest_init
                0x00006bea       0x28 contiki-sky.a(energest.o)
                0x00006bea                energest_init
 .text.energest_type_time
                0x00006c12       0x46 contiki-sky.a(energest.o)
                0x00006c12                energest_type_time
 .text.energest_type_set
                0x00006c58        0xe contiki-sky.a(energest.o)
                0x00006c58                energest_type_set
 .text.energest_flush
                0x00006c66       0x48 contiki-sky.a(energest.o)
                0x00006c66                energest_flush
 .text.update_time
                0x00006cae       0x78 contiki-sky.a(etimer.o)
 .text.etimer_request_poll
                0x00006d26        0xa contiki-sky.a(etimer.o)
                0x00006d26                etimer_request_poll
 .text.process_thread_etimer_process
                0x00006d30       0xc8 contiki-sky.a(etimer.o)
 .text.add_timer
                0x00006df8       0x40 contiki-sky.a(etimer.o)
 .text.etimer_set
                0x00006e38       0x12 contiki-sky.a(etimer.o)
                0x00006e38                etimer_set
 .text.etimer_reset
                0x00006e4a       0x12 contiki-sky.a(etimer.o)
                0x00006e4a                etimer_reset
 .text.etimer_restart
                0x00006e5c       0x12 contiki-sky.a(etimer.o)
                0x00006e5c                etimer_restart
 .text.etimer_expired
                0x00006e6e        0xe contiki-sky.a(etimer.o)
                0x00006e6e                etimer_expired
 .text.etimer_expiration_time
                0x00006e7c       0x14 contiki-sky.a(etimer.o)
                0x00006e7c                etimer_expiration_time
 .text.etimer_pending
                0x00006e90        0xc contiki-sky.a(etimer.o)
                0x00006e90                etimer_pending
 .text.etimer_next_expiration_time
                0x00006e9c       0x16 contiki-sky.a(etimer.o)
                0x00006e9c                etimer_next_expiration_time
 .text.etimer_stop
                0x00006eb2       0x3c contiki-sky.a(etimer.o)
                0x00006eb2                etimer_stop
 .text.call_process
                0x00006eee       0x4a contiki-sky.a(process.o)
 .text.exit_process
                0x00006f38       0x96 contiki-sky.a(process.o)
 .text.do_poll  0x00006fce       0x30 contiki-sky.a(process.o)
 .text.process_alloc_event
                0x00006ffe        0xe contiki-sky.a(process.o)
                0x00006ffe                process_alloc_event
 .text.process_init
                0x0000700c       0x1c contiki-sky.a(process.o)
                0x0000700c                process_init
 .text.process_run
                0x00007028       0xa2 contiki-sky.a(process.o)
                0x00007028                process_run
 .text.process_nevents
                0x000070ca        0xe contiki-sky.a(process.o)
                0x000070ca                process_nevents
 .text.process_post
                0x000070d8       0x54 contiki-sky.a(process.o)
                0x000070d8                process_post
 .text.process_post_synch
                0x0000712c       0x12 contiki-sky.a(process.o)
                0x0000712c                process_post_synch
 .text.process_start
                0x0000713e       0x32 contiki-sky.a(process.o)
                0x0000713e                process_start
 .text.process_poll
                0x00007170       0x18 contiki-sky.a(process.o)
                0x00007170                process_poll
 .text.rtimer_init
                0x00007188        0x6 contiki-sky.a(rtimer.o)
                0x00007188                rtimer_init
 .text.rtimer_run_next
                0x0000718e       0x26 contiki-sky.a(rtimer.o)
                0x0000718e                rtimer_run_next
 .text.timer_set
                0x000071b4       0x1c contiki-sky.a(timer.o)
                0x000071b4                timer_set
 .text.timer_reset
                0x000071d0        0xe contiki-sky.a(timer.o)
                0x000071d0                timer_reset
 .text.timer_restart
                0x000071de       0x14 contiki-sky.a(timer.o)
                0x000071de                timer_restart
 .text.timer_expired
                0x000071f2       0x2a contiki-sky.a(timer.o)
                0x000071f2                timer_expired
 .text.list_init
                0x0000721c        0x6 contiki-sky.a(list.o)
                0x0000721c                list_init
 .text.list_head
                0x00007222        0x4 contiki-sky.a(list.o)
                0x00007222                list_head
 .text.list_tail
                0x00007226       0x12 contiki-sky.a(list.o)
                0x00007226                list_tail
 .text.list_remove
                0x00007238       0x34 contiki-sky.a(list.o)
                0x00007238                list_remove
 .text.list_push
                0x0000726c       0x1a contiki-sky.a(list.o)
                0x0000726c                list_push
 .text.list_add
                0x00007286       0x2a contiki-sky.a(list.o)
                0x00007286                list_add
 .text.list_length
                0x000072b0       0x10 contiki-sky.a(list.o)
                0x000072b0                list_length
 .text.list_item_next
                0x000072c0        0xc contiki-sky.a(list.o)
                0x000072c0                list_item_next
 .text.memb_init
                0x000072cc       0x36 contiki-sky.a(memb.o)
                0x000072cc                memb_init
 .text.memb_alloc
                0x00007302       0x3e contiki-sky.a(memb.o)
                0x00007302                memb_alloc
 .text.memb_free
                0x00007340       0x3a contiki-sky.a(memb.o)
                0x00007340                memb_free
 .text.memb_inmemb
                0x0000737a       0x2e contiki-sky.a(memb.o)
                0x0000737a                memb_inmemb
 .text.memb_numfree
                0x000073a8       0x26 contiki-sky.a(memb.o)
                0x000073a8                memb_numfree
 .text.random_init
                0x000073ce        0x6 contiki-sky.a(random.o)
                0x000073ce                random_init
 .text.random_rand
                0x000073d4        0x6 contiki-sky.a(random.o)
                0x000073d4                random_rand
 .text.set_packet_attrs
                0x000073da       0x44 contiki-sky.a(sicslowpan.o)
 .text.addr_context_lookup_by_number
                0x0000741e       0x36 contiki-sky.a(sicslowpan.o)
 .text.compress_addr_64
                0x00007454       0xae contiki-sky.a(sicslowpan.o)
 .text.uncompress_addr
                0x00007502       0xb4 contiki-sky.a(sicslowpan.o)
 .text.input    0x000075b6      0x65c contiki-sky.a(sicslowpan.o)
 .text.sicslowpan_init
                0x00007c12       0x26 contiki-sky.a(sicslowpan.o)
                0x00007c12                sicslowpan_init
 .text.addr_context_lookup_by_prefix
                0x00007c38       0x4c contiki-sky.a(sicslowpan.o)
 .text.send_packet
                0x00007c84       0x1a contiki-sky.a(sicslowpan.o)
 .text.output   0x00007c9e      0x6da contiki-sky.a(sicslowpan.o)
 .text.packet_sent
                0x00008378       0x22 contiki-sky.a(sicslowpan.o)
 .text.chksum   0x0000839a       0x32 contiki-sky.a(uip6.o)
 .text.upper_layer_chksum
                0x000083cc       0x56 contiki-sky.a(uip6.o)
 .text.ext_hdr_options_process
                0x00008422       0xda contiki-sky.a(uip6.o)
 .text.uip_icmp6chksum
                0x000084fc        0xa contiki-sky.a(uip6.o)
                0x000084fc                uip_icmp6chksum
 .text.uip_udpchksum
                0x00008506        0xa contiki-sky.a(uip6.o)
                0x00008506                uip_udpchksum
 .text.uip_init
                0x00008510       0x42 contiki-sky.a(uip6.o)
                0x00008510                uip_init
 .text.remove_ext_hdr
                0x00008552       0x5a contiki-sky.a(uip6.o)
                0x00008552                remove_ext_hdr
 .text.uip_udp_new
                0x000085ac       0xf4 contiki-sky.a(uip6.o)
                0x000085ac                uip_udp_new
 .text.uip_process
                0x000086a0      0x4a2 contiki-sky.a(uip6.o)
                0x000086a0                uip_process
 .text.uip_htonl
                0x00008b42       0x2e contiki-sky.a(uip6.o)
                0x00008b42                uip_htonl
 .text.uip_ds6_list_loop
                0x00008b70       0x86 contiki-sky.a(uip-ds6.o)
                0x00008b70                uip_ds6_list_loop
 .text.uip_ds6_prefix_add
                0x00008bf6       0x80 contiki-sky.a(uip-ds6.o)
                0x00008bf6                uip_ds6_prefix_add
 .text.uip_ds6_is_addr_onlink
                0x00008c76       0x54 contiki-sky.a(uip-ds6.o)
                0x00008c76                uip_ds6_is_addr_onlink
 .text.uip_ds6_addr_lookup
                0x00008cca       0x2a contiki-sky.a(uip-ds6.o)
                0x00008cca                uip_ds6_addr_lookup
 .text.uip_ds6_get_link_local
                0x00008cf4       0x3e contiki-sky.a(uip-ds6.o)
                0x00008cf4                uip_ds6_get_link_local
 .text.uip_ds6_maddr_add
                0x00008d32       0x4c contiki-sky.a(uip-ds6.o)
                0x00008d32                uip_ds6_maddr_add
 .text.uip_ds6_addr_add
                0x00008d7e       0xc4 contiki-sky.a(uip-ds6.o)
                0x00008d7e                uip_ds6_addr_add
 .text.uip_ds6_maddr_lookup
                0x00008e42       0x2a contiki-sky.a(uip-ds6.o)
                0x00008e42                uip_ds6_maddr_lookup
 .text.uip_ds6_addr_rm
                0x00008e6c       0x54 contiki-sky.a(uip-ds6.o)
                0x00008e6c                uip_ds6_addr_rm
 .text.uip_ds6_periodic
                0x00008ec0       0x4a contiki-sky.a(uip-ds6.o)
                0x00008ec0                uip_ds6_periodic
 .text.uip_ds6_set_addr_iid
                0x00008f0a       0x14 contiki-sky.a(uip-ds6.o)
                0x00008f0a                uip_ds6_set_addr_iid
 .text.get_match_length
                0x00008f1e       0x3e contiki-sky.a(uip-ds6.o)
                0x00008f1e                get_match_length
 .text.uip_ds6_select_src
                0x00008f5c       0xaa contiki-sky.a(uip-ds6.o)
                0x00008f5c                uip_ds6_select_src
 .text.uip_ds6_compute_reachable_time
                0x00009006       0x3e contiki-sky.a(uip-ds6.o)
                0x00009006                uip_ds6_compute_reachable_time
 .text.uip_ds6_init
                0x00009044      0x154 contiki-sky.a(uip-ds6.o)
                0x00009044                uip_ds6_init
 .text.uip_ds6_nbr_rm
                0x00009198       0x1a contiki-sky.a(uip-ds6-nbr.o)
                0x00009198                uip_ds6_nbr_rm
 .text.uip_ds6_neighbors_init
                0x000091b2        0xe contiki-sky.a(uip-ds6-nbr.o)
                0x000091b2                uip_ds6_neighbors_init
 .text.uip_ds6_nbr_add
                0x000091c0       0x60 contiki-sky.a(uip-ds6-nbr.o)
                0x000091c0                uip_ds6_nbr_add
 .text.uip_ds6_nbr_get_ll
                0x00009220        0xc contiki-sky.a(uip-ds6-nbr.o)
                0x00009220                uip_ds6_nbr_get_ll
 .text.uip_ds6_nbr_lookup
                0x0000922c       0x42 contiki-sky.a(uip-ds6-nbr.o)
                0x0000922c                uip_ds6_nbr_lookup
 .text.uip_ds6_nbr_ll_lookup
                0x0000926e        0xc contiki-sky.a(uip-ds6-nbr.o)
                0x0000926e                uip_ds6_nbr_ll_lookup
 .text.uip_ds6_nbr_ipaddr_from_lladdr
                0x0000927a        0x6 contiki-sky.a(uip-ds6-nbr.o)
                0x0000927a                uip_ds6_nbr_ipaddr_from_lladdr
 .text.uip_ds6_nbr_lladdr_from_ipaddr
                0x00009280       0x12 contiki-sky.a(uip-ds6-nbr.o)
                0x00009280                uip_ds6_nbr_lladdr_from_ipaddr
 .text.uip_ds6_link_neighbor_callback
                0x00009292       0x2a contiki-sky.a(uip-ds6-nbr.o)
                0x00009292                uip_ds6_link_neighbor_callback
 .text.uip_ds6_neighbor_periodic
                0x000092bc       0x60 contiki-sky.a(uip-ds6-nbr.o)
                0x000092bc                uip_ds6_neighbor_periodic
 .text.call_route_callback
                0x0000931c       0x4c contiki-sky.a(uip-ds6-route.o)
 .text.uip_ds6_route_init
                0x00009368       0x36 contiki-sky.a(uip-ds6-route.o)
                0x00009368                uip_ds6_route_init
 .text.uip_ds6_route_nexthop
                0x0000939e       0x1a contiki-sky.a(uip-ds6-route.o)
                0x0000939e                uip_ds6_route_nexthop
 .text.uip_ds6_route_head
                0x000093b8        0xa contiki-sky.a(uip-ds6-route.o)
                0x000093b8                uip_ds6_route_head
 .text.uip_ds6_route_next
                0x000093c2        0xe contiki-sky.a(uip-ds6-route.o)
                0x000093c2                uip_ds6_route_next
 .text.uip_ds6_route_lookup
                0x000093d0       0x8c contiki-sky.a(uip-ds6-route.o)
                0x000093d0                uip_ds6_route_lookup
 .text.uip_ds6_route_rm
                0x0000945c       0xa4 contiki-sky.a(uip-ds6-route.o)
                0x0000945c                uip_ds6_route_rm
 .text.rm_routelist
                0x00009500       0x34 contiki-sky.a(uip-ds6-route.o)
 .text.rm_routelist_callback
                0x00009534        0x6 contiki-sky.a(uip-ds6-route.o)
 .text.uip_ds6_route_add
                0x0000953a      0x10c contiki-sky.a(uip-ds6-route.o)
                0x0000953a                uip_ds6_route_add
 .text.uip_ds6_defrt_rm
                0x00009646       0x48 contiki-sky.a(uip-ds6-route.o)
                0x00009646                uip_ds6_defrt_rm
 .text.uip_ds6_defrt_lookup
                0x0000968e       0x36 contiki-sky.a(uip-ds6-route.o)
                0x0000968e                uip_ds6_defrt_lookup
 .text.uip_ds6_defrt_add
                0x000096c4       0x74 contiki-sky.a(uip-ds6-route.o)
                0x000096c4                uip_ds6_defrt_add
 .text.uip_ds6_defrt_choose
                0x00009738       0x3a contiki-sky.a(uip-ds6-route.o)
                0x00009738                uip_ds6_defrt_choose
 .text.uip_ds6_defrt_periodic
                0x00009772       0x38 contiki-sky.a(uip-ds6-route.o)
                0x00009772                uip_ds6_defrt_periodic
 .text.echo_reply_input
                0x000097aa      0x112 contiki-sky.a(uip-icmp6.o)
 .text.echo_request_input
                0x000098bc      0x12c contiki-sky.a(uip-icmp6.o)
 .text.uip_icmp6_input
                0x000099e8       0x44 contiki-sky.a(uip-icmp6.o)
                0x000099e8                uip_icmp6_input
 .text.uip_icmp6_register_input_handler
                0x00009a2c        0xc contiki-sky.a(uip-icmp6.o)
                0x00009a2c                uip_icmp6_register_input_handler
 .text.uip_icmp6_error_output
                0x00009a38      0x17a contiki-sky.a(uip-icmp6.o)
                0x00009a38                uip_icmp6_error_output
 .text.uip_icmp6_send
                0x00009bb2       0x96 contiki-sky.a(uip-icmp6.o)
                0x00009bb2                uip_icmp6_send
 .text.uip_icmp6_init
                0x00009c48       0x12 contiki-sky.a(uip-icmp6.o)
                0x00009c48                uip_icmp6_init
 .text.uip_nd6_init
                0x00009c5a        0x2 contiki-sky.a(uip-nd6.o)
                0x00009c5a                uip_nd6_init
 .text.tcpip_output
                0x00009c5c       0x10 contiki-sky.a(tcpip.o)
                0x00009c5c                tcpip_output
 .text.tcpip_set_outputfunc
                0x00009c6c        0x6 contiki-sky.a(tcpip.o)
                0x00009c6c                tcpip_set_outputfunc
 .text.udp_new  0x00009c72       0x1a contiki-sky.a(tcpip.o)
                0x00009c72                udp_new
 .text.tcpip_input
                0x00009c8c       0x16 contiki-sky.a(tcpip.o)
                0x00009c8c                tcpip_input
 .text.tcpip_ipv6_output
                0x00009ca2       0xce contiki-sky.a(tcpip.o)
                0x00009ca2                tcpip_ipv6_output
 .text.process_thread_tcpip_process
                0x00009d70       0xd0 contiki-sky.a(tcpip.o)
 .text.tcpip_uipcall
                0x00009e40       0x2a contiki-sky.a(tcpip.o)
                0x00009e40                tcpip_uipcall
 .text.uip_debug_ipaddr_print
                0x00009e6a       0x7c contiki-sky.a(uip-debug.o)
                0x00009e6a                uip_debug_ipaddr_print
 .text.rpl_get_mode
                0x00009ee6        0x6 contiki-sky.a(rpl.o)
                0x00009ee6                rpl_get_mode
 .text.rpl_purge_routes
                0x00009eec       0x96 contiki-sky.a(rpl.o)
                0x00009eec                rpl_purge_routes
 .text.rpl_remove_routes
                0x00009f82       0x22 contiki-sky.a(rpl.o)
                0x00009f82                rpl_remove_routes
 .text.rpl_remove_routes_by_nexthop
                0x00009fa4       0x46 contiki-sky.a(rpl.o)
                0x00009fa4                rpl_remove_routes_by_nexthop
 .text.rpl_add_route
                0x00009fea       0x44 contiki-sky.a(rpl.o)
                0x00009fea                rpl_add_route
 .text.rpl_link_neighbor_callback
                0x0000a02e       0x7c contiki-sky.a(rpl.o)
                0x0000a02e                rpl_link_neighbor_callback
 .text.rpl_ipv6_neighbor_callback
                0x0000a0aa       0x1e contiki-sky.a(rpl.o)
                0x0000a0aa                rpl_ipv6_neighbor_callback
 .text.rpl_init
                0x0000a0c8       0x4a contiki-sky.a(rpl.o)
                0x0000a0c8                rpl_init
 .text.lollipop_greater_than
                0x0000a112       0x44 contiki-sky.a(rpl-dag.o)
 .text.acceptable_rank
                0x0000a156       0x50 contiki-sky.a(rpl-dag.o)
 .text.find_parent_any_dag_any_instance
                0x0000a1a6       0x14 contiki-sky.a(rpl-dag.o)
 .text.rpl_set_preferred_parent
                0x0000a1ba       0x30 contiki-sky.a(rpl-dag.o)
 .text.set_ip_from_prefix
                0x0000a1ea       0x38 contiki-sky.a(rpl-dag.o)
 .text.check_prefix
                0x0000a222       0x80 contiki-sky.a(rpl-dag.o)
 .text.rpl_get_nbr
                0x0000a2a2       0x1e contiki-sky.a(rpl-dag.o)
                0x0000a2a2                rpl_get_nbr
 .text.rpl_dag_init
                0x0000a2c0        0xe contiki-sky.a(rpl-dag.o)
                0x0000a2c0                rpl_dag_init
 .text.rpl_get_parent
                0x0000a2ce        0xc contiki-sky.a(rpl-dag.o)
                0x0000a2ce                rpl_get_parent
 .text.rpl_get_parent_ipaddr
                0x0000a2da       0x10 contiki-sky.a(rpl-dag.o)
                0x0000a2da                rpl_get_parent_ipaddr
 .text.rpl_set_prefix
                0x0000a2ea       0x8e contiki-sky.a(rpl-dag.o)
                0x0000a2ea                rpl_set_prefix
 .text.rpl_set_default_route
                0x0000a378       0x5a contiki-sky.a(rpl-dag.o)
                0x0000a378                rpl_set_default_route
 .text.rpl_alloc_instance
                0x0000a3d2       0x34 contiki-sky.a(rpl-dag.o)
                0x0000a3d2                rpl_alloc_instance
 .text.rpl_add_parent
                0x0000a406       0x56 contiki-sky.a(rpl-dag.o)
                0x0000a406                rpl_add_parent
 .text.rpl_find_parent
                0x0000a45c       0x1a contiki-sky.a(rpl-dag.o)
                0x0000a45c                rpl_find_parent
 .text.rpl_find_parent_any_dag
                0x0000a476       0x22 contiki-sky.a(rpl-dag.o)
                0x0000a476                rpl_find_parent_any_dag
 .text.rpl_select_parent
                0x0000a498       0x7e contiki-sky.a(rpl-dag.o)
                0x0000a498                rpl_select_parent
 .text.rpl_select_dag
                0x0000a516      0x182 contiki-sky.a(rpl-dag.o)
                0x0000a516                rpl_select_dag
 .text.rpl_nullify_parent
                0x0000a698       0x54 contiki-sky.a(rpl-dag.o)
                0x0000a698                rpl_nullify_parent
 .text.rpl_remove_parent
                0x0000a6ec       0x16 contiki-sky.a(rpl-dag.o)
                0x0000a6ec                rpl_remove_parent
 .text.nbr_callback
                0x0000a702        0x6 contiki-sky.a(rpl-dag.o)
 .text.remove_parents.constprop.2
                0x0000a708       0x32 contiki-sky.a(rpl-dag.o)
 .text.rpl_move_parent
                0x0000a73a       0x5a contiki-sky.a(rpl-dag.o)
                0x0000a73a                rpl_move_parent
 .text.rpl_get_any_dag
                0x0000a794       0x18 contiki-sky.a(rpl-dag.o)
                0x0000a794                rpl_get_any_dag
 .text.rpl_get_instance
                0x0000a7ac       0x1a contiki-sky.a(rpl-dag.o)
                0x0000a7ac                rpl_get_instance
 .text.rpl_alloc_dag
                0x0000a7c6       0x60 contiki-sky.a(rpl-dag.o)
                0x0000a7c6                rpl_alloc_dag
 .text.rpl_repair_root
                0x0000a826       0x50 contiki-sky.a(rpl-dag.o)
                0x0000a826                rpl_repair_root
 .text.rpl_find_of
                0x0000a876       0x10 contiki-sky.a(rpl-dag.o)
                0x0000a876                rpl_find_of
 .text.rpl_join_instance
                0x0000a886      0x13c contiki-sky.a(rpl-dag.o)
                0x0000a886                rpl_join_instance
 .text.rpl_local_repair
                0x0000a9c2       0x7c contiki-sky.a(rpl-dag.o)
                0x0000a9c2                rpl_local_repair
 .text.rpl_process_parent_event
                0x0000aa3e       0x4e contiki-sky.a(rpl-dag.o)
                0x0000aa3e                rpl_process_parent_event
 .text.rpl_recalculate_ranks
                0x0000aa8c       0x48 contiki-sky.a(rpl-dag.o)
                0x0000aa8c                rpl_recalculate_ranks
 .text.rpl_add_dag
                0x0000aad4      0x112 contiki-sky.a(rpl-dag.o)
                0x0000aad4                rpl_add_dag
 .text.rpl_process_dio
                0x0000abe6      0x2e2 contiki-sky.a(rpl-dag.o)
                0x0000abe6                rpl_process_dio
 .text.rpl_lock_parent
                0x0000aec8        0xc contiki-sky.a(rpl-dag.o)
                0x0000aec8                rpl_lock_parent
 .text.rpl_verify_header
                0x0000aed4       0xba contiki-sky.a(rpl-ext-header.)
                0x0000aed4                rpl_verify_header
 .text.rpl_update_header_empty
                0x0000af8e      0x126 contiki-sky.a(rpl-ext-header.)
                0x0000af8e                rpl_update_header_empty
 .text.rpl_update_header_final
                0x0000b0b4       0x94 contiki-sky.a(rpl-ext-header.)
                0x0000b0b4                rpl_update_header_final
 .text.rpl_invert_header
                0x0000b148       0x7a contiki-sky.a(rpl-ext-header.)
                0x0000b148                rpl_invert_header
 .text.rpl_insert_header
                0x0000b1c2       0x12 contiki-sky.a(rpl-ext-header.)
                0x0000b1c2                rpl_insert_header
 .text.get32    0x0000b1d4       0x46 contiki-sky.a(rpl-icmp6.o)
 .text.set32    0x0000b21a       0x2a contiki-sky.a(rpl-icmp6.o)
 .text.get16    0x0000b244        0xe contiki-sky.a(rpl-icmp6.o)
 .text.set16    0x0000b252       0x10 contiki-sky.a(rpl-icmp6.o)
 .text.dao_ack_input
                0x0000b262        0x6 contiki-sky.a(rpl-icmp6.o)
 .text.dio_input
                0x0000b268      0x2d2 contiki-sky.a(rpl-icmp6.o)
 .text.dis_output
                0x0000b53a       0x50 contiki-sky.a(rpl-icmp6.o)
                0x0000b53a                dis_output
 .text.dio_output
                0x0000b58a      0x268 contiki-sky.a(rpl-icmp6.o)
                0x0000b58a                dio_output
 .text.dis_input
                0x0000b7f2       0x28 contiki-sky.a(rpl-icmp6.o)
 .text.dao_output_target
                0x0000b81a       0xea contiki-sky.a(rpl-icmp6.o)
                0x0000b81a                dao_output_target
 .text.dao_output
                0x0000b904       0x80 contiki-sky.a(rpl-icmp6.o)
                0x0000b904                dao_output
 .text.dao_ack_output
                0x0000b984       0x32 contiki-sky.a(rpl-icmp6.o)
                0x0000b984                dao_ack_output
 .text.dao_input
                0x0000b9b6      0x2a8 contiki-sky.a(rpl-icmp6.o)
 .text.rpl_icmp6_register_handlers
                0x0000bc5e       0x22 contiki-sky.a(rpl-icmp6.o)
                0x0000bc5e                rpl_icmp6_register_handlers
 .text.reset    0x0000bc80        0x2 contiki-sky.a(rpl-mrhof.o)
 .text.update_metric_container
                0x0000bc82        0x6 contiki-sky.a(rpl-mrhof.o)
 .text.calculate_rank
                0x0000bc88       0x3e contiki-sky.a(rpl-mrhof.o)
 .text.best_parent
                0x0000bcc6       0x74 contiki-sky.a(rpl-mrhof.o)
 .text.neighbor_link_callback
                0x0000bd3a       0xa2 contiki-sky.a(rpl-mrhof.o)
 .text.best_dag
                0x0000bddc       0x34 contiki-sky.a(rpl-mrhof.o)
 .text.new_dio_interval
                0x0000be10       0x92 contiki-sky.a(rpl-timers.o)
 .text.handle_periodic_timer
                0x0000bea2       0x2e contiki-sky.a(rpl-timers.o)
 .text.set_dao_lifetime_timer
                0x0000bed0       0x52 contiki-sky.a(rpl-timers.o)
 .text.schedule_dao
                0x0000bf22       0x82 contiki-sky.a(rpl-timers.o)
 .text.handle_dio_timer
                0x0000bfa4       0x88 contiki-sky.a(rpl-timers.o)
 .text.handle_dao_timer
                0x0000c02c       0x64 contiki-sky.a(rpl-timers.o)
 .text.rpl_reset_periodic_timer
                0x0000c090       0x60 contiki-sky.a(rpl-timers.o)
                0x0000c090                rpl_reset_periodic_timer
 .text.rpl_reset_dio_timer
                0x0000c0f0       0x18 contiki-sky.a(rpl-timers.o)
                0x0000c0f0                rpl_reset_dio_timer
 .text.rpl_schedule_dao
                0x0000c108        0xc contiki-sky.a(rpl-timers.o)
                0x0000c108                rpl_schedule_dao
 .text.rpl_schedule_probing
                0x0000c114       0x3c contiki-sky.a(rpl-timers.o)
                0x0000c114                rpl_schedule_probing
 .text.handle_probing_timer
                0x0000c150      0x124 contiki-sky.a(rpl-timers.o)
 .text.parse    0x0000c274       0xa0 contiki-sky.a(framer-802154.o)
 .text.create_frame.isra.0
                0x0000c314      0x108 contiki-sky.a(framer-802154.o)
 .text.create   0x0000c41c        0x8 contiki-sky.a(framer-802154.o)
 .text.hdr_length
                0x0000c424        0x8 contiki-sky.a(framer-802154.o)
 .text.framer_canonical_create_and_secure
                0x0000c42c       0x20 contiki-sky.a(framer.o)
                0x0000c42c                framer_canonical_create_and_secure
 .text.send_packet
                0x0000c44c        0x6 contiki-sky.a(nullmac.o)
 .text.packet_input
                0x0000c452        0x6 contiki-sky.a(nullmac.o)
 .text.on       0x0000c458        0x6 contiki-sky.a(nullmac.o)
 .text.off      0x0000c45e        0x6 contiki-sky.a(nullmac.o)
 .text.channel_check_interval
                0x0000c464        0x4 contiki-sky.a(nullmac.o)
 .text.init     0x0000c468        0x2 contiki-sky.a(nullmac.o)
 .text.on       0x0000c46a        0x6 contiki-sky.a(nullrdc.o)
 .text.channel_check_interval
                0x0000c470        0x4 contiki-sky.a(nullrdc.o)
 .text.init     0x0000c474        0x6 contiki-sky.a(nullrdc.o)
 .text.send_one_packet
                0x0000c47a       0x6a contiki-sky.a(nullrdc.o)
 .text.send_list
                0x0000c4e4       0x30 contiki-sky.a(nullrdc.o)
 .text.send_packet
                0x0000c514        0x6 contiki-sky.a(nullrdc.o)
 .text.off      0x0000c51a       0x10 contiki-sky.a(nullrdc.o)
 .text.packet_input
                0x0000c52a       0x26 contiki-sky.a(nullrdc.o)
 .text.linkaddr_copy
                0x0000c550        0x8 contiki-sky.a(linkaddr.o)
                0x0000c550                linkaddr_copy
 .text.linkaddr_cmp
                0x0000c558       0x12 contiki-sky.a(linkaddr.o)
                0x0000c558                linkaddr_cmp
 .text.linkaddr_set_node_addr
                0x0000c56a        0xc contiki-sky.a(linkaddr.o)
                0x0000c56a                linkaddr_set_node_addr
 .text.index_from_key
                0x0000c576       0x48 contiki-sky.a(nbr-table.o)
 .text.item_from_key
                0x0000c5be       0x34 contiki-sky.a(nbr-table.o)
 .text.nbr_set_bit
                0x0000c5f2       0x8e contiki-sky.a(nbr-table.o)
 .text.index_from_lladdr
                0x0000c680       0x42 contiki-sky.a(nbr-table.o)
 .text.nbr_get_bit.constprop.0
                0x0000c6c2       0x62 contiki-sky.a(nbr-table.o)
 .text.nbr_table_register
                0x0000c724       0x28 contiki-sky.a(nbr-table.o)
                0x0000c724                nbr_table_register
 .text.nbr_table_next
                0x0000c74c       0x90 contiki-sky.a(nbr-table.o)
                0x0000c74c                nbr_table_next
 .text.nbr_table_head
                0x0000c7dc       0x36 contiki-sky.a(nbr-table.o)
                0x0000c7dc                nbr_table_head
 .text.nbr_table_add_lladdr
                0x0000c812      0x144 contiki-sky.a(nbr-table.o)
                0x0000c812                nbr_table_add_lladdr
 .text.nbr_table_get_from_lladdr
                0x0000c956       0x48 contiki-sky.a(nbr-table.o)
                0x0000c956                nbr_table_get_from_lladdr
 .text.nbr_table_remove
                0x0000c99e       0x32 contiki-sky.a(nbr-table.o)
                0x0000c99e                nbr_table_remove
 .text.nbr_table_lock
                0x0000c9d0       0x10 contiki-sky.a(nbr-table.o)
                0x0000c9d0                nbr_table_lock
 .text.nbr_table_unlock
                0x0000c9e0       0x10 contiki-sky.a(nbr-table.o)
                0x0000c9e0                nbr_table_unlock
 .text.nbr_table_get_lladdr
                0x0000c9f0       0x5a contiki-sky.a(nbr-table.o)
                0x0000c9f0                nbr_table_get_lladdr
 .text.packetbuf_compact
                0x0000ca4a       0x2e contiki-sky.a(packetbuf.o)
                0x0000ca4a                packetbuf_compact
 .text.packetbuf_copyto
                0x0000ca78       0x52 contiki-sky.a(packetbuf.o)
                0x0000ca78                packetbuf_copyto
 .text.packetbuf_hdrreduce
                0x0000caca       0x1a contiki-sky.a(packetbuf.o)
                0x0000caca                packetbuf_hdrreduce
 .text.packetbuf_set_datalen
                0x0000cae4        0x6 contiki-sky.a(packetbuf.o)
                0x0000cae4                packetbuf_set_datalen
 .text.packetbuf_dataptr
                0x0000caea        0xe contiki-sky.a(packetbuf.o)
                0x0000caea                packetbuf_dataptr
 .text.packetbuf_hdrptr
                0x0000caf8        0xa contiki-sky.a(packetbuf.o)
                0x0000caf8                packetbuf_hdrptr
 .text.packetbuf_datalen
                0x0000cb02        0x6 contiki-sky.a(packetbuf.o)
                0x0000cb02                packetbuf_datalen
 .text.packetbuf_hdrlen
                0x0000cb08       0x10 contiki-sky.a(packetbuf.o)
                0x0000cb08                packetbuf_hdrlen
 .text.packetbuf_totlen
                0x0000cb18        0xc contiki-sky.a(packetbuf.o)
                0x0000cb18                packetbuf_totlen
 .text.packetbuf_hdralloc
                0x0000cb24       0x2e contiki-sky.a(packetbuf.o)
                0x0000cb24                packetbuf_hdralloc
 .text.packetbuf_attr_clear
                0x0000cb52       0x28 contiki-sky.a(packetbuf.o)
                0x0000cb52                packetbuf_attr_clear
 .text.packetbuf_clear
                0x0000cb7a       0x1a contiki-sky.a(packetbuf.o)
                0x0000cb7a                packetbuf_clear
 .text.packetbuf_copyfrom
                0x0000cb94       0x2e contiki-sky.a(packetbuf.o)
                0x0000cb94                packetbuf_copyfrom
 .text.packetbuf_attr_copyto
                0x0000cbc2       0x22 contiki-sky.a(packetbuf.o)
                0x0000cbc2                packetbuf_attr_copyto
 .text.packetbuf_attr_copyfrom
                0x0000cbe4       0x24 contiki-sky.a(packetbuf.o)
                0x0000cbe4                packetbuf_attr_copyfrom
 .text.packetbuf_holds_broadcast
                0x0000cc08        0xe contiki-sky.a(packetbuf.o)
                0x0000cc08                packetbuf_holds_broadcast
 .text.queuebuf_init
                0x0000cc16       0x12 contiki-sky.a(queuebuf.o)
                0x0000cc16                queuebuf_init
 .text.queuebuf_numfree
                0x0000cc28        0xa contiki-sky.a(queuebuf.o)
                0x0000cc28                queuebuf_numfree
 .text.queuebuf_new_from_packetbuf
                0x0000cc32       0x52 contiki-sky.a(queuebuf.o)
                0x0000cc32                queuebuf_new_from_packetbuf
 .text.queuebuf_free
                0x0000cc84       0x2a contiki-sky.a(queuebuf.o)
                0x0000cc84                queuebuf_free
 .text.queuebuf_to_packetbuf
                0x0000ccae       0x32 contiki-sky.a(queuebuf.o)
                0x0000ccae                queuebuf_to_packetbuf
 .text.bootstrap
                0x0000cce0        0x4 contiki-sky.a(nullsec.o)
 .text.send     0x0000cce4        0xa contiki-sky.a(nullsec.o)
 .text.on_frame_created
                0x0000ccee        0x4 contiki-sky.a(nullsec.o)
 .text.input    0x0000ccf2        0x6 contiki-sky.a(nullsec.o)
 .text.get_overhead
                0x0000ccf8        0x4 contiki-sky.a(nullsec.o)
 .text.coap_parse_int_option
                0x0000ccfc       0x46 contiki-sky.a(er-coap.o)
 .text.coap_set_option_header
                0x0000cd42       0xa6 contiki-sky.a(er-coap.o)
 .text.coap_serialize_int_option
                0x0000cde8       0xda contiki-sky.a(er-coap.o)
 .text.coap_get_variable
                0x0000cec2       0xbe contiki-sky.a(er-coap.o)
 .text.coap_serialize_array_option
                0x0000cf80       0xee contiki-sky.a(er-coap.o)
 .text.coap_merge_multi_option.part.1
                0x0000d06e       0x34 contiki-sky.a(er-coap.o)
 .text.coap_init_connection
                0x0000d0a2       0x22 contiki-sky.a(er-coap.o)
                0x0000d0a2                coap_init_connection
 .text.coap_get_mid
                0x0000d0c4        0xc contiki-sky.a(er-coap.o)
                0x0000d0c4                coap_get_mid
 .text.coap_init_message
                0x0000d0d0       0x30 contiki-sky.a(er-coap.o)
                0x0000d0d0                coap_init_message
 .text.coap_serialize_message
                0x0000d100      0x470 contiki-sky.a(er-coap.o)
                0x0000d100                coap_serialize_message
 .text.coap_send_message
                0x0000d570       0x4a contiki-sky.a(er-coap.o)
                0x0000d570                coap_send_message
 .text.coap_parse_message
                0x0000d5ba      0x554 contiki-sky.a(er-coap.o)
                0x0000d5ba                coap_parse_message
 .text.coap_get_query_variable
                0x0000db0e       0x1c contiki-sky.a(er-coap.o)
                0x0000db0e                coap_get_query_variable
 .text.coap_get_post_variable
                0x0000db2a       0x20 contiki-sky.a(er-coap.o)
                0x0000db2a                coap_get_post_variable
 .text.coap_set_status_code
                0x0000db4a       0x12 contiki-sky.a(er-coap.o)
                0x0000db4a                coap_set_status_code
 .text.coap_set_token
                0x0000db5c       0x24 contiki-sky.a(er-coap.o)
                0x0000db5c                coap_set_token
 .text.coap_get_header_content_format
                0x0000db80       0x18 contiki-sky.a(er-coap.o)
                0x0000db80                coap_get_header_content_format
 .text.coap_set_header_content_format
                0x0000db98        0xe contiki-sky.a(er-coap.o)
                0x0000db98                coap_set_header_content_format
 .text.coap_get_header_accept
                0x0000dba6       0x16 contiki-sky.a(er-coap.o)
                0x0000dba6                coap_get_header_accept
 .text.coap_get_header_max_age
                0x0000dbbc       0x26 contiki-sky.a(er-coap.o)
                0x0000dbbc                coap_get_header_max_age
 .text.coap_set_header_max_age
                0x0000dbe2       0x12 contiki-sky.a(er-coap.o)
                0x0000dbe2                coap_set_header_max_age
 .text.coap_set_header_etag
                0x0000dbf4       0x2a contiki-sky.a(er-coap.o)
                0x0000dbf4                coap_set_header_etag
 .text.coap_get_header_if_match
                0x0000dc1e       0x1c contiki-sky.a(er-coap.o)
                0x0000dc1e                coap_get_header_if_match
 .text.coap_get_header_if_none_match
                0x0000dc3a       0x10 contiki-sky.a(er-coap.o)
                0x0000dc3a                coap_get_header_if_none_match
 .text.coap_get_header_uri_host
                0x0000dc4a       0x18 contiki-sky.a(er-coap.o)
                0x0000dc4a                coap_get_header_uri_host
 .text.coap_get_header_uri_path
                0x0000dc62       0x18 contiki-sky.a(er-coap.o)
                0x0000dc62                coap_get_header_uri_path
 .text.coap_get_header_uri_query
                0x0000dc7a       0x16 contiki-sky.a(er-coap.o)
                0x0000dc7a                coap_get_header_uri_query
 .text.coap_set_header_location_query
                0x0000dc90       0x2c contiki-sky.a(er-coap.o)
                0x0000dc90                coap_set_header_location_query
 .text.coap_set_header_location_path
                0x0000dcbc       0x8c contiki-sky.a(er-coap.o)
                0x0000dcbc                coap_set_header_location_path
 .text.coap_set_header_observe
                0x0000dd48       0x12 contiki-sky.a(er-coap.o)
                0x0000dd48                coap_set_header_observe
 .text.coap_get_header_block2
                0x0000dd5a       0x4c contiki-sky.a(er-coap.o)
                0x0000dd5a                coap_get_header_block2
 .text.coap_set_header_block2
                0x0000dda6       0x40 contiki-sky.a(er-coap.o)
                0x0000dda6                coap_set_header_block2
 .text.coap_get_header_size2
                0x0000dde6       0x1e contiki-sky.a(er-coap.o)
                0x0000dde6                coap_get_header_size2
 .text.coap_set_header_size2
                0x0000de04       0x12 contiki-sky.a(er-coap.o)
                0x0000de04                coap_set_header_size2
 .text.coap_get_payload
                0x0000de16       0x1a contiki-sky.a(er-coap.o)
                0x0000de16                coap_get_payload
 .text.coap_set_payload
                0x0000de30       0x16 contiki-sky.a(er-coap.o)
                0x0000de30                coap_set_payload
 .text.spi_init
                0x0000de46       0x32 contiki-sky.a(spi.o)
                0x0000de46                spi_init
 .text.stimer_set
                0x0000de78       0x1c contiki-sky.a(stimer.o)
                0x0000de78                stimer_set
 .text.stimer_expired
                0x0000de94       0x30 contiki-sky.a(stimer.o)
                0x0000de94                stimer_expired
 .text.uip_udp_packet_send
                0x0000dec4       0x2e contiki-sky.a(uip-udp-packet.)
                0x0000dec4                uip_udp_packet_send
 .text.field_len
                0x0000def2       0x98 contiki-sky.a(frame802154.o)
 .text.frame802154_hdrlen
                0x0000df8a       0x2e contiki-sky.a(frame802154.o)
                0x0000df8a                frame802154_hdrlen
 .text.frame802154_create
                0x0000dfb8      0x146 contiki-sky.a(frame802154.o)
                0x0000dfb8                frame802154_create
 .text.frame802154_parse
                0x0000e0fe      0x1da contiki-sky.a(frame802154.o)
                0x0000e0fe                frame802154_parse
 .text.mac_call_sent_callback
                0x0000e2d8       0x14 contiki-sky.a(mac.o)
                0x0000e2d8                mac_call_sent_callback
 .text.libgcc   0x0000e2ec       0x2c /usr/lib/gcc/msp430/4.6.3/mmpy-16/libgcc.a(_mulsi3.o)
                0x0000e2ec                __mulsi3
 .text.libgcc   0x0000e318       0x22 /usr/lib/gcc/msp430/4.6.3/mmpy-16/libgcc.a(_udivmod16.o)
                0x0000e318                __udivhi3
                0x0000e318                __ext_udivmod16
                0x0000e332                __umodhi3
 .text.libgcc   0x0000e33a       0x3a /usr/lib/gcc/msp430/4.6.3/mmpy-16/libgcc.a(_divmod16.o)
                0x0000e33a                __ext_divmod16
                0x0000e33a                __divhi3
                0x0000e36c                __modhi3
 .text.libgcc   0x0000e374       0x40 /usr/lib/gcc/msp430/4.6.3/mmpy-16/libgcc.a(_udivmod32.o)
                0x0000e374                __udivsi3
                0x0000e374                __ext_udivmod32
                0x0000e3aa                __umodsi3
 .text.libgcc   0x0000e3b4       0x4c /usr/lib/gcc/msp430/4.6.3/mmpy-16/libgcc.a(_divmod32.o)
                0x0000e3b4                __ext_divmod32
                0x0000e3b4                __divsi3
                0x0000e3f6                __modsi3
 .text          0x0000e400       0x12 /usr/lib/gcc/msp430/4.6.3/../../../../msp430/lib/mmpy-16/libc.a(strchr.o)
                0x0000e400                strchr
 .text          0x0000e412       0x1c /usr/lib/gcc/msp430/4.6.3/../../../../msp430/lib/mmpy-16/libc.a(memchr.o)
                0x0000e412                memchr
 .text          0x0000e42e       0x28 /usr/lib/gcc/msp430/4.6.3/../../../../msp430/lib/mmpy-16/libc.a(strncmp.o)
                0x0000e42e                strncmp
 .text          0x0000e456       0x20 /usr/lib/gcc/msp430/4.6.3/../../../../msp430/lib/mmpy-16/libc.a(memcmp.o)
                0x0000e456                memcmp
 .text          0x0000e476       0x14 /usr/lib/gcc/msp430/4.6.3/../../../../msp430/lib/mmpy-16/libc.a(strcpy.o)
                0x0000e476                strcpy
 .text          0x0000e48a       0xfa /usr/lib/gcc/msp430/4.6.3/../../../../msp430/lib/mmpy-16/libc.a(memcpy.o)
                0x0000e48a                memcpy
 .text          0x0000e584       0xfa /usr/lib/gcc/msp430/4.6.3/../../../../msp430/lib/mmpy-16/libc.a(memmove.o)
                0x0000e584                memmove
 .text          0x0000e67e       0x6a /usr/lib/gcc/msp430/4.6.3/../../../../msp430/lib/mmpy-16/libc.a(memset.o)
                0x0000e67e                memset
 .text          0x0000e6e8       0x8a /usr/lib/gcc/msp430/4.6.3/../../../../msp430/lib/mmpy-16/libc.a(atoi.o)
                0x0000e6e8                atoi
 .text          0x0000e772       0x1e /usr/lib/gcc/msp430/4.6.3/../../../../msp430/lib/mmpy-16/libc.a(printf.o)
                0x0000e772                printf
                0x0000e782                vprintf
 .text          0x0000e790       0xbc /usr/lib/gcc/msp430/4.6.3/../../../../msp430/lib/mmpy-16/libc.a(sprintf.o)
                0x0000e7ee                sprintf
                0x0000e80a                snprintf
                0x0000e824                vsprintf
                0x0000e83a                vsnprintf
 .text          0x0000e84c      0x836 /usr/lib/gcc/msp430/4.6.3/../../../../msp430/lib/mmpy-16/libc.a(vuprintf.o)
                0x0000e9e4                vuprintf
 .text          0x0000f082       0x2c /usr/lib/gcc/msp430/4.6.3/../../../../msp430/lib/mmpy-16/libc.a(puts.o)
                0x0000f082                puts
 .text          0x0000f0ae       0x54 /usr/lib/gcc/msp430/4.6.3/../../../../msp430/lib/mmpy-16/libc.a(rand.o)
                0x0000f0ae                rand_r
                0x0000f0d2                rand
                0x0000f0f8                srand
 .text.libgcc   0x0000f102       0xf0 /usr/lib/gcc/msp430/4.6.3/mmpy-16/libgcc.a(_udivmod64.o)
                0x0000f102                __xabi_udivmod64
                0x0000f160                __udivdi3
                0x0000f186                __umoddi3
                0x0000f1b4                __udivmoddi4
 .text.crt0     0x0000f1f2        0x2 /usr/lib/gcc/msp430/4.6.3/mmpy-16/libcrt0.a(_unexpected_.o)
                0x0000f1f2                _unexpected_
                0x0000f1f4                . = ALIGN (0x2)

.rodata         0x0000f1f4      0x4ac
                0x0000f1f4                . = ALIGN (0x2)
 *(.rodata .rodata.* .gnu.linkonce.r.*)
 .rodata        0x0000f1f4       0x9c fireAlarm.co
                0x0000f24c                autostart_processes
 .rodata        0x0000f290      0x120 obj_sky/contiki-sky-main.o
 .rodata        0x0000f3b0       0xec contiki-sky.a(er-coap-engine.)
                0x0000f40a                coap_rest_implementation
 .rodata        0x0000f49c       0x11 contiki-sky.a(er-coap-observe)
 .rodata        0x0000f4ad       0x19 contiki-sky.a(er-coap-res-wel)
 .rodata        0x0000f4c6        0xc contiki-sky.a(rest-engine.o)
 .rodata        0x0000f4d2       0x10 contiki-sky.a(button-sensor.o)
                0x0000f4da                button_sensor
 .rodata        0x0000f4e2        0x8 contiki-sky.a(sensors.o)
 .rodata        0x0000f4ea       0x5a contiki-sky.a(cc2420.o)
                0x0000f506                cc2420_aes_128_driver
                0x0000f50a                cc2420_driver
 .rodata        0x0000f544        0xf contiki-sky.a(ctimer.o)
 .rodata        0x0000f553        0xc contiki-sky.a(etimer.o)
 *fill*         0x0000f55f        0x1 00
 .rodata        0x0000f560       0x24 contiki-sky.a(sicslowpan.o)
                0x0000f56c                sicslowpan_driver
                0x0000f572                llprefix
                0x0000f574                unc_mxconf
                0x0000f578                unc_ctxconf
                0x0000f57c                unc_llconf
 .rodata        0x0000f584        0xd contiki-sky.a(tcpip.o)
 .rodata        0x0000f591       0x29 contiki-sky.a(uip-debug.o)
 .rodata        0x0000f5ba        0x8 contiki-sky.a(framer-802154.o)
                0x0000f5ba                framer_802154
 .rodata        0x0000f5c2       0x16 contiki-sky.a(nullmac.o)
                0x0000f5ca                nullmac_driver
 .rodata        0x0000f5d8       0x18 contiki-sky.a(nullrdc.o)
                0x0000f5e0                nullrdc_driver
 .rodata        0x0000f5f0        0x8 contiki-sky.a(linkaddr.o)
                0x0000f5f0                linkaddr_null
 .rodata        0x0000f5f8       0x14 contiki-sky.a(nullsec.o)
                0x0000f600                nullsec_driver
 .rodata        0x0000f60c       0x8a contiki-sky.a(er-coap.o)
 .rodata        0x0000f696        0x2 contiki-sky.a(frame802154.o)
 .rodata        0x0000f698        0x7 /usr/lib/gcc/msp430/4.6.3/../../../../msp430/lib/mmpy-16/libc.a(vuprintf.o)
                0x0000f6a0                . = ALIGN (0x2)
 *fill*         0x0000f69f        0x1 00
                0x0000f6a0                _etext = .

.data           0x00001100      0x138 load address 0x0000f6a0
                0x00001100                . = ALIGN (0x2)
                0x00001100                PROVIDE (__data_start, .)
 *(.data .data.* .gnu.linkonce.d.*)
 .data          0x00001100       0x44 fireAlarm.co
                0x00001100                fireAlarm_main
                0x0000110a                Id
                0x0000111c                fireAlarm
                0x0000112e                periodic_fireAlarm
 .data          0x00001144        0xa contiki-sky.a(er-coap-engine.)
                0x00001144                coap_engine
 .data          0x0000114e        0x8 contiki-sky.a(er-coap-transac)
 .data          0x00001156        0x8 contiki-sky.a(er-coap-observe)
 .data          0x0000115e       0x12 contiki-sky.a(er-coap-res-wel)
                0x0000115e                res_well_known_core
 .data          0x00001170        0xa contiki-sky.a(rest-engine.o)
                0x00001170                rest_engine_process
 .data          0x0000117a        0x4 contiki-sky.a(contiki-sky-pla)
                0x0000117a                sensors
 .data          0x0000117e        0xa contiki-sky.a(sensors.o)
                0x0000117e                sensors_process
 .data          0x00001188        0xa contiki-sky.a(cc2420.o)
                0x00001188                cc2420_process
 .data          0x00001192        0x2 contiki-sky.a(msp430.o)
 .data          0x00001194        0xa contiki-sky.a(ctimer.o)
                0x00001194                ctimer_process
 .data          0x0000119e        0xa contiki-sky.a(etimer.o)
                0x0000119e                etimer_process
 .data          0x000011a8        0xa contiki-sky.a(uip-ds6-nbr.o)
                0x000011a8                ds6_neighbors
 .data          0x000011b2       0x20 contiki-sky.a(uip-ds6-route.o)
 .data          0x000011d2        0xc contiki-sky.a(uip-icmp6.o)
 .data          0x000011de        0xa contiki-sky.a(tcpip.o)
                0x000011de                tcpip_process
 .data          0x000011e8        0xa contiki-sky.a(rpl-dag.o)
                0x000011e8                rpl_parents
 .data          0x000011f2       0x1a contiki-sky.a(rpl-icmp6.o)
 .data          0x0000120c        0xe contiki-sky.a(rpl-mrhof.o)
                0x0000120c                rpl_mrhof
 .data          0x0000121a        0x8 contiki-sky.a(nbr-table.o)
 .data          0x00001222       0x10 contiki-sky.a(queuebuf.o)
 .data          0x00001232        0x2 contiki-sky.a(er-coap.o)
                0x00001232                coap_error_message
 .data          0x00001234        0x4 /usr/lib/gcc/msp430/4.6.3/../../../../msp430/lib/mmpy-16/libc.a(rand.o)
                0x00001238                . = ALIGN (0x2)
                0x00001238                _edata = .
                0x0000f6a0                PROVIDE (__data_load_start, LOADADDR (.data))
                0x00000138                PROVIDE (__data_size, SIZEOF (.data))

.bss            0x00001238     0x1c60 load address 0x0000f7d8
                0x00001238                PROVIDE (__bss_start, .)
 *(.bss .bss.*)
 .bss           0x00001238       0x14 fireAlarm.co
                0x00001238                room_id
 .bss           0x0000124c        0xc obj_sky/contiki-sky-main.o
 .bss           0x00001258      0x10c contiki-sky.a(er-coap-engine.)
 .bss           0x00001364      0x2f0 contiki-sky.a(er-coap-transac)
 .bss           0x00001654       0xa2 contiki-sky.a(er-coap-observe)
 .bss           0x000016f6        0x4 contiki-sky.a(rest-engine.o)
 .bss           0x000016fa        0x8 contiki-sky.a(button-sensor.o)
 .bss           0x00001702        0x2 contiki-sky.a(node-id.o)
                0x00001702                node_id
 .bss           0x00001704        0x6 contiki-sky.a(sensors.o)
 .bss           0x0000170a        0x8 contiki-sky.a(cc2420.o)
 .bss           0x00001712       0x9a contiki-sky.a(uart1.o)
 .bss           0x000017ac        0xa contiki-sky.a(clock.o)
 .bss           0x000017b6        0x1 contiki-sky.a(leds.o)
 *fill*         0x000017b7        0x1 00
 .bss           0x000017b8        0x2 contiki-sky.a(watchdog.o)
 .bss           0x000017ba        0x4 contiki-sky.a(ctimer.o)
 .bss           0x000017be        0x6 contiki-sky.a(etimer.o)
 .bss           0x000017c4       0x42 contiki-sky.a(process.o)
                0x000017c4                process_current
                0x000017c6                process_list
 .bss           0x00001806        0x2 contiki-sky.a(rtimer.o)
 .bss           0x00001808      0x1b0 contiki-sky.a(sicslowpan.o)
 .bss           0x000019b8        0xa contiki-sky.a(uip6.o)
                0x000019b8                uip_ext_opt_offset
                0x000019ba                uip_ext_len
                0x000019bc                uip_ext_bitmap
 .bss           0x000019c2       0x18 contiki-sky.a(uip-ds6.o)
 .bss           0x000019da      0x2f8 contiki-sky.a(uip-ds6-nbr.o)
 .bss           0x00001cd2      0x362 contiki-sky.a(uip-ds6-route.o)
 .bss           0x00002034       0x14 contiki-sky.a(uip-icmp6.o)
 .bss           0x00002048        0xe contiki-sky.a(tcpip.o)
 .bss           0x00002056        0x2 contiki-sky.a(rpl.o)
 .bss           0x00002058       0xf0 contiki-sky.a(rpl-dag.o)
 .bss           0x00002148       0x18 contiki-sky.a(rpl-timers.o)
 .bss           0x00002160        0x2 contiki-sky.a(framer-802154.o)
 .bss           0x00002162      0x118 contiki-sky.a(nbr-table.o)
 .bss           0x0000227a       0xb8 contiki-sky.a(packetbuf.o)
 .bss           0x00002332      0x5a0 contiki-sky.a(queuebuf.o)
 .bss           0x000028d2        0x6 contiki-sky.a(er-coap.o)
                0x000028d2                erbium_status_code
 .bss           0x000028d8        0x4 /usr/lib/gcc/msp430/4.6.3/../../../../msp430/lib/mmpy-16/libc.a(sprintf.o)
 *(COMMON)
 COMMON         0x000028dc        0x2 contiki-sky.a(contiki-sky-pla)
                0x000028dc                sensors_flags
 COMMON         0x000028de        0x8 contiki-sky.a(ds2411.o)
                0x000028de                ds2411_id
 COMMON         0x000028e6        0x1 contiki-sky.a(sensors.o)
                0x000028e6                sensors_event
 *fill*         0x000028e7        0x1 00
 COMMON         0x000028e8       0x10 contiki-sky.a(cc2420.o)
                0x000028e8                cc2420_last_rssi
                0x000028ea                cc2420_sfd_start_time
                0x000028ec                cc2420_time_of_departure
                0x000028ee                cc2420_time_of_arrival
                0x000028f0                cc2420_last_correlation
                0x000028f2                cc2420_authority_level_of_sender
                0x000028f4                cc2420_sfd_counter
                0x000028f6                cc2420_sfd_end_time
 COMMON         0x000028f8        0x2 contiki-sky.a(msp430.o)
                0x000028f8                msp430_dco_required
 COMMON         0x000028fa       0x56 contiki-sky.a(energest.o)
                0x000028fa                energest_total_time
                0x0000292a                energest_total_count
                0x0000292c                energest_current_mode
                0x00002938                energest_current_time
 COMMON         0x00002950        0x1 contiki-sky.a(process.o)
                0x00002950                process_maxevents
 *fill*         0x00002951        0x1 00
 COMMON         0x00002952        0x8 contiki-sky.a(sicslowpan.o)
                0x00002952                frag_sender
 COMMON         0x0000295a      0x2cc contiki-sky.a(uip6.o)
                0x0000295a                uip_len
                0x0000295c                uip_sappdata
                0x0000295e                uip_lladdr
                0x00002966                uip_aligned_buf
                0x00002ae2                uip_flags
                0x00002ae4                uip_next_hdr
                0x00002ae6                uip_udp_conn
                0x00002ae8                uip_appdata
                0x00002aea                uip_conn
                0x00002aec                uip_slen
                0x00002aee                uip_udp_conns
 COMMON         0x00002c26      0x15c contiki-sky.a(uip-ds6.o)
                0x00002c26                uip_ds6_timer_ra
                0x00002c2e                uip_ds6_if
                0x00002d1a                uip_ds6_netif_addr_list_offset
                0x00002d1b                uip_ds6_addr_size
                0x00002d1c                uip_ds6_prefix_list
                0x00002d76                uip_ds6_timer_periodic
 COMMON         0x00002d82        0x1 contiki-sky.a(tcpip.o)
                0x00002d82                tcpip_event
 *fill*         0x00002d83        0x1 00
 COMMON         0x00002d84       0xde contiki-sky.a(rpl-dag.o)
                0x00002d84                default_instance
                0x00002d86                instance_table
 COMMON         0x00002e62        0x8 contiki-sky.a(linkaddr.o)
                0x00002e62                linkaddr_node_addr
 COMMON         0x00002e6a       0x2e contiki-sky.a(packetbuf.o)
                0x00002e6a                packetbuf_addrs
                0x00002e7a                packetbuf_attrs
                0x00002e98                . = ALIGN (0x2)
                0x00002e98                PROVIDE (__bss_end, .)
                0x00001c60                PROVIDE (__bss_size, SIZEOF (.bss))

.noinit         0x00002e98        0x2 load address 0x0000f7d8
                0x00002e98                PROVIDE (__noinit_start, .)
 *(.noinit .noinit.*)
 .noinit.crt0   0x00002e98        0x2 /usr/lib/gcc/msp430/4.6.3/mmpy-16/libcrt0.a(__watchdog_support.o)
                0x00002e98                __wdt_clear_value
                0x00002e9a                . = ALIGN (0x2)
                0x00002e9a                PROVIDE (__noinit_end, .)
                0x00002e9a                . = ALIGN (0x2)
                0x00002e9a                _end = .

.infomem        0x00001000        0x0
 *(.infomem)
                0x00001000                . = ALIGN (0x2)
 *(.infomem.*)

.infomemnobits  0x00001000        0x0
 *(.infomemnobits)
                0x00001000                . = ALIGN (0x2)
 *(.infomemnobits.*)

.infoa
 *(.infoa .infoa.*)

.infob
 *(.infob .infob.*)

.infoc
 *(.infoc .infoc.*)

.infod
 *(.infod .infod.*)

.vectors        0x0000ffe0       0x20
                0x0000ffe0                PROVIDE (__vectors_start, .)
 *(.vectors*)
 .vectors       0x0000ffe0       0x20 /usr/lib/gcc/msp430/4.6.3/mmpy-16/crt0ivtbl16.o
                0x0000ffe0                __ivtbl_16
                0x00010000                _vectors_end = .

.fartext        0x00000000        0x0
                0x00000000                . = ALIGN (0x2)
 *(.fartext)
                0x00000000                . = ALIGN (0x2)
 *(.fartext.*)
                0x00000000                _efartext = .

.profiler
 *(.profiler)

.stab           0x00000000    0x2ac24
 *(.stab)
 .stab          0x00000000     0x1ddc fireAlarm.co
 .stab          0x00001ddc     0x129c obj_sky/contiki-sky-main.o
                               0x1b0c (size before relaxing)
 .stab          0x00003078     0x1104 contiki-sky.a(er-coap-engine.)
                               0x225c (size before relaxing)
 .stab          0x0000417c      0xa20 contiki-sky.a(er-coap-transac)
                               0x1cd4 (size before relaxing)
 .stab          0x00004b9c      0xdb0 contiki-sky.a(er-coap-observe)
                               0x20d0 (size before relaxing)
 .stab          0x0000594c      0x840 contiki-sky.a(er-coap-res-wel)
                               0x1c14 (size before relaxing)
 .stab          0x0000618c      0x84c contiki-sky.a(rest-engine.o)
                                0xe28 (size before relaxing)
 .stab          0x000069d8      0x264 contiki-sky.a(contiki-sky-pla)
                                0x5b8 (size before relaxing)
 .stab          0x00006c3c      0x468 contiki-sky.a(button-sensor.o)
                                0x7d4 (size before relaxing)
 .stab          0x000070a4      0x624 contiki-sky.a(ds2411.o)
                                0xb40 (size before relaxing)
 .stab          0x000076c8      0xa38 contiki-sky.a(xmem.o)
                                0xf60 (size before relaxing)
 .stab          0x00008100      0x2b8 contiki-sky.a(node-id.o)
                                0x4e0 (size before relaxing)
 .stab          0x000083b8      0x654 contiki-sky.a(sensors.o)
                                0xb70 (size before relaxing)
 .stab          0x00008a0c     0x25e0 contiki-sky.a(cc2420.o)
                               0x2cac (size before relaxing)
 .stab          0x0000afec      0x5ac contiki-sky.a(cc2420-arch.o)
                               0x1728 (size before relaxing)
 .stab          0x0000b598      0x60c contiki-sky.a(uart1.o)
                                0x960 (size before relaxing)
 .stab          0x0000bba4      0x27c contiki-sky.a(uart1-putchar.o)
                                0x7bc (size before relaxing)
 .stab          0x0000be20      0x744 contiki-sky.a(msp430.o)
                                0xa98 (size before relaxing)
 .stab          0x0000c564      0x948 contiki-sky.a(clock.o)
                                0xc9c (size before relaxing)
 .stab          0x0000ceac      0x5dc contiki-sky.a(leds.o)
                                0x828 (size before relaxing)
 .stab          0x0000d488      0x3a8 contiki-sky.a(leds-arch.o)
                                0x6fc (size before relaxing)
 .stab          0x0000d830      0x3fc contiki-sky.a(watchdog.o)
                                0x750 (size before relaxing)
 .stab          0x0000dc2c      0x3cc contiki-sky.a(rtimer-arch.o)
                                0x720 (size before relaxing)
 .stab          0x0000dff8      0x288 contiki-sky.a(autostart.o)
                                0x534 (size before relaxing)
 .stab          0x0000e280      0x7a4 contiki-sky.a(ctimer.o)
                                0xb10 (size before relaxing)
 .stab          0x0000ea24      0x474 contiki-sky.a(energest.o)
                                0x6fc (size before relaxing)
 .stab          0x0000ee98      0xa38 contiki-sky.a(etimer.o)
                                0xd08 (size before relaxing)
 .stab          0x0000f8d0      0xb7c contiki-sky.a(process.o)
                               0x1014 (size before relaxing)
 .stab          0x0001044c      0x3d8 contiki-sky.a(rtimer.o)
                                0x6c0 (size before relaxing)
 .stab          0x00010824      0x354 contiki-sky.a(timer.o)
                                0x594 (size before relaxing)
 .stab          0x00010b78      0x7f8 contiki-sky.a(list.o)
                                0x804 (size before relaxing)
 .stab          0x00011370      0x5c4 contiki-sky.a(memb.o)
                                0xaf8 (size before relaxing)
 .stab          0x00011934      0x228 contiki-sky.a(random.o)
                                0x624 (size before relaxing)
 .stab          0x00011b5c     0x1f98 contiki-sky.a(sicslowpan.o)
                               0x2ee0 (size before relaxing)
 .stab          0x00013af4     0x1524 contiki-sky.a(uip6.o)
                               0x20dc (size before relaxing)
 .stab          0x00015018     0x13d4 contiki-sky.a(uip-ds6.o)
                               0x1f74 (size before relaxing)
 .stab          0x000163ec      0xcd8 contiki-sky.a(uip-ds6-nbr.o)
                               0x1710 (size before relaxing)
 .stab          0x000170c4     0x1260 contiki-sky.a(uip-ds6-route.o)
                               0x1de8 (size before relaxing)
 .stab          0x00018324      0xcf0 contiki-sky.a(uip-icmp6.o)
                               0x1968 (size before relaxing)
 .stab          0x00019014      0x57c contiki-sky.a(uip-nd6.o)
                               0x1158 (size before relaxing)
 .stab          0x00019590      0xd14 contiki-sky.a(tcpip.o)
                               0x1f5c (size before relaxing)
 .stab          0x0001a2a4      0x444 contiki-sky.a(uip-debug.o)
                                0xbd0 (size before relaxing)
 .stab          0x0001a6e8      0xa8c contiki-sky.a(rpl.o)
                               0x17b8 (size before relaxing)
 .stab          0x0001b174     0x2f10 contiki-sky.a(rpl-dag.o)
                               0x3c18 (size before relaxing)
 .stab          0x0001e084      0xa50 contiki-sky.a(rpl-ext-header.)
                               0x180c (size before relaxing)
 .stab          0x0001ead4     0x17ac contiki-sky.a(rpl-icmp6.o)
                               0x25b0 (size before relaxing)
 .stab          0x00020280      0x8ac contiki-sky.a(rpl-mrhof.o)
                               0x159c (size before relaxing)
 .stab          0x00020b2c      0xbdc contiki-sky.a(rpl-timers.o)
                               0x18cc (size before relaxing)
 .stab          0x00021708      0x930 contiki-sky.a(framer-802154.o)
                                0xf54 (size before relaxing)
 .stab          0x00022038      0x3fc contiki-sky.a(framer.o)
                                0xc54 (size before relaxing)
 .stab          0x00022434      0x96c contiki-sky.a(nullmac.o)
                                0xdd4 (size before relaxing)
 .stab          0x00022da0      0x90c contiki-sky.a(nullrdc.o)
                               0x105c (size before relaxing)
 .stab          0x000236ac      0x2c4 contiki-sky.a(linkaddr.o)
                                0x6c0 (size before relaxing)
 .stab          0x00023970      0xd80 contiki-sky.a(nbr-table.o)