Archive member included because of file (symbol)

contiki-sky.a(er-coap-engine.)
                              fireAlarm.co (coap_rest_implementation)
contiki-sky.a(er-coap-transac)
                              contiki-sky.a(er-coap-engine.) (coap_register_as_transaction_handler)
contiki-sky.a(er-coap-observe)
                              contiki-sky.a(er-coap-transac) (coap_remove_observer_by_client)
contiki-sky.a(er-coap-res-wel)
                              contiki-sky.a(er-coap-engine.) (res_well_known_core)
contiki-sky.a(rest-engine.o)  fireAlarm.co (rest_init_engine)
contiki-sky.a(contiki-sky-pla)
                              obj_sky/contiki-sky-main.o (init_platform)
contiki-sky.a(button-sensor.o)
                              contiki-sky.a(contiki-sky-pla) (button_sensor)
contiki-sky.a(ds2411.o)       obj_sky/contiki-sky-main.o (ds2411_init)
contiki-sky.a(xmem.o)         obj_sky/contiki-sky-main.o (xmem_init)
contiki-sky.a(node-id.o)      obj_sky/contiki-sky-main.o (node_id_restore)
contiki-sky.a(sensors.o)      contiki-sky.a(button-sensor.o) (sensors_changed)
contiki-sky.a(cc2420.o)       obj_sky/contiki-sky-main.o (cc2420_set_pan_addr)
contiki-sky.a(cc2420-arch.o)  contiki-sky.a(cc2420.o) (cc2420_arch_init)
contiki-sky.a(uart1.o)        obj_sky/contiki-sky-main.o (uart1_active)
contiki-sky.a(uart1-putchar.o)
                              obj_sky/contiki-sky-main.o (putchar)
contiki-sky.a(msp430.o)       contiki-sky.a(uart1.o) (msp430_add_lpm_req)
contiki-sky.a(clock.o)        obj_sky/contiki-sky-main.o (clock_init)
contiki-sky.a(leds.o)         obj_sky/contiki-sky-main.o (leds_init)
contiki-sky.a(leds-arch.o)    contiki-sky.a(leds.o) (leds_arch_init)
contiki-sky.a(watchdog.o)     obj_sky/contiki-sky-main.o (watchdog_start)
contiki-sky.a(rtimer-arch.o)  obj_sky/contiki-sky-main.o (rtimer_arch_now)
contiki-sky.a(autostart.o)    obj_sky/contiki-sky-main.o (autostart_start)
contiki-sky.a(ctimer.o)       obj_sky/contiki-sky-main.o (ctimer_init)
contiki-sky.a(energest.o)     obj_sky/contiki-sky-main.o (energest_init)
contiki-sky.a(etimer.o)       contiki-sky.a(clock.o) (etimer_request_poll)
contiki-sky.a(process.o)      contiki-sky.a(er-coap-engine.) (process_current)
contiki-sky.a(rtimer.o)       obj_sky/contiki-sky-main.o (rtimer_init)
contiki-sky.a(timer.o)        obj_sky/contiki-sky-main.o (timer_set)
contiki-sky.a(list.o)         contiki-sky.a(rest-engine.o) (list_init)
contiki-sky.a(memb.o)         contiki-sky.a(er-coap-transac) (memb_alloc)
contiki-sky.a(random.o)       obj_sky/contiki-sky-main.o (random_init)
contiki-sky.a(sicslowpan.o)   obj_sky/contiki-sky-main.o (sicslowpan_driver)
contiki-sky.a(uip6.o)         contiki-sky.a(er-coap-engine.) (uip_aligned_buf)
contiki-sky.a(uip-ds6.o)      contiki-sky.a(uip6.o) (uip_ds6_is_addr_onlink)
contiki-sky.a(uip-ds6-nbr.o)  contiki-sky.a(uip-ds6.o) (uip_ds6_neighbors_init)
contiki-sky.a(uip-ds6-route.o)
                              contiki-sky.a(uip-ds6.o) (uip_ds6_route_init)
contiki-sky.a(uip-icmp6.o)    contiki-sky.a(uip6.o) (uip_icmp6_input)
contiki-sky.a(uip-nd6.o)      contiki-sky.a(uip6.o) (uip_nd6_init)
contiki-sky.a(tcpip.o)        contiki-sky.a(sicslowpan.o) (tcpip_set_outputfunc)
contiki-sky.a(uip-debug.o)    contiki-sky.a(uip-ds6-route.o) (uip_debug_ipaddr_print)
contiki-sky.a(rpl.o)          contiki-sky.a(uip-ds6-nbr.o) (rpl_link_neighbor_callback)
contiki-sky.a(rpl-dag.o)      contiki-sky.a(rpl.o) (default_instance)
contiki-sky.a(rpl-ext-header.)
                              contiki-sky.a(uip6.o) (rpl_verify_header)
contiki-sky.a(rpl-icmp6.o)    contiki-sky.a(rpl.o) (dao_output_target)
contiki-sky.a(rpl-mrhof.o)    contiki-sky.a(rpl.o) (rpl_mrhof)
contiki-sky.a(rpl-timers.o)   contiki-sky.a(rpl.o) (rpl_reset_periodic_timer)
contiki-sky.a(framer-802154.o)
                              contiki-sky.a(sicslowpan.o) (framer_802154)
contiki-sky.a(framer.o)       contiki-sky.a(framer-802154.o) (framer_canonical_create_and_secure)
contiki-sky.a(nullmac.o)      obj_sky/contiki-sky-main.o (nullmac_driver)
contiki-sky.a(nullrdc.o)      obj_sky/contiki-sky-main.o (nullrdc_driver)
contiki-sky.a(linkaddr.o)     obj_sky/contiki-sky-main.o (linkaddr_copy)
contiki-sky.a(nbr-table.o)    contiki-sky.a(uip-ds6-nbr.o) (nbr_table_register)
contiki-sky.a(packetbuf.o)    contiki-sky.a(framer.o) (packetbuf_compact)
contiki-sky.a(queuebuf.o)     obj_sky/contiki-sky-main.o (queuebuf_init)
contiki-sky.a(nullsec.o)      obj_sky/contiki-sky-main.o (nullsec_driver)
contiki-sky.a(er-coap.o)      contiki-sky.a(er-coap-engine.) (coap_init_connection)
contiki-sky.a(spi.o)          contiki-sky.a(xmem.o) (spi_init)
contiki-sky.a(stimer.o)       contiki-sky.a(uip-ds6.o) (stimer_set)
contiki-sky.a(uip-udp-packet.)
                              contiki-sky.a(er-coap.o) (uip_udp_packet_send)
contiki-sky.a(frame802154.o)  contiki-sky.a(framer-802154.o) (frame802154_hdrlen)
contiki-sky.a(mac.o)          contiki-sky.a(nullrdc.o) (mac_call_sent_callback)
[...]
Memory Configuration

Name             Origin             Length             Attributes
sfr              0x00000000         0x00000010
peripheral_8bit  0x00000010         0x000000f0
peripheral_16bit 0x00000100         0x00000100
ram_mirror       0x00000200         0x00000800         xw
infomem          0x00001000         0x00000100
infob            0x00001000         0x00000080
infoa            0x00001080         0x00000080
ram              0x00001100         0x00002800         xw
rom              0x00004000         0x0000bfe0         xr
vectors          0x0000ffe0         0x00000020
bsl              0x00000000         0x00000000
infoc            0x00000000         0x00000000
infod            0x00000000         0x00000000
ram2             0x00000000         0x00000000         xw
usbram           0x00000000         0x00000000         xw
far_rom          0x00000000         0x00000000
*default*        0x00000000         0xffffffff

Linker script and memory map

LOAD /usr/lib/gcc/msp430/4.6.3/mmpy-16/crt0ivtbl16.o
LOAD fireAlarm.co
LOAD obj_sky/contiki-sky-main.o
LOAD contiki-sky.a
LOAD /usr/lib/gcc/msp430/4.6.3/mmpy-16/libgcc.a
LOAD /usr/lib/gcc/msp430/4.6.3/../../../../msp430/lib/mmpy-16/libc.a
LOAD /usr/lib/gcc/msp430/4.6.3/mmpy-16/libgcc.a
LOAD /usr/lib/gcc/msp430/4.6.3/mmpy-16/libcrt0.a
                0x00000080                PROVIDE (__info_segment_size, 0x80)
                0x00001000                PROVIDE (__infob, 0x1000)
                0x00001080                PROVIDE (__infoa, 0x1080)
                0x00000000                __IE1 = 0x0
                0x00000002                __IFG1 = 0x2
                0x00000004                __ME1 = 0x4
                0x00000001                __IE2 = 0x1
                0x00000003                __IFG2 = 0x3
                0x00000005                __ME2 = 0x5
                0x00000120                __WDTCTL = 0x120
                0x00000130                __MPY = 0x130
                0x00000132                __MPYS = 0x132
                0x00000134                __MAC = 0x134
                0x00000136                __MACS = 0x136
                0x00000138                __OP2 = 0x138
                0x0000013a                __RESLO = 0x13a
                0x0000013c                __RESHI = 0x13c
                0x0000013e                __SUMEXT = 0x13e
                0x00000020                __P1IN = 0x20
                0x00000021                __P1OUT = 0x21
                0x00000022                __P1DIR = 0x22
                0x00000023                __P1IFG = 0x23
                0x00000024                __P1IES = 0x24
                0x00000025                __P1IE = 0x25
                0x00000026                __P1SEL = 0x26
                0x00000028                __P2IN = 0x28
                0x00000029                __P2OUT = 0x29
                0x0000002a                __P2DIR = 0x2a
                0x0000002b                __P2IFG = 0x2b
                0x0000002c                __P2IES = 0x2c
                0x0000002d                __P2IE = 0x2d
                0x0000002e                __P2SEL = 0x2e
                0x00000018                __P3IN = 0x18
                0x00000019                __P3OUT = 0x19
                0x0000001a                __P3DIR = 0x1a
                0x0000001b                __P3SEL = 0x1b
                0x0000001c                __P4IN = 0x1c
                0x0000001d                __P4OUT = 0x1d
                0x0000001e                __P4DIR = 0x1e
                0x0000001f                __P4SEL = 0x1f
                0x00000030                __P5IN = 0x30
                0x00000031                __P5OUT = 0x31
                0x00000032                __P5DIR = 0x32
                0x00000033                __P5SEL = 0x33
                0x00000034                __P6IN = 0x34
                0x00000035                __P6OUT = 0x35
                0x00000036                __P6DIR = 0x36
                0x00000037                __P6SEL = 0x37
                0x00000070                __U0CTL = 0x70
                0x00000071                __U0TCTL = 0x71
                0x00000072                __U0RCTL = 0x72
                0x00000073                __U0MCTL = 0x73
                0x00000074                __U0BR0 = 0x74
                0x00000075                __U0BR1 = 0x75
                0x00000076                __U0RXBUF = 0x76
                0x00000077                __U0TXBUF = 0x77
                0x00000078                __U1CTL = 0x78
                0x00000079                __U1TCTL = 0x79
                0x0000007a                __U1RCTL = 0x7a
                0x0000007b                __U1MCTL = 0x7b
                0x0000007c                __U1BR0 = 0x7c
                0x0000007d                __U1BR1 = 0x7d
                0x0000007e                __U1RXBUF = 0x7e
                0x0000007f                __U1TXBUF = 0x7f
                0x00000050                __I2CIE = 0x50
                0x00000051                __I2CIFG = 0x51
                0x00000052                __I2CNDAT = 0x52
                0x00000071                __I2CTCTL = 0x71
                0x00000072                __I2CDCTL = 0x72
                0x00000073                __I2CPSC = 0x73
                0x00000074                __I2CSCLH = 0x74
                0x00000075                __I2CSCLL = 0x75
                0x00000076                __I2CDRB = 0x76
                0x00000076                __I2CDRW = 0x76
                0x00000118                __I2COA = 0x118
                0x0000011a                __I2CSA = 0x11a
                0x0000011c                __I2CIV = 0x11c
                0x0000012e                __TAIV = 0x12e
                0x00000160                __TACTL = 0x160
                0x00000162                __TACCTL0 = 0x162
                0x00000164                __TACCTL1 = 0x164
                0x00000166                __TACCTL2 = 0x166
                0x00000170                __TAR = 0x170
                0x00000172                __TACCR0 = 0x172
                0x00000174                __TACCR1 = 0x174
                0x00000176                __TACCR2 = 0x176
                0x0000011e                __TBIV = 0x11e
                0x00000180                __TBCTL = 0x180
                0x00000182                __TBCCTL0 = 0x182
                0x00000184                __TBCCTL1 = 0x184
                0x00000186                __TBCCTL2 = 0x186
                0x00000188                __TBCCTL3 = 0x188
                0x0000018a                __TBCCTL4 = 0x18a
                0x0000018c                __TBCCTL5 = 0x18c
                0x0000018e                __TBCCTL6 = 0x18e
                0x00000190                __TBR = 0x190
                0x00000192                __TBCCR0 = 0x192
                0x00000194                __TBCCR1 = 0x194
                0x00000196                __TBCCR2 = 0x196
                0x00000198                __TBCCR3 = 0x198
                0x0000019a                __TBCCR4 = 0x19a
                0x0000019c                __TBCCR5 = 0x19c
                0x0000019e                __TBCCR6 = 0x19e
                0x00000056                __DCOCTL = 0x56
                0x00000057                __BCSCTL1 = 0x57
                0x00000058                __BCSCTL2 = 0x58
                0x00000055                __SVSCTL = 0x55
                0x00000128                __FCTL1 = 0x128
                0x0000012a                __FCTL2 = 0x12a
                0x0000012c                __FCTL3 = 0x12c
                0x00000059                __CACTL1 = 0x59
                0x0000005a                __CACTL2 = 0x5a
                0x0000005b                __CAPD = 0x5b
                0x000001a0                __ADC12CTL0 = 0x1a0
                0x000001a2                __ADC12CTL1 = 0x1a2
                0x000001a4                __ADC12IFG = 0x1a4
                0x000001a6                __ADC12IE = 0x1a6
                0x000001a8                __ADC12IV = 0x1a8
                0x00000140                __ADC12MEM0 = 0x140
                0x00000142                __ADC12MEM1 = 0x142
                0x00000144                __ADC12MEM2 = 0x144
                0x00000146                __ADC12MEM3 = 0x146
                0x00000148                __ADC12MEM4 = 0x148
                0x0000014a                __ADC12MEM5 = 0x14a
                0x0000014c                __ADC12MEM6 = 0x14c
                0x0000014e                __ADC12MEM7 = 0x14e
                0x00000150                __ADC12MEM8 = 0x150
                0x00000152                __ADC12MEM9 = 0x152
                0x00000154                __ADC12MEM10 = 0x154
                0x00000156                __ADC12MEM11 = 0x156
                0x00000158                __ADC12MEM12 = 0x158
                0x0000015a                __ADC12MEM13 = 0x15a
                0x0000015c                __ADC12MEM14 = 0x15c
                0x0000015e                __ADC12MEM15 = 0x15e
                0x00000080                __ADC12MCTL0 = 0x80
                0x00000081                __ADC12MCTL1 = 0x81
                0x00000082                __ADC12MCTL2 = 0x82
                0x00000083                __ADC12MCTL3 = 0x83
                0x00000084                __ADC12MCTL4 = 0x84
                0x00000085                __ADC12MCTL5 = 0x85
                0x00000086                __ADC12MCTL6 = 0x86
                0x00000087                __ADC12MCTL7 = 0x87
                0x00000088                __ADC12MCTL8 = 0x88
                0x00000089                __ADC12MCTL9 = 0x89
                0x0000008a                __ADC12MCTL10 = 0x8a
                0x0000008b                __ADC12MCTL11 = 0x8b
                0x0000008c                __ADC12MCTL12 = 0x8c
                0x0000008d                __ADC12MCTL13 = 0x8d
                0x0000008e                __ADC12MCTL14 = 0x8e
                0x0000008f                __ADC12MCTL15 = 0x8f
                0x000001c0                __DAC12_0CTL = 0x1c0
                0x000001c2                __DAC12_1CTL = 0x1c2
                0x000001c8                __DAC12_0DAT = 0x1c8
                0x000001ca                __DAC12_1DAT = 0x1ca
                0x00000122                __DMACTL0 = 0x122
                0x00000124                __DMACTL1 = 0x124
                0x000001e0                __DMA0CTL = 0x1e0
                0x000001e8                __DMA1CTL = 0x1e8
                0x000001f0                __DMA2CTL = 0x1f0
                0x000001e2                __DMA0SA = 0x1e2
                0x000001e4                __DMA0DA = 0x1e4
                0x000001e6                __DMA0SZ = 0x1e6
                0x000001ea                __DMA1SA = 0x1ea
                0x000001ec                __DMA1DA = 0x1ec
                0x000001ee                __DMA1SZ = 0x1ee
                0x000001f2                __DMA2SA = 0x1f2
                0x000001f4                __DMA2DA = 0x1f4
                0x000001f6                __DMA2SZ = 0x1f6

.hash
 *(.hash)

.dynsym
 *(.dynsym)

.dynstr
 *(.dynstr)

.gnu.version
 *(.gnu.version)

.gnu.version_d
 *(.gnu.version_d)

.gnu.version_r
 *(.gnu.version_r)

.rel.init
 *(.rel.init)

.rela.init
 *(.rela.init)

.rel.fini
 *(.rel.fini)

.rela.fini
 *(.rela.fini)

.rel.text
 *(.rel.text .rel.text.* .rel.gnu.linkonce.t.*)

.rela.text
 *(.rela.text .rela.text.* .rela.gnu.linkonce.t.*)

.rel.rodata
 *(.rel.rodata .rel.rodata.* .rel.gnu.linkonce.r.*)

.rela.rodata
 *(.rela.rodata .rela.rodata.* .rela.gnu.linkonce.r.*)

.rel.data
 *(.rel.data .rel.data.* .rel.gnu.linkonce.d.*)

.rela.data
 *(.rela.data .rela.data.* .rela.gnu.linkonce.d.*)

.rel.bss
 *(.rel.bss .rel.bss.* .rel.gnu.linkonce.b.*)

.rela.bss
 *(.rela.bss .rela.bss.* .rela.gnu.linkonce.b.*)

.rel.ctors
 *(.rel.ctors)

.rela.ctors
 *(.rela.ctors)

.rel.dtors
 *(.rel.dtors)

.rela.dtors
 *(.rela.dtors)

.rel.got
 *(.rel.got)

.rela.got
 *(.rela.got)

.rel.plt
 *(.rel.plt)

.rela.plt
 *(.rela.plt)

.text           0x00004000     0xb1c8
                0x00004000                . = ALIGN (0x2)
 *(.init .init.*)
 *(.init0)
 .init0         0x00004000        0x0 /usr/lib/gcc/msp430/4.6.3/mmpy-16/libcrt0.a(_reset_vector__.o)
                0x00004000                _reset_vector__
 *(.init1)
 .init1         0x00004000        0xc /usr/lib/gcc/msp430/4.6.3/mmpy-16/libcrt0.a(__watchdog_support.o)
                0x00004000                __watchdog_support
 *(.init2)
 .init2         0x0000400c        0x4 /usr/lib/gcc/msp430/4.6.3/mmpy-16/libcrt0.a(__init_stack.o)
                0x0000400c                __init_stack
 *(.init3)
 .init3         0x00004010        0x0 /usr/lib/gcc/msp430/4.6.3/mmpy-16/libcrt0.a(__low_level_init.o)
                0x00004010                __low_level_init
 *(.init4)
 .init4         0x00004010       0x18 /usr/lib/gcc/msp430/4.6.3/mmpy-16/libcrt0.a(_copy_data.o)
                0x00004010                __do_copy_data
 .init4         0x00004028       0x16 /usr/lib/gcc/msp430/4.6.3/mmpy-16/libcrt0.a(_clear_bss.o)
                0x00004028                __do_clear_bss
 *(.init5)
 *(.init6)
 *(.init7)
 *(.init8)
 *(.init9)
 .init9         0x0000403e      0x2d8 obj_sky/contiki-sky-main.o
                0x0000403e                main
 *(.fini9)
 .fini9         0x00004316        0x0 /usr/lib/gcc/msp430/4.6.3/mmpy-16/libcrt0.a(__stop_progExec__.o)
                0x00004316                __stop_progExec__
 *(.fini8)
 *(.fini7)
 *(.fini6)
 *(.fini5)
 *(.fini4)
 *(.fini3)
 *(.fini2)
 *(.fini1)
 *(.fini0)
 .fini0         0x00004316        0x6 /usr/lib/gcc/msp430/4.6.3/mmpy-16/libcrt0.a(_endless_loop__.o)
                0x00004316                _endless_loop__
 *(.fini .fini.*)
                0x0000431c                . = ALIGN (0x2)
                0x0000431c                __ctors_start = .
 *(.ctors)
                0x0000431c                __ctors_end = .
                0x0000431c                __dtors_start = .
 *(.dtors)
                0x0000431c                __dtors_end = .
                0x0000431c                . = ALIGN (0x2)
 *(.text .text.* .gnu.linkonce.t.*)
 .text          0x0000431c        0x4 /usr/lib/gcc/msp430/4.6.3/mmpy-16/crt0ivtbl16.o
                0x0000431c                __isr_14
                0x0000431c                __isr_11
                0x0000431c                __isr_2
                0x0000431c                __isr_7
                0x0000431c                __isr_0
                0x0000431c                __isr_8
                0x0000431c                __isr_3
                0x0000431c                __isr_12
                0x0000431c                __isr_13
                0x0000431c                __isr_9
 .text.process_thread_fireAlarm_main
                0x00004320       0x76 fireAlarm.co
 .text.get_handler
                0x00004396       0x72 fireAlarm.co
                0x00004396                get_handler
 .text.id_get_handler
                0x00004408       0x74 fireAlarm.co
                0x00004408                id_get_handler
 .text.id_post_handler
                0x0000447c       0x3a fireAlarm.co
                0x0000447c                id_post_handler
 .text.post_handler
                0x000044b6       0x5c fireAlarm.co
                0x000044b6                post_handler
 .text.start_network_layer
                0x00004512       0xa2 obj_sky/contiki-sky-main.o
 .text.coap_set_service_callback
                0x000045b4        0x6 contiki-sky.a(er-coap-engine.)
                0x000045b4                coap_set_service_callback
 .text.coap_get_rest_method
                0x000045ba       0x1a contiki-sky.a(er-coap-engine.)
                0x000045ba                coap_get_rest_method
 .text.process_thread_coap_engine
                0x000045d4      0x402 contiki-sky.a(er-coap-engine.)
 .text.coap_init_engine
                0x000049d6        0xc contiki-sky.a(er-coap-engine.)
                0x000049d6                coap_init_engine
 .text.coap_register_as_transaction_handler
                0x000049e2        0x8 contiki-sky.a(er-coap-transac)
                0x000049e2                coap_register_as_transaction_handler
 .text.coap_new_transaction
                0x000049ea       0x4e contiki-sky.a(er-coap-transac)
                0x000049ea                coap_new_transaction
 .text.coap_clear_transaction
                0x00004a38       0x26 contiki-sky.a(er-coap-transac)
                0x00004a38                coap_clear_transaction
 .text.coap_send_transaction
                0x00004a5e       0xc8 contiki-sky.a(er-coap-transac)
                0x00004a5e                coap_send_transaction
 .text.coap_get_transaction_by_mid
                0x00004b26       0x1e contiki-sky.a(er-coap-transac)
                0x00004b26                coap_get_transaction_by_mid
 .text.coap_check_transactions
                0x00004b44       0x2e contiki-sky.a(er-coap-transac)
                0x00004b44                coap_check_transactions
 .text.coap_remove_observer
                0x00004b72       0x1c contiki-sky.a(er-coap-observe)
                0x00004b72                coap_remove_observer
 .text.coap_remove_observer_by_client
                0x00004b8e       0x4c contiki-sky.a(er-coap-observe)
                0x00004b8e                coap_remove_observer_by_client
 .text.coap_remove_observer_by_token
                0x00004bda       0x72 contiki-sky.a(er-coap-observe)
                0x00004bda                coap_remove_observer_by_token
 .text.coap_remove_observer_by_uri
                0x00004c4c       0x7e contiki-sky.a(er-coap-observe)
                0x00004c4c                coap_remove_observer_by_uri
 .text.coap_add_observer
                0x00004cca       0x70 contiki-sky.a(er-coap-observe)
                0x00004cca                coap_add_observer
 .text.coap_remove_observer_by_mid
                0x00004d3a       0x58 contiki-sky.a(er-coap-observe)
                0x00004d3a                coap_remove_observer_by_mid
 .text.coap_notify_observers
                0x00004d92       0xec contiki-sky.a(er-coap-observe)
                0x00004d92                coap_notify_observers
 .text.coap_observe_handler
                0x00004e7e       0xc0 contiki-sky.a(er-coap-observe)
                0x00004e7e                coap_observe_handler
 .text.well_known_core_get_handler
                0x00004f3e      0x296 contiki-sky.a(er-coap-res-wel)
                0x00004f3e                well_known_core_get_handler
 .text.process_thread_rest_engine_process
                0x000051d4       0xc0 contiki-sky.a(rest-engine.o)
 .text.rest_invoke_restful_service
                0x00005294      0x126 contiki-sky.a(rest-engine.o)
                0x00005294                rest_invoke_restful_service
 .text.rest_init_engine
                0x000053ba       0x26 contiki-sky.a(rest-engine.o)
                0x000053ba                rest_init_engine
 .text.rest_activate_resource
                0x000053e0       0x3c contiki-sky.a(rest-engine.o)
                0x000053e0                rest_activate_resource
 .text.rest_get_resources
                0x0000541c        0x6 contiki-sky.a(rest-engine.o)
                0x0000541c                rest_get_resources
 .text.init_platform
                0x00005422        0xc contiki-sky.a(contiki-sky-pla)
                0x00005422                init_platform
 .text.status   0x0000542e       0x16 contiki-sky.a(button-sensor.o)
 .text.configure
                0x00005444       0x52 contiki-sky.a(button-sensor.o)
 .text.value    0x00005496       0x22 contiki-sky.a(button-sensor.o)
 .text.irq_p2   0x000054b8       0x8a contiki-sky.a(button-sensor.o)
                0x000054b8                irq_p2
                0x000054b8                __isr_1
 .text.owreadb  0x00005542       0x52 contiki-sky.a(ds2411.o)
 .text.ds2411_init
                0x00005594      0x122 contiki-sky.a(ds2411.o)
                0x00005594                ds2411_init
 .text.wait_ready
                0x000056b6       0x50 contiki-sky.a(xmem.o)
 .text.xmem_init
                0x00005706       0x3e contiki-sky.a(xmem.o)
                0x00005706                xmem_init
 .text.xmem_pread
                0x00005744       0xea contiki-sky.a(xmem.o)
                0x00005744                xmem_pread
 .text.node_id_restore
                0x0000582e       0x38 contiki-sky.a(node-id.o)
                0x0000582e                node_id_restore
 .text.process_thread_sensors_process
                0x00005866       0xbe contiki-sky.a(sensors.o)
 .text.sensors_changed
                0x00005924       0x2a contiki-sky.a(sensors.o)
                0x00005924                sensors_changed
 .text.get_object
                0x0000594e        0x4 contiki-sky.a(cc2420.o)
 .text.set_object
                0x00005952        0x4 contiki-sky.a(cc2420.o)
 .text.strobe   0x00005956       0x20 contiki-sky.a(cc2420.o)
 .text.getreg   0x00005976       0x54 contiki-sky.a(cc2420.o)
 .text.setreg   0x000059ca       0x52 contiki-sky.a(cc2420.o)
 .text.write_ram
                0x00005a1c       0x80 contiki-sky.a(cc2420.o)
 .text.write_fifo_buf
                0x00005a9c       0x40 contiki-sky.a(cc2420.o)
 .text.get_status
                0x00005adc       0x24 contiki-sky.a(cc2420.o)
 .text.set_txpower
                0x00005b00       0x26 contiki-sky.a(cc2420.o)
 .text.cc2420_receiving_packet
                0x00005b26        0xe contiki-sky.a(cc2420.o)
 .text.pending_packet
                0x00005b34        0x8 contiki-sky.a(cc2420.o)
 .text.on       0x00005b3c       0x1e contiki-sky.a(cc2420.o)
 .text.wait_for_transmission
                0x00005b5a       0x22 contiki-sky.a(cc2420.o)
 .text.wait_for_status
                0x00005b7c       0x2a contiki-sky.a(cc2420.o)
 .text.getrxdata
                0x00005ba6       0x56 contiki-sky.a(cc2420.o)
 .text.flushrx  0x00005bfc       0x1a contiki-sky.a(cc2420.o)
 .text.off      0x00005c16       0x5a contiki-sky.a(cc2420.o)
 .text.RELEASE_LOCK
                0x00005c70       0x28 contiki-sky.a(cc2420.o)
 .text.set_key  0x00005c98       0x18 contiki-sky.a(cc2420.o)
 .text.cc2420_prepare
                0x00005cb0       0x3c contiki-sky.a(cc2420.o)
 .text.cc2420_on
                0x00005cec       0x22 contiki-sky.a(cc2420.o)
                0x00005cec                cc2420_on
 .text.cc2420_off
                0x00005d0e       0x30 contiki-sky.a(cc2420.o)
                0x00005d0e                cc2420_off
 .text.cc2420_cca
                0x00005d3e       0x5e contiki-sky.a(cc2420.o)
 .text.cc2420_read
                0x00005d9c       0xb0 contiki-sky.a(cc2420.o)
 .text.process_thread_cc2420_process
                0x00005e4c       0x50 contiki-sky.a(cc2420.o)
 .text.encrypt  0x00005e9c       0x8e contiki-sky.a(cc2420.o)
 .text.cc2420_set_channel
                0x00005f2a       0x3c contiki-sky.a(cc2420.o)
                0x00005f2a                cc2420_set_channel
 .text.cc2420_set_pan_addr
                0x00005f66       0x4c contiki-sky.a(cc2420.o)
                0x00005f66                cc2420_set_pan_addr
 .text.cc2420_interrupt
                0x00005fb2       0x18 contiki-sky.a(cc2420.o)
                0x00005fb2                cc2420_interrupt
 .text.cc2420_set_txpower
                0x00005fca        0xe contiki-sky.a(cc2420.o)
                0x00005fca                cc2420_set_txpower
 .text.cc2420_get_txpower
                0x00005fd8       0x1e contiki-sky.a(cc2420.o)
                0x00005fd8                cc2420_get_txpower
 .text.cc2420_transmit
                0x00005ff6      0x10e contiki-sky.a(cc2420.o)
 .text.cc2420_send
                0x00006104       0x12 contiki-sky.a(cc2420.o)
 .text.cc2420_rssi
                0x00006116       0x4c contiki-sky.a(cc2420.o)
                0x00006116                cc2420_rssi
 .text.get_value
                0x00006162       0xac contiki-sky.a(cc2420.o)
 .text.cc2420_set_cca_threshold
                0x0000620e       0x16 contiki-sky.a(cc2420.o)
                0x0000620e                cc2420_set_cca_threshold
 .text.set_value
                0x00006224       0x8a contiki-sky.a(cc2420.o)
 .text.cc2420_init
                0x000062ae       0xde contiki-sky.a(cc2420.o)
                0x000062ae                cc2420_init
 .text.cc2420_port1_interrupt
                0x0000638c       0x62 contiki-sky.a(cc2420-arch.o)
                0x0000638c                __isr_4
                0x0000638c                cc2420_port1_interrupt
 .text.cc2420_arch_init
                0x000063ee       0x1a contiki-sky.a(cc2420-arch.o)
                0x000063ee                cc2420_arch_init
 .text.uart1_active
                0x00006408       0x1a contiki-sky.a(uart1.o)
                0x00006408                uart1_active
 .text.uart1_writeb
                0x00006422       0x1a contiki-sky.a(uart1.o)
                0x00006422                uart1_writeb
 .text.uart1_init
                0x0000643c       0xf6 contiki-sky.a(uart1.o)
                0x0000643c                uart1_init
 .text.putchar  0x00006532       0x10 contiki-sky.a(uart1-putchar.o)
                0x00006532                putchar
 .text.msp430_init_dco
                0x00006542       0x84 contiki-sky.a(msp430.o)
                0x00006542                msp430_init_dco
 .text.msp430_add_lpm_req
                0x000065c6        0xc contiki-sky.a(msp430.o)
                0x000065c6                msp430_add_lpm_req
 .text.msp430_cpu_init
                0x000065d2       0x2a contiki-sky.a(msp430.o)
                0x000065d2                msp430_cpu_init
 .text.splhigh_
                0x000065fc        0x8 contiki-sky.a(msp430.o)
                0x000065fc                splhigh_
 .text.msp430_sync_dco
                0x00006604       0x68 contiki-sky.a(msp430.o)
                0x00006604                msp430_sync_dco
 .text.timera1  0x0000666c      0x11e contiki-sky.a(clock.o)
                0x0000666c                __isr_5
                0x0000666c                timera1
 .text.clock_time
                0x0000678a       0x1a contiki-sky.a(clock.o)
                0x0000678a                clock_time
 .text.clock_init
                0x000067a4       0x28 contiki-sky.a(clock.o)
                0x000067a4                clock_init
 .text.clock_delay
                0x000067cc        0xc contiki-sky.a(clock.o)
                0x000067cc                clock_delay
 .text.clock_seconds
                0x000067d8       0x1a contiki-sky.a(clock.o)
                0x000067d8                clock_seconds
 .text.show_leds
                0x000067f2       0xf6 contiki-sky.a(leds.o)
 .text.leds_init
                0x000068e8        0xa contiki-sky.a(leds.o)
                0x000068e8                leds_init
 .text.leds_on  0x000068f2        0xa contiki-sky.a(leds.o)
                0x000068f2                leds_on
 .text.leds_off
                0x000068fc        0xe contiki-sky.a(leds.o)
                0x000068fc                leds_off
 .text.leds_toggle
                0x0000690a        0xa contiki-sky.a(leds.o)
                0x0000690a                leds_toggle
 .text.leds_arch_init
                0x00006914        0xe contiki-sky.a(leds-arch.o)
                0x00006914                leds_arch_init
 .text.leds_arch_set
                0x00006922       0x3a contiki-sky.a(leds-arch.o)
                0x00006922                leds_arch_set
 .text.watchdog_interrupt
                0x0000695c        0x6 contiki-sky.a(watchdog.o)
                0x0000695c                __isr_10
                0x0000695c                watchdog_interrupt
 .text.watchdog_start
                0x00006962       0x14 contiki-sky.a(watchdog.o)
                0x00006962                watchdog_start
 .text.watchdog_periodic
                0x00006976       0x12 contiki-sky.a(watchdog.o)
                0x00006976                watchdog_periodic
 .text.watchdog_stop
                0x00006988       0x16 contiki-sky.a(watchdog.o)
                0x00006988                watchdog_stop
 .text.watchdog_init
                0x0000699e       0x14 contiki-sky.a(watchdog.o)
                0x0000699e                watchdog_init
 .text.rtimer_arch_init
                0x000069b2        0xe contiki-sky.a(rtimer-arch.o)
                0x000069b2                rtimer_arch_init
 .text.rtimer_arch_now
                0x000069c0        0xe contiki-sky.a(rtimer-arch.o)
                0x000069c0                rtimer_arch_now
 .text.timera0  0x000069ce       0x70 contiki-sky.a(rtimer-arch.o)
                0x000069ce                __isr_6
                0x000069ce                timera0
 .text.rtimer_arch_schedule
                0x00006a3e        0x6 contiki-sky.a(rtimer-arch.o)
                0x00006a3e                rtimer_arch_schedule
 .text.autostart_start
                0x00006a44       0x16 contiki-sky.a(autostart.o)
                0x00006a44                autostart_start
 .text.process_thread_ctimer_process
                0x00006a5a       0xa4 contiki-sky.a(ctimer.o)
 .text.ctimer_init
                0x00006afe       0x18 contiki-sky.a(ctimer.o)
                0x00006afe                ctimer_init
 .text.ctimer_set
                0x00006b16       0x50 contiki-sky.a(ctimer.o)
                0x00006b16                ctimer_set
 .text.ctimer_reset
                0x00006b66       0x30 contiki-sky.a(ctimer.o)
                0x00006b66                ctimer_reset
 .text.ctimer_stop
                0x00006b96       0x28 contiki-sky.a(ctimer.o)
                0x00006b96                ctimer_stop
 .text.energest_init
                0x00006bbe       0x28 contiki-sky.a(energest.o)
                0x00006bbe                energest_init
 .text.energest_type_time
                0x00006be6       0x46 contiki-sky.a(energest.o)
                0x00006be6                energest_type_time
 .text.energest_type_set
                0x00006c2c        0xe contiki-sky.a(energest.o)
                0x00006c2c                energest_type_set
 .text.energest_flush
                0x00006c3a       0x48 contiki-sky.a(energest.o)
                0x00006c3a                energest_flush
 .text.update_time
                0x00006c82       0x78 contiki-sky.a(etimer.o)
 .text.etimer_request_poll
                0x00006cfa        0xa contiki-sky.a(etimer.o)
                0x00006cfa                etimer_request_poll
 .text.process_thread_etimer_process
                0x00006d04       0xc8 contiki-sky.a(etimer.o)
 .text.add_timer
                0x00006dcc       0x40 contiki-sky.a(etimer.o)
 .text.etimer_set
                0x00006e0c       0x12 contiki-sky.a(etimer.o)
                0x00006e0c                etimer_set
 .text.etimer_reset
                0x00006e1e       0x12 contiki-sky.a(etimer.o)
                0x00006e1e                etimer_reset
 .text.etimer_restart
                0x00006e30       0x12 contiki-sky.a(etimer.o)
                0x00006e30                etimer_restart
 .text.etimer_expired
                0x00006e42        0xe contiki-sky.a(etimer.o)
                0x00006e42                etimer_expired
 .text.etimer_expiration_time
                0x00006e50       0x14 contiki-sky.a(etimer.o)
                0x00006e50                etimer_expiration_time
 .text.etimer_pending
                0x00006e64        0xc contiki-sky.a(etimer.o)
                0x00006e64                etimer_pending
 .text.etimer_next_expiration_time
                0x00006e70       0x16 contiki-sky.a(etimer.o)
                0x00006e70                etimer_next_expiration_time
 .text.etimer_stop
                0x00006e86       0x3c contiki-sky.a(etimer.o)
                0x00006e86                etimer_stop
 .text.call_process
                0x00006ec2       0x4a contiki-sky.a(process.o)
 .text.exit_process
                0x00006f0c       0x96 contiki-sky.a(process.o)
 .text.do_poll  0x00006fa2       0x30 contiki-sky.a(process.o)
 .text.process_alloc_event
                0x00006fd2        0xe contiki-sky.a(process.o)
                0x00006fd2                process_alloc_event
 .text.process_init
                0x00006fe0       0x1c contiki-sky.a(process.o)
                0x00006fe0                process_init
 .text.process_run
                0x00006ffc       0xa2 contiki-sky.a(process.o)
                0x00006ffc                process_run
 .text.process_nevents
                0x0000709e        0xe contiki-sky.a(process.o)
                0x0000709e                process_nevents
 .text.process_post
                0x000070ac       0x54 contiki-sky.a(process.o)
                0x000070ac                process_post
 .text.process_post_synch
                0x00007100       0x12 contiki-sky.a(process.o)
                0x00007100                process_post_synch
 .text.process_start
                0x00007112       0x32 contiki-sky.a(process.o)
                0x00007112                process_start
 .text.process_poll
                0x00007144       0x18 contiki-sky.a(process.o)
                0x00007144                process_poll
 .text.rtimer_init
                0x0000715c        0x6 contiki-sky.a(rtimer.o)
                0x0000715c                rtimer_init
 .text.rtimer_run_next
                0x00007162       0x26 contiki-sky.a(rtimer.o)
                0x00007162                rtimer_run_next
 .text.timer_set
                0x00007188       0x1c contiki-sky.a(timer.o)
                0x00007188                timer_set
 .text.timer_reset
                0x000071a4        0xe contiki-sky.a(timer.o)
                0x000071a4                timer_reset
 .text.timer_restart
                0x000071b2       0x14 contiki-sky.a(timer.o)
                0x000071b2                timer_restart
 .text.timer_expired
                0x000071c6       0x2a contiki-sky.a(timer.o)
                0x000071c6                timer_expired
 .text.list_init
                0x000071f0        0x6 contiki-sky.a(list.o)
                0x000071f0                list_init
 .text.list_head
                0x000071f6        0x4 contiki-sky.a(list.o)
                0x000071f6                list_head
 .text.list_tail
                0x000071fa       0x12 contiki-sky.a(list.o)
                0x000071fa                list_tail
 .text.list_remove
                0x0000720c       0x34 contiki-sky.a(list.o)
                0x0000720c                list_remove
 .text.list_push
                0x00007240       0x1a contiki-sky.a(list.o)
                0x00007240                list_push
 .text.list_add
                0x0000725a       0x2a contiki-sky.a(list.o)
                0x0000725a                list_add
 .text.list_length
                0x00007284       0x10 contiki-sky.a(list.o)
                0x00007284                list_length
 .text.list_item_next
                0x00007294        0xc contiki-sky.a(list.o)
                0x00007294                list_item_next
 .text.memb_init
                0x000072a0       0x36 contiki-sky.a(memb.o)
                0x000072a0                memb_init
 .text.memb_alloc
                0x000072d6       0x3e contiki-sky.a(memb.o)
                0x000072d6                memb_alloc
 .text.memb_free
                0x00007314       0x3a contiki-sky.a(memb.o)
                0x00007314                memb_free
 .text.memb_inmemb
                0x0000734e       0x2e contiki-sky.a(memb.o)
                0x0000734e                memb_inmemb
 .text.memb_numfree
                0x0000737c       0x26 contiki-sky.a(memb.o)
                0x0000737c                memb_numfree
 .text.random_init
                0x000073a2        0x6 contiki-sky.a(random.o)
                0x000073a2                random_init
 .text.random_rand
                0x000073a8        0x6 contiki-sky.a(random.o)
                0x000073a8                random_rand
 .text.set_packet_attrs
                0x000073ae       0x44 contiki-sky.a(sicslowpan.o)
 .text.addr_context_lookup_by_number
                0x000073f2       0x36 contiki-sky.a(sicslowpan.o)
 .text.compress_addr_64
                0x00007428       0xae contiki-sky.a(sicslowpan.o)
 .text.uncompress_addr
                0x000074d6       0xb4 contiki-sky.a(sicslowpan.o)
 .text.input    0x0000758a      0x65c contiki-sky.a(sicslowpan.o)
 .text.sicslowpan_init
                0x00007be6       0x26 contiki-sky.a(sicslowpan.o)
                0x00007be6                sicslowpan_init
 .text.addr_context_lookup_by_prefix
                0x00007c0c       0x4c contiki-sky.a(sicslowpan.o)
 .text.send_packet
                0x00007c58       0x1a contiki-sky.a(sicslowpan.o)
 .text.output   0x00007c72      0x6da contiki-sky.a(sicslowpan.o)
 .text.packet_sent
                0x0000834c       0x22 contiki-sky.a(sicslowpan.o)
 .text.chksum   0x0000836e       0x32 contiki-sky.a(uip6.o)
 .text.upper_layer_chksum
                0x000083a0       0x56 contiki-sky.a(uip6.o)
 .text.ext_hdr_options_process
                0x000083f6       0xda contiki-sky.a(uip6.o)
 .text.uip_icmp6chksum
                0x000084d0        0xa contiki-sky.a(uip6.o)
                0x000084d0                uip_icmp6chksum
 .text.uip_udpchksum
                0x000084da        0xa contiki-sky.a(uip6.o)
                0x000084da                uip_udpchksum
 .text.uip_init
                0x000084e4       0x42 contiki-sky.a(uip6.o)
                0x000084e4                uip_init
 .text.remove_ext_hdr
                0x00008526       0x5a contiki-sky.a(uip6.o)
                0x00008526                remove_ext_hdr
 .text.uip_udp_new
                0x00008580       0xf4 contiki-sky.a(uip6.o)
                0x00008580                uip_udp_new
 .text.uip_process
                0x00008674      0x4a2 contiki-sky.a(uip6.o)
                0x00008674                uip_process
 .text.uip_htonl
                0x00008b16       0x2e contiki-sky.a(uip6.o)
                0x00008b16                uip_htonl
 .text.uip_ds6_list_loop
                0x00008b44       0x86 contiki-sky.a(uip-ds6.o)
                0x00008b44                uip_ds6_list_loop
 .text.uip_ds6_prefix_add
                0x00008bca       0x80 contiki-sky.a(uip-ds6.o)
                0x00008bca                uip_ds6_prefix_add
 .text.uip_ds6_is_addr_onlink
                0x00008c4a       0x54 contiki-sky.a(uip-ds6.o)
                0x00008c4a                uip_ds6_is_addr_onlink
 .text.uip_ds6_addr_lookup
                0x00008c9e       0x2a contiki-sky.a(uip-ds6.o)
                0x00008c9e                uip_ds6_addr_lookup
 .text.uip_ds6_get_link_local
                0x00008cc8       0x3e contiki-sky.a(uip-ds6.o)
                0x00008cc8                uip_ds6_get_link_local
 .text.uip_ds6_maddr_add
                0x00008d06       0x4c contiki-sky.a(uip-ds6.o)
                0x00008d06                uip_ds6_maddr_add
 .text.uip_ds6_addr_add
                0x00008d52       0xc4 contiki-sky.a(uip-ds6.o)
                0x00008d52                uip_ds6_addr_add
 .text.uip_ds6_maddr_lookup
                0x00008e16       0x2a contiki-sky.a(uip-ds6.o)
                0x00008e16                uip_ds6_maddr_lookup
 .text.uip_ds6_addr_rm
                0x00008e40       0x54 contiki-sky.a(uip-ds6.o)
                0x00008e40                uip_ds6_addr_rm
 .text.uip_ds6_periodic
                0x00008e94       0x4a contiki-sky.a(uip-ds6.o)
                0x00008e94                uip_ds6_periodic
 .text.uip_ds6_set_addr_iid
                0x00008ede       0x14 contiki-sky.a(uip-ds6.o)
                0x00008ede                uip_ds6_set_addr_iid
 .text.get_match_length
                0x00008ef2       0x3e contiki-sky.a(uip-ds6.o)
                0x00008ef2                get_match_length
 .text.uip_ds6_select_src
                0x00008f30       0xaa contiki-sky.a(uip-ds6.o)
                0x00008f30                uip_ds6_select_src
 .text.uip_ds6_compute_reachable_time
                0x00008fda       0x3e contiki-sky.a(uip-ds6.o)
                0x00008fda                uip_ds6_compute_reachable_time
 .text.uip_ds6_init
                0x00009018      0x154 contiki-sky.a(uip-ds6.o)
                0x00009018                uip_ds6_init
 .text.uip_ds6_nbr_rm
                0x0000916c       0x1a contiki-sky.a(uip-ds6-nbr.o)
                0x0000916c                uip_ds6_nbr_rm
 .text.uip_ds6_neighbors_init
                0x00009186        0xe contiki-sky.a(uip-ds6-nbr.o)
                0x00009186                uip_ds6_neighbors_init
 .text.uip_ds6_nbr_add
                0x00009194       0x60 contiki-sky.a(uip-ds6-nbr.o)
                0x00009194                uip_ds6_nbr_add
 .text.uip_ds6_nbr_get_ll
                0x000091f4        0xc contiki-sky.a(uip-ds6-nbr.o)
                0x000091f4                uip_ds6_nbr_get_ll
 .text.uip_ds6_nbr_lookup
                0x00009200       0x42 contiki-sky.a(uip-ds6-nbr.o)
                0x00009200                uip_ds6_nbr_lookup
 .text.uip_ds6_nbr_ll_lookup
                0x00009242        0xc contiki-sky.a(uip-ds6-nbr.o)
                0x00009242                uip_ds6_nbr_ll_lookup
 .text.uip_ds6_nbr_ipaddr_from_lladdr
                0x0000924e        0x6 contiki-sky.a(uip-ds6-nbr.o)
                0x0000924e                uip_ds6_nbr_ipaddr_from_lladdr
 .text.uip_ds6_nbr_lladdr_from_ipaddr
                0x00009254       0x12 contiki-sky.a(uip-ds6-nbr.o)
                0x00009254                uip_ds6_nbr_lladdr_from_ipaddr
 .text.uip_ds6_link_neighbor_callback
                0x00009266       0x2a contiki-sky.a(uip-ds6-nbr.o)
                0x00009266                uip_ds6_link_neighbor_callback
 .text.uip_ds6_neighbor_periodic
                0x00009290       0x60 contiki-sky.a(uip-ds6-nbr.o)
                0x00009290                uip_ds6_neighbor_periodic
 .text.call_route_callback
                0x000092f0       0x4c contiki-sky.a(uip-ds6-route.o)
 .text.uip_ds6_route_init
                0x0000933c       0x36 contiki-sky.a(uip-ds6-route.o)
                0x0000933c                uip_ds6_route_init
 .text.uip_ds6_route_nexthop
                0x00009372       0x1a contiki-sky.a(uip-ds6-route.o)
                0x00009372                uip_ds6_route_nexthop
 .text.uip_ds6_route_head
                0x0000938c        0xa contiki-sky.a(uip-ds6-route.o)
                0x0000938c                uip_ds6_route_head
 .text.uip_ds6_route_next
                0x00009396        0xe contiki-sky.a(uip-ds6-route.o)
                0x00009396                uip_ds6_route_next
 .text.uip_ds6_route_lookup
                0x000093a4       0x8c contiki-sky.a(uip-ds6-route.o)
                0x000093a4                uip_ds6_route_lookup
 .text.uip_ds6_route_rm
                0x00009430       0xa4 contiki-sky.a(uip-ds6-route.o)
                0x00009430                uip_ds6_route_rm
 .text.rm_routelist
                0x000094d4       0x34 contiki-sky.a(uip-ds6-route.o)
 .text.rm_routelist_callback
                0x00009508        0x6 contiki-sky.a(uip-ds6-route.o)
 .text.uip_ds6_route_add
                0x0000950e      0x10c contiki-sky.a(uip-ds6-route.o)
                0x0000950e                uip_ds6_route_add
 .text.uip_ds6_defrt_rm
                0x0000961a       0x48 contiki-sky.a(uip-ds6-route.o)
                0x0000961a                uip_ds6_defrt_rm
 .text.uip_ds6_defrt_lookup
                0x00009662       0x36 contiki-sky.a(uip-ds6-route.o)
                0x00009662                uip_ds6_defrt_lookup
 .text.uip_ds6_defrt_add
                0x00009698       0x74 contiki-sky.a(uip-ds6-route.o)
                0x00009698                uip_ds6_defrt_add
 .text.uip_ds6_defrt_choose
                0x0000970c       0x3a contiki-sky.a(uip-ds6-route.o)
                0x0000970c                uip_ds6_defrt_choose
 .text.uip_ds6_defrt_periodic
                0x00009746       0x38 contiki-sky.a(uip-ds6-route.o)
                0x00009746                uip_ds6_defrt_periodic
 .text.echo_reply_input
                0x0000977e      0x112 contiki-sky.a(uip-icmp6.o)
 .text.echo_request_input
                0x00009890      0x12c contiki-sky.a(uip-icmp6.o)
 .text.uip_icmp6_input
                0x000099bc       0x44 contiki-sky.a(uip-icmp6.o)
                0x000099bc                uip_icmp6_input
 .text.uip_icmp6_register_input_handler
                0x00009a00        0xc contiki-sky.a(uip-icmp6.o)
                0x00009a00                uip_icmp6_register_input_handler
 .text.uip_icmp6_error_output
                0x00009a0c      0x17a contiki-sky.a(uip-icmp6.o)
                0x00009a0c                uip_icmp6_error_output
 .text.uip_icmp6_send
                0x00009b86       0x96 contiki-sky.a(uip-icmp6.o)
                0x00009b86                uip_icmp6_send
 .text.uip_icmp6_init
                0x00009c1c       0x12 contiki-sky.a(uip-icmp6.o)
                0x00009c1c                uip_icmp6_init
 .text.uip_nd6_init
                0x00009c2e        0x2 contiki-sky.a(uip-nd6.o)
                0x00009c2e                uip_nd6_init
 .text.tcpip_output
                0x00009c30       0x10 contiki-sky.a(tcpip.o)
                0x00009c30                tcpip_output
 .text.tcpip_set_outputfunc
                0x00009c40        0x6 contiki-sky.a(tcpip.o)
                0x00009c40                tcpip_set_outputfunc
 .text.udp_new  0x00009c46       0x1a contiki-sky.a(tcpip.o)
                0x00009c46                udp_new
 .text.tcpip_input
                0x00009c60       0x16 contiki-sky.a(tcpip.o)
                0x00009c60                tcpip_input
 .text.tcpip_ipv6_output
                0x00009c76       0xce contiki-sky.a(tcpip.o)
                0x00009c76                tcpip_ipv6_output
 .text.process_thread_tcpip_process
                0x00009d44       0xd0 contiki-sky.a(tcpip.o)
 .text.tcpip_uipcall
                0x00009e14       0x2a contiki-sky.a(tcpip.o)
                0x00009e14                tcpip_uipcall
 .text.uip_debug_ipaddr_print
                0x00009e3e       0x7c contiki-sky.a(uip-debug.o)
                0x00009e3e                uip_debug_ipaddr_print
 .text.rpl_get_mode
                0x00009eba        0x6 contiki-sky.a(rpl.o)
                0x00009eba                rpl_get_mode
 .text.rpl_purge_routes
                0x00009ec0       0x96 contiki-sky.a(rpl.o)
                0x00009ec0                rpl_purge_routes
 .text.rpl_remove_routes
                0x00009f56       0x22 contiki-sky.a(rpl.o)
                0x00009f56                rpl_remove_routes
 .text.rpl_remove_routes_by_nexthop
                0x00009f78       0x46 contiki-sky.a(rpl.o)
                0x00009f78                rpl_remove_routes_by_nexthop
 .text.rpl_add_route
                0x00009fbe       0x44 contiki-sky.a(rpl.o)
                0x00009fbe                rpl_add_route
 .text.rpl_link_neighbor_callback
                0x0000a002       0x7c contiki-sky.a(rpl.o)
                0x0000a002                rpl_link_neighbor_callback
 .text.rpl_ipv6_neighbor_callback
                0x0000a07e       0x1e contiki-sky.a(rpl.o)
                0x0000a07e                rpl_ipv6_neighbor_callback
 .text.rpl_init
                0x0000a09c       0x4a contiki-sky.a(rpl.o)
                0x0000a09c                rpl_init
 .text.lollipop_greater_than
                0x0000a0e6       0x44 contiki-sky.a(rpl-dag.o)
 .text.acceptable_rank
                0x0000a12a       0x50 contiki-sky.a(rpl-dag.o)
 .text.find_parent_any_dag_any_instance
                0x0000a17a       0x14 contiki-sky.a(rpl-dag.o)
 .text.rpl_set_preferred_parent
                0x0000a18e       0x30 contiki-sky.a(rpl-dag.o)
 .text.set_ip_from_prefix
                0x0000a1be       0x38 contiki-sky.a(rpl-dag.o)
 .text.check_prefix
                0x0000a1f6       0x80 contiki-sky.a(rpl-dag.o)
 .text.rpl_get_nbr
                0x0000a276       0x1e contiki-sky.a(rpl-dag.o)
                0x0000a276                rpl_get_nbr
 .text.rpl_dag_init
                0x0000a294        0xe contiki-sky.a(rpl-dag.o)
                0x0000a294                rpl_dag_init
 .text.rpl_get_parent
                0x0000a2a2        0xc contiki-sky.a(rpl-dag.o)
                0x0000a2a2                rpl_get_parent
 .text.rpl_get_parent_ipaddr
                0x0000a2ae       0x10 contiki-sky.a(rpl-dag.o)
                0x0000a2ae                rpl_get_parent_ipaddr
 .text.rpl_set_prefix
                0x0000a2be       0x8e contiki-sky.a(rpl-dag.o)
                0x0000a2be                rpl_set_prefix
 .text.rpl_set_default_route
                0x0000a34c       0x5a contiki-sky.a(rpl-dag.o)
                0x0000a34c                rpl_set_default_route
 .text.rpl_alloc_instance
                0x0000a3a6       0x34 contiki-sky.a(rpl-dag.o)
                0x0000a3a6                rpl_alloc_instance
 .text.rpl_add_parent
                0x0000a3da       0x56 contiki-sky.a(rpl-dag.o)
                0x0000a3da                rpl_add_parent
 .text.rpl_find_parent
                0x0000a430       0x1a contiki-sky.a(rpl-dag.o)
                0x0000a430                rpl_find_parent
 .text.rpl_find_parent_any_dag
                0x0000a44a       0x22 contiki-sky.a(rpl-dag.o)
                0x0000a44a                rpl_find_parent_any_dag
 .text.rpl_select_parent
                0x0000a46c       0x7e contiki-sky.a(rpl-dag.o)
                0x0000a46c                rpl_select_parent
 .text.rpl_select_dag
                0x0000a4ea      0x182 contiki-sky.a(rpl-dag.o)
                0x0000a4ea                rpl_select_dag
 .text.rpl_nullify_parent
                0x0000a66c       0x54 contiki-sky.a(rpl-dag.o)
                0x0000a66c                rpl_nullify_parent
 .text.rpl_remove_parent
                0x0000a6c0       0x16 contiki-sky.a(rpl-dag.o)
                0x0000a6c0                rpl_remove_parent
 .text.nbr_callback
                0x0000a6d6        0x6 contiki-sky.a(rpl-dag.o)
 .text.remove_parents.constprop.2
                0x0000a6dc       0x32 contiki-sky.a(rpl-dag.o)
 .text.rpl_move_parent
                0x0000a70e       0x5a contiki-sky.a(rpl-dag.o)
                0x0000a70e                rpl_move_parent
 .text.rpl_get_any_dag
                0x0000a768       0x18 contiki-sky.a(rpl-dag.o)
                0x0000a768                rpl_get_any_dag
 .text.rpl_get_instance
                0x0000a780       0x1a contiki-sky.a(rpl-dag.o)
                0x0000a780                rpl_get_instance
 .text.rpl_alloc_dag
                0x0000a79a       0x60 contiki-sky.a(rpl-dag.o)
                0x0000a79a                rpl_alloc_dag
 .text.rpl_repair_root
                0x0000a7fa       0x50 contiki-sky.a(rpl-dag.o)
                0x0000a7fa                rpl_repair_root
 .text.rpl_find_of
                0x0000a84a       0x10 contiki-sky.a(rpl-dag.o)
                0x0000a84a                rpl_find_of
 .text.rpl_join_instance
                0x0000a85a      0x13c contiki-sky.a(rpl-dag.o)
                0x0000a85a                rpl_join_instance
 .text.rpl_local_repair
                0x0000a996       0x7c contiki-sky.a(rpl-dag.o)
                0x0000a996                rpl_local_repair
 .text.rpl_process_parent_event
                0x0000aa12       0x4e contiki-sky.a(rpl-dag.o)
                0x0000aa12                rpl_process_parent_event
 .text.rpl_recalculate_ranks
                0x0000aa60       0x48 contiki-sky.a(rpl-dag.o)
                0x0000aa60                rpl_recalculate_ranks
 .text.rpl_add_dag
                0x0000aaa8      0x112 contiki-sky.a(rpl-dag.o)
                0x0000aaa8                rpl_add_dag
 .text.rpl_process_dio
                0x0000abba      0x2e2 contiki-sky.a(rpl-dag.o)
                0x0000abba                rpl_process_dio
 .text.rpl_lock_parent
                0x0000ae9c        0xc contiki-sky.a(rpl-dag.o)
                0x0000ae9c                rpl_lock_parent
 .text.rpl_verify_header
                0x0000aea8       0xba contiki-sky.a(rpl-ext-header.)
                0x0000aea8                rpl_verify_header
 .text.rpl_update_header_empty
                0x0000af62      0x126 contiki-sky.a(rpl-ext-header.)
                0x0000af62                rpl_update_header_empty
 .text.rpl_update_header_final
                0x0000b088       0x94 contiki-sky.a(rpl-ext-header.)
                0x0000b088                rpl_update_header_final
 .text.rpl_invert_header
                0x0000b11c       0x7a contiki-sky.a(rpl-ext-header.)
                0x0000b11c                rpl_invert_header
 .text.rpl_insert_header
                0x0000b196       0x12 contiki-sky.a(rpl-ext-header.)
                0x0000b196                rpl_insert_header
 .text.get32    0x0000b1a8       0x46 contiki-sky.a(rpl-icmp6.o)
 .text.set32    0x0000b1ee       0x2a contiki-sky.a(rpl-icmp6.o)
 .text.get16    0x0000b218        0xe contiki-sky.a(rpl-icmp6.o)
 .text.set16    0x0000b226       0x10 contiki-sky.a(rpl-icmp6.o)
 .text.dao_ack_input
                0x0000b236        0x6 contiki-sky.a(rpl-icmp6.o)
 .text.dio_input
                0x0000b23c      0x2d2 contiki-sky.a(rpl-icmp6.o)
 .text.dis_output
                0x0000b50e       0x50 contiki-sky.a(rpl-icmp6.o)
                0x0000b50e                dis_output
 .text.dio_output
                0x0000b55e      0x268 contiki-sky.a(rpl-icmp6.o)
                0x0000b55e                dio_output
 .text.dis_input
                0x0000b7c6       0x28 contiki-sky.a(rpl-icmp6.o)
 .text.dao_output_target
                0x0000b7ee       0xea contiki-sky.a(rpl-icmp6.o)
                0x0000b7ee                dao_output_target
 .text.dao_output
                0x0000b8d8       0x80 contiki-sky.a(rpl-icmp6.o)
                0x0000b8d8                dao_output
 .text.dao_ack_output
                0x0000b958       0x32 contiki-sky.a(rpl-icmp6.o)
                0x0000b958                dao_ack_output
 .text.dao_input
                0x0000b98a      0x2a8 contiki-sky.a(rpl-icmp6.o)
 .text.rpl_icmp6_register_handlers
                0x0000bc32       0x22 contiki-sky.a(rpl-icmp6.o)
                0x0000bc32                rpl_icmp6_register_handlers
 .text.reset    0x0000bc54        0x2 contiki-sky.a(rpl-mrhof.o)
 .text.update_metric_container
                0x0000bc56        0x6 contiki-sky.a(rpl-mrhof.o)
 .text.calculate_rank
                0x0000bc5c       0x3e contiki-sky.a(rpl-mrhof.o)
 .text.best_parent
                0x0000bc9a       0x74 contiki-sky.a(rpl-mrhof.o)
 .text.neighbor_link_callback
                0x0000bd0e       0xa2 contiki-sky.a(rpl-mrhof.o)
 .text.best_dag
                0x0000bdb0       0x34 contiki-sky.a(rpl-mrhof.o)
 .text.new_dio_interval
                0x0000bde4       0x92 contiki-sky.a(rpl-timers.o)
 .text.handle_periodic_timer
                0x0000be76       0x2e contiki-sky.a(rpl-timers.o)
 .text.set_dao_lifetime_timer
                0x0000bea4       0x52 contiki-sky.a(rpl-timers.o)
 .text.schedule_dao
                0x0000bef6       0x82 contiki-sky.a(rpl-timers.o)
 .text.handle_dio_timer
                0x0000bf78       0x88 contiki-sky.a(rpl-timers.o)
 .text.handle_dao_timer
                0x0000c000       0x64 contiki-sky.a(rpl-timers.o)
 .text.rpl_reset_periodic_timer
                0x0000c064       0x60 contiki-sky.a(rpl-timers.o)
                0x0000c064                rpl_reset_periodic_timer
 .text.rpl_reset_dio_timer
                0x0000c0c4       0x18 contiki-sky.a(rpl-timers.o)
                0x0000c0c4                rpl_reset_dio_timer
 .text.rpl_schedule_dao
                0x0000c0dc        0xc contiki-sky.a(rpl-timers.o)
                0x0000c0dc                rpl_schedule_dao
 .text.rpl_schedule_probing
                0x0000c0e8       0x3c contiki-sky.a(rpl-timers.o)
                0x0000c0e8                rpl_schedule_probing
 .text.handle_probing_timer
                0x0000c124      0x124 contiki-sky.a(rpl-timers.o)
 .text.parse    0x0000c248       0xa0 contiki-sky.a(framer-802154.o)
 .text.create_frame.isra.0
                0x0000c2e8      0x108 contiki-sky.a(framer-802154.o)
 .text.create   0x0000c3f0        0x8 contiki-sky.a(framer-802154.o)
 .text.hdr_length
                0x0000c3f8        0x8 contiki-sky.a(framer-802154.o)
 .text.framer_canonical_create_and_secure
                0x0000c400       0x20 contiki-sky.a(framer.o)
                0x0000c400                framer_canonical_create_and_secure
 .text.send_packet
                0x0000c420        0x6 contiki-sky.a(nullmac.o)
 .text.packet_input
                0x0000c426        0x6 contiki-sky.a(nullmac.o)
 .text.on       0x0000c42c        0x6 contiki-sky.a(nullmac.o)
 .text.off      0x0000c432        0x6 contiki-sky.a(nullmac.o)
 .text.channel_check_interval
                0x0000c438        0x4 contiki-sky.a(nullmac.o)
 .text.init     0x0000c43c        0x2 contiki-sky.a(nullmac.o)
 .text.on       0x0000c43e        0x6 contiki-sky.a(nullrdc.o)
 .text.channel_check_interval
                0x0000c444        0x4 contiki-sky.a(nullrdc.o)
 .text.init     0x0000c448        0x6 contiki-sky.a(nullrdc.o)
 .text.send_one_packet
                0x0000c44e       0x6a contiki-sky.a(nullrdc.o)
 .text.send_list
                0x0000c4b8       0x30 contiki-sky.a(nullrdc.o)
 .text.send_packet
                0x0000c4e8        0x6 contiki-sky.a(nullrdc.o)
 .text.off      0x0000c4ee       0x10 contiki-sky.a(nullrdc.o)
 .text.packet_input
                0x0000c4fe       0x26 contiki-sky.a(nullrdc.o)
 .text.linkaddr_copy
                0x0000c524        0x8 contiki-sky.a(linkaddr.o)
                0x0000c524                linkaddr_copy
 .text.linkaddr_cmp
                0x0000c52c       0x12 contiki-sky.a(linkaddr.o)
                0x0000c52c                linkaddr_cmp
 .text.linkaddr_set_node_addr
                0x0000c53e        0xc contiki-sky.a(linkaddr.o)
                0x0000c53e                linkaddr_set_node_addr
 .text.index_from_key
                0x0000c54a       0x48 contiki-sky.a(nbr-table.o)
 .text.item_from_key
                0x0000c592       0x34 contiki-sky.a(nbr-table.o)
 .text.nbr_set_bit
                0x0000c5c6       0x8e contiki-sky.a(nbr-table.o)
 .text.index_from_lladdr
                0x0000c654       0x42 contiki-sky.a(nbr-table.o)
 .text.nbr_get_bit.constprop.0
                0x0000c696       0x62 contiki-sky.a(nbr-table.o)
 .text.nbr_table_register
                0x0000c6f8       0x28 contiki-sky.a(nbr-table.o)
                0x0000c6f8                nbr_table_register
 .text.nbr_table_next
                0x0000c720       0x90 contiki-sky.a(nbr-table.o)
                0x0000c720                nbr_table_next
 .text.nbr_table_head
                0x0000c7b0       0x36 contiki-sky.a(nbr-table.o)
                0x0000c7b0                nbr_table_head
 .text.nbr_table_add_lladdr
                0x0000c7e6      0x144 contiki-sky.a(nbr-table.o)
                0x0000c7e6                nbr_table_add_lladdr
 .text.nbr_table_get_from_lladdr
                0x0000c92a       0x48 contiki-sky.a(nbr-table.o)
                0x0000c92a                nbr_table_get_from_lladdr
 .text.nbr_table_remove
                0x0000c972       0x32 contiki-sky.a(nbr-table.o)
                0x0000c972                nbr_table_remove
 .text.nbr_table_lock
                0x0000c9a4       0x10 contiki-sky.a(nbr-table.o)
                0x0000c9a4                nbr_table_lock
 .text.nbr_table_unlock
                0x0000c9b4       0x10 contiki-sky.a(nbr-table.o)
                0x0000c9b4                nbr_table_unlock
 .text.nbr_table_get_lladdr
                0x0000c9c4       0x5a contiki-sky.a(nbr-table.o)
                0x0000c9c4                nbr_table_get_lladdr
 .text.packetbuf_compact
                0x0000ca1e       0x2e contiki-sky.a(packetbuf.o)
                0x0000ca1e                packetbuf_compact
 .text.packetbuf_copyto
                0x0000ca4c       0x52 contiki-sky.a(packetbuf.o)
                0x0000ca4c                packetbuf_copyto
 .text.packetbuf_hdrreduce
                0x0000ca9e       0x1a contiki-sky.a(packetbuf.o)
                0x0000ca9e                packetbuf_hdrreduce
 .text.packetbuf_set_datalen
                0x0000cab8        0x6 contiki-sky.a(packetbuf.o)
                0x0000cab8                packetbuf_set_datalen
 .text.packetbuf_dataptr
                0x0000cabe        0xe contiki-sky.a(packetbuf.o)
                0x0000cabe                packetbuf_dataptr
 .text.packetbuf_hdrptr
                0x0000cacc        0xa contiki-sky.a(packetbuf.o)
                0x0000cacc                packetbuf_hdrptr
 .text.packetbuf_datalen
                0x0000cad6        0x6 contiki-sky.a(packetbuf.o)
                0x0000cad6                packetbuf_datalen
 .text.packetbuf_hdrlen
                0x0000cadc       0x10 contiki-sky.a(packetbuf.o)
                0x0000cadc                packetbuf_hdrlen
 .text.packetbuf_totlen
                0x0000caec        0xc contiki-sky.a(packetbuf.o)
                0x0000caec                packetbuf_totlen
 .text.packetbuf_hdralloc
                0x0000caf8       0x2e contiki-sky.a(packetbuf.o)
                0x0000caf8                packetbuf_hdralloc
 .text.packetbuf_attr_clear
                0x0000cb26       0x28 contiki-sky.a(packetbuf.o)
                0x0000cb26                packetbuf_attr_clear
 .text.packetbuf_clear
                0x0000cb4e       0x1a contiki-sky.a(packetbuf.o)
                0x0000cb4e                packetbuf_clear
 .text.packetbuf_copyfrom
                0x0000cb68       0x2e contiki-sky.a(packetbuf.o)
                0x0000cb68                packetbuf_copyfrom
 .text.packetbuf_attr_copyto
                0x0000cb96       0x22 contiki-sky.a(packetbuf.o)
                0x0000cb96                packetbuf_attr_copyto
 .text.packetbuf_attr_copyfrom
                0x0000cbb8       0x24 contiki-sky.a(packetbuf.o)
                0x0000cbb8                packetbuf_attr_copyfrom
 .text.packetbuf_holds_broadcast
                0x0000cbdc        0xe contiki-sky.a(packetbuf.o)
                0x0000cbdc                packetbuf_holds_broadcast
 .text.queuebuf_init
                0x0000cbea       0x12 contiki-sky.a(queuebuf.o)
                0x0000cbea                queuebuf_init
 .text.queuebuf_numfree
                0x0000cbfc        0xa contiki-sky.a(queuebuf.o)
                0x0000cbfc                queuebuf_numfree
 .text.queuebuf_new_from_packetbuf
                0x0000cc06       0x52 contiki-sky.a(queuebuf.o)
                0x0000cc06                queuebuf_new_from_packetbuf
 .text.queuebuf_free
                0x0000cc58       0x2a contiki-sky.a(queuebuf.o)
                0x0000cc58                queuebuf_free
 .text.queuebuf_to_packetbuf
                0x0000cc82       0x32 contiki-sky.a(queuebuf.o)
                0x0000cc82                queuebuf_to_packetbuf
 .text.bootstrap
                0x0000ccb4        0x4 contiki-sky.a(nullsec.o)
 .text.send     0x0000ccb8        0xa contiki-sky.a(nullsec.o)
 .text.on_frame_created
                0x0000ccc2        0x4 contiki-sky.a(nullsec.o)
 .text.input    0x0000ccc6        0x6 contiki-sky.a(nullsec.o)
 .text.get_overhead
                0x0000cccc        0x4 contiki-sky.a(nullsec.o)
 .text.coap_parse_int_option
                0x0000ccd0       0x46 contiki-sky.a(er-coap.o)
 .text.coap_set_option_header
                0x0000cd16       0xa6 contiki-sky.a(er-coap.o)
 .text.coap_serialize_int_option
                0x0000cdbc       0xda contiki-sky.a(er-coap.o)
 .text.coap_get_variable
                0x0000ce96       0xbe contiki-sky.a(er-coap.o)
 .text.coap_serialize_array_option
                0x0000cf54       0xee contiki-sky.a(er-coap.o)
 .text.coap_merge_multi_option.part.1
                0x0000d042       0x34 contiki-sky.a(er-coap.o)
 .text.coap_init_connection
                0x0000d076       0x22 contiki-sky.a(er-coap.o)
                0x0000d076                coap_init_connection
 .text.coap_get_mid
                0x0000d098        0xc contiki-sky.a(er-coap.o)
                0x0000d098                coap_get_mid
 .text.coap_init_message
                0x0000d0a4       0x30 contiki-sky.a(er-coap.o)
                0x0000d0a4                coap_init_message
 .text.coap_serialize_message
                0x0000d0d4      0x470 contiki-sky.a(er-coap.o)
                0x0000d0d4                coap_serialize_message
 .text.coap_send_message
                0x0000d544       0x4a contiki-sky.a(er-coap.o)
                0x0000d544                coap_send_message
 .text.coap_parse_message
                0x0000d58e      0x554 contiki-sky.a(er-coap.o)
                0x0000d58e                coap_parse_message
 .text.coap_get_query_variable
                0x0000dae2       0x1c contiki-sky.a(er-coap.o)
                0x0000dae2                coap_get_query_variable
 .text.coap_get_post_variable
                0x0000dafe       0x20 contiki-sky.a(er-coap.o)
                0x0000dafe                coap_get_post_variable
 .text.coap_set_status_code
                0x0000db1e       0x12 contiki-sky.a(er-coap.o)
                0x0000db1e                coap_set_status_code
 .text.coap_set_token
                0x0000db30       0x24 contiki-sky.a(er-coap.o)
                0x0000db30                coap_set_token
 .text.coap_get_header_content_format
                0x0000db54       0x18 contiki-sky.a(er-coap.o)
                0x0000db54                coap_get_header_content_format
 .text.coap_set_header_content_format
                0x0000db6c        0xe contiki-sky.a(er-coap.o)
                0x0000db6c                coap_set_header_content_format
 .text.coap_get_header_accept
                0x0000db7a       0x16 contiki-sky.a(er-coap.o)
                0x0000db7a                coap_get_header_accept
 .text.coap_get_header_max_age
                0x0000db90       0x26 contiki-sky.a(er-coap.o)
                0x0000db90                coap_get_header_max_age
 .text.coap_set_header_max_age
                0x0000dbb6       0x12 contiki-sky.a(er-coap.o)
                0x0000dbb6                coap_set_header_max_age
 .text.coap_set_header_etag
                0x0000dbc8       0x2a contiki-sky.a(er-coap.o)
                0x0000dbc8                coap_set_header_etag
 .text.coap_get_header_if_match
                0x0000dbf2       0x1c contiki-sky.a(er-coap.o)
                0x0000dbf2                coap_get_header_if_match
 .text.coap_get_header_if_none_match
                0x0000dc0e       0x10 contiki-sky.a(er-coap.o)
                0x0000dc0e                coap_get_header_if_none_match
 .text.coap_get_header_uri_host
                0x0000dc1e       0x18 contiki-sky.a(er-coap.o)
                0x0000dc1e                coap_get_header_uri_host
 .text.coap_get_header_uri_path
                0x0000dc36       0x18 contiki-sky.a(er-coap.o)
                0x0000dc36                coap_get_header_uri_path
 .text.coap_get_header_uri_query
                0x0000dc4e       0x16 contiki-sky.a(er-coap.o)
                0x0000dc4e                coap_get_header_uri_query
 .text.coap_set_header_location_query
                0x0000dc64       0x2c contiki-sky.a(er-coap.o)
                0x0000dc64                coap_set_header_location_query
 .text.coap_set_header_location_path
                0x0000dc90       0x8c contiki-sky.a(er-coap.o)
                0x0000dc90                coap_set_header_location_path
 .text.coap_set_header_observe
                0x0000dd1c       0x12 contiki-sky.a(er-coap.o)
                0x0000dd1c                coap_set_header_observe
 .text.coap_get_header_block2
                0x0000dd2e       0x4c contiki-sky.a(er-coap.o)
                0x0000dd2e                coap_get_header_block2
 .text.coap_set_header_block2
                0x0000dd7a       0x40 contiki-sky.a(er-coap.o)
                0x0000dd7a                coap_set_header_block2
 .text.coap_get_header_size2
                0x0000ddba       0x1e contiki-sky.a(er-coap.o)
                0x0000ddba                coap_get_header_size2
 .text.coap_set_header_size2
                0x0000ddd8       0x12 contiki-sky.a(er-coap.o)
                0x0000ddd8                coap_set_header_size2
 .text.coap_get_payload
                0x0000ddea       0x1a contiki-sky.a(er-coap.o)
                0x0000ddea                coap_get_payload
 .text.coap_set_payload
                0x0000de04       0x16 contiki-sky.a(er-coap.o)
                0x0000de04                coap_set_payload
 .text.spi_init
                0x0000de1a       0x32 contiki-sky.a(spi.o)
                0x0000de1a                spi_init
 .text.stimer_set
                0x0000de4c       0x1c contiki-sky.a(stimer.o)
                0x0000de4c                stimer_set
 .text.stimer_expired
                0x0000de68       0x30 contiki-sky.a(stimer.o)
                0x0000de68                stimer_expired
 .text.uip_udp_packet_send
                0x0000de98       0x2e contiki-sky.a(uip-udp-packet.)
                0x0000de98                uip_udp_packet_send
 .text.field_len
                0x0000dec6       0x98 contiki-sky.a(frame802154.o)
 .text.frame802154_hdrlen
                0x0000df5e       0x2e contiki-sky.a(frame802154.o)
                0x0000df5e                frame802154_hdrlen
 .text.frame802154_create
                0x0000df8c      0x146 contiki-sky.a(frame802154.o)
                0x0000df8c                frame802154_create
 .text.frame802154_parse
                0x0000e0d2      0x1da contiki-sky.a(frame802154.o)
                0x0000e0d2                frame802154_parse
 .text.mac_call_sent_callback
                0x0000e2ac       0x14 contiki-sky.a(mac.o)
                0x0000e2ac                mac_call_sent_callback
 .text.libgcc   0x0000e2c0       0x2c /usr/lib/gcc/msp430/4.6.3/mmpy-16/libgcc.a(_mulsi3.o)
                0x0000e2c0                __mulsi3
 .text.libgcc   0x0000e2ec       0x22 /usr/lib/gcc/msp430/4.6.3/mmpy-16/libgcc.a(_udivmod16.o)
                0x0000e2ec                __udivhi3
                0x0000e2ec                __ext_udivmod16
                0x0000e306                __umodhi3
 .text.libgcc   0x0000e30e       0x3a /usr/lib/gcc/msp430/4.6.3/mmpy-16/libgcc.a(_divmod16.o)
                0x0000e30e                __ext_divmod16
                0x0000e30e                __divhi3
                0x0000e340                __modhi3
 .text.libgcc   0x0000e348       0x40 /usr/lib/gcc/msp430/4.6.3/mmpy-16/libgcc.a(_udivmod32.o)
                0x0000e348                __udivsi3
                0x0000e348                __ext_udivmod32
                0x0000e37e                __umodsi3
 .text.libgcc   0x0000e388       0x4c /usr/lib/gcc/msp430/4.6.3/mmpy-16/libgcc.a(_divmod32.o)
                0x0000e388                __ext_divmod32
                0x0000e388                __divsi3
                0x0000e3ca                __modsi3
 .text          0x0000e3d4       0x12 /usr/lib/gcc/msp430/4.6.3/../../../../msp430/lib/mmpy-16/libc.a(strchr.o)
                0x0000e3d4                strchr
 .text          0x0000e3e6       0x1c /usr/lib/gcc/msp430/4.6.3/../../../../msp430/lib/mmpy-16/libc.a(memchr.o)
                0x0000e3e6                memchr
 .text          0x0000e402       0x28 /usr/lib/gcc/msp430/4.6.3/../../../../msp430/lib/mmpy-16/libc.a(strncmp.o)
                0x0000e402                strncmp
 .text          0x0000e42a       0x20 /usr/lib/gcc/msp430/4.6.3/../../../../msp430/lib/mmpy-16/libc.a(memcmp.o)
                0x0000e42a                memcmp
 .text          0x0000e44a       0x14 /usr/lib/gcc/msp430/4.6.3/../../../../msp430/lib/mmpy-16/libc.a(strcpy.o)
                0x0000e44a                strcpy
 .text          0x0000e45e       0xfa /usr/lib/gcc/msp430/4.6.3/../../../../msp430/lib/mmpy-16/libc.a(memcpy.o)
                0x0000e45e                memcpy
 .text          0x0000e558       0xfa /usr/lib/gcc/msp430/4.6.3/../../../../msp430/lib/mmpy-16/libc.a(memmove.o)
                0x0000e558                memmove
 .text          0x0000e652       0x6a /usr/lib/gcc/msp430/4.6.3/../../../../msp430/lib/mmpy-16/libc.a(memset.o)
                0x0000e652                memset
 .text          0x0000e6bc       0x8a /usr/lib/gcc/msp430/4.6.3/../../../../msp430/lib/mmpy-16/libc.a(atoi.o)
                0x0000e6bc                atoi
 .text          0x0000e746       0x1e /usr/lib/gcc/msp430/4.6.3/../../../../msp430/lib/mmpy-16/libc.a(printf.o)
                0x0000e746                printf
                0x0000e756                vprintf
 .text          0x0000e764       0xbc /usr/lib/gcc/msp430/4.6.3/../../../../msp430/lib/mmpy-16/libc.a(sprintf.o)
                0x0000e7c2                sprintf
                0x0000e7de                snprintf
                0x0000e7f8                vsprintf
                0x0000e80e                vsnprintf
 .text          0x0000e820      0x836 /usr/lib/gcc/msp430/4.6.3/../../../../msp430/lib/mmpy-16/libc.a(vuprintf.o)
                0x0000e9b8                vuprintf
 .text          0x0000f056       0x2c /usr/lib/gcc/msp430/4.6.3/../../../../msp430/lib/mmpy-16/libc.a(puts.o)
                0x0000f056                puts
 .text          0x0000f082       0x54 /usr/lib/gcc/msp430/4.6.3/../../../../msp430/lib/mmpy-16/libc.a(rand.o)
                0x0000f082                rand_r
                0x0000f0a6                rand
                0x0000f0cc                srand
 .text.libgcc   0x0000f0d6       0xf0 /usr/lib/gcc/msp430/4.6.3/mmpy-16/libgcc.a(_udivmod64.o)
                0x0000f0d6                __xabi_udivmod64
                0x0000f134                __udivdi3
                0x0000f15a                __umoddi3
                0x0000f188                __udivmoddi4
 .text.crt0     0x0000f1c6        0x2 /usr/lib/gcc/msp430/4.6.3/mmpy-16/libcrt0.a(_unexpected_.o)
                0x0000f1c6                _unexpected_
                0x0000f1c8                . = ALIGN (0x2)

.rodata         0x0000f1c8      0x4ac
                0x0000f1c8                . = ALIGN (0x2)
 *(.rodata .rodata.* .gnu.linkonce.r.*)
 .rodata        0x0000f1c8       0x9c fireAlarm.co
                0x0000f220                autostart_processes
 .rodata        0x0000f264      0x120 obj_sky/contiki-sky-main.o
 .rodata        0x0000f384       0xec contiki-sky.a(er-coap-engine.)
                0x0000f3de                coap_rest_implementation
 .rodata        0x0000f470       0x11 contiki-sky.a(er-coap-observe)
 .rodata        0x0000f481       0x19 contiki-sky.a(er-coap-res-wel)
 .rodata        0x0000f49a        0xc contiki-sky.a(rest-engine.o)
 .rodata        0x0000f4a6       0x10 contiki-sky.a(button-sensor.o)
                0x0000f4ae                button_sensor
 .rodata        0x0000f4b6        0x8 contiki-sky.a(sensors.o)
 .rodata        0x0000f4be       0x5a contiki-sky.a(cc2420.o)
                0x0000f4da                cc2420_aes_128_driver
                0x0000f4de                cc2420_driver
 .rodata        0x0000f518        0xf contiki-sky.a(ctimer.o)
 .rodata        0x0000f527        0xc contiki-sky.a(etimer.o)
 *fill*         0x0000f533        0x1 00
 .rodata        0x0000f534       0x24 contiki-sky.a(sicslowpan.o)
                0x0000f540                sicslowpan_driver
                0x0000f546                llprefix
                0x0000f548                unc_mxconf
                0x0000f54c                unc_ctxconf
                0x0000f550                unc_llconf
 .rodata        0x0000f558        0xd contiki-sky.a(tcpip.o)
 .rodata        0x0000f565       0x29 contiki-sky.a(uip-debug.o)
 .rodata        0x0000f58e        0x8 contiki-sky.a(framer-802154.o)
                0x0000f58e                framer_802154
 .rodata        0x0000f596       0x16 contiki-sky.a(nullmac.o)
                0x0000f59e                nullmac_driver
 .rodata        0x0000f5ac       0x18 contiki-sky.a(nullrdc.o)
                0x0000f5b4                nullrdc_driver
 .rodata        0x0000f5c4        0x8 contiki-sky.a(linkaddr.o)
                0x0000f5c4                linkaddr_null
 .rodata        0x0000f5cc       0x14 contiki-sky.a(nullsec.o)
                0x0000f5d4                nullsec_driver
 .rodata        0x0000f5e0       0x8a contiki-sky.a(er-coap.o)
 .rodata        0x0000f66a        0x2 contiki-sky.a(frame802154.o)
 .rodata        0x0000f66c        0x7 /usr/lib/gcc/msp430/4.6.3/../../../../msp430/lib/mmpy-16/libc.a(vuprintf.o)
                0x0000f674                . = ALIGN (0x2)
 *fill*         0x0000f673        0x1 00
                0x0000f674                _etext = .

.data           0x00001100      0x122 load address 0x0000f674
                0x00001100                . = ALIGN (0x2)
                0x00001100                PROVIDE (__data_start, .)
 *(.data .data.* .gnu.linkonce.d.*)
 .data          0x00001100       0x2e fireAlarm.co
                0x00001100                fireAlarm_main
                0x0000110a                Id
                0x0000111c                fireAlarm
 .data          0x0000112e        0xa contiki-sky.a(er-coap-engine.)
                0x0000112e                coap_engine
 .data          0x00001138        0x8 contiki-sky.a(er-coap-transac)
 .data          0x00001140        0x8 contiki-sky.a(er-coap-observe)
 .data          0x00001148       0x12 contiki-sky.a(er-coap-res-wel)
                0x00001148                res_well_known_core
 .data          0x0000115a        0xa contiki-sky.a(rest-engine.o)
                0x0000115a                rest_engine_process
 .data          0x00001164        0x4 contiki-sky.a(contiki-sky-pla)
                0x00001164                sensors
 .data          0x00001168        0xa contiki-sky.a(sensors.o)
                0x00001168                sensors_process
 .data          0x00001172        0xa contiki-sky.a(cc2420.o)
                0x00001172                cc2420_process
 .data          0x0000117c        0x2 contiki-sky.a(msp430.o)
 .data          0x0000117e        0xa contiki-sky.a(ctimer.o)
                0x0000117e                ctimer_process
 .data          0x00001188        0xa contiki-sky.a(etimer.o)
                0x00001188                etimer_process
 .data          0x00001192        0xa contiki-sky.a(uip-ds6-nbr.o)
                0x00001192                ds6_neighbors
 .data          0x0000119c       0x20 contiki-sky.a(uip-ds6-route.o)
 .data          0x000011bc        0xc contiki-sky.a(uip-icmp6.o)
 .data          0x000011c8        0xa contiki-sky.a(tcpip.o)
                0x000011c8                tcpip_process
 .data          0x000011d2        0xa contiki-sky.a(rpl-dag.o)
                0x000011d2                rpl_parents
 .data          0x000011dc       0x1a contiki-sky.a(rpl-icmp6.o)
 .data          0x000011f6        0xe contiki-sky.a(rpl-mrhof.o)
                0x000011f6                rpl_mrhof
 .data          0x00001204        0x8 contiki-sky.a(nbr-table.o)
 .data          0x0000120c       0x10 contiki-sky.a(queuebuf.o)
 .data          0x0000121c        0x2 contiki-sky.a(er-coap.o)
                0x0000121c                coap_error_message
 .data          0x0000121e        0x4 /usr/lib/gcc/msp430/4.6.3/../../../../msp430/lib/mmpy-16/libc.a(rand.o)
                0x00001222                . = ALIGN (0x2)
                0x00001222                _edata = .
                0x0000f674                PROVIDE (__data_load_start, LOADADDR (.data))
                0x00000122                PROVIDE (__data_size, SIZEOF (.data))

.bss            0x00001222     0x1c5c load address 0x0000f796
                0x00001222                PROVIDE (__bss_start, .)
 *(.bss .bss.*)
 .bss           0x00001222       0x10 fireAlarm.co
                0x00001222                room_id
 .bss           0x00001232        0xc obj_sky/contiki-sky-main.o
 .bss           0x0000123e      0x10c contiki-sky.a(er-coap-engine.)
 .bss           0x0000134a      0x2f0 contiki-sky.a(er-coap-transac)
 .bss           0x0000163a       0xa2 contiki-sky.a(er-coap-observe)
 .bss           0x000016dc        0x4 contiki-sky.a(rest-engine.o)
 .bss           0x000016e0        0x8 contiki-sky.a(button-sensor.o)
 .bss           0x000016e8        0x2 contiki-sky.a(node-id.o)
                0x000016e8                node_id
 .bss           0x000016ea        0x6 contiki-sky.a(sensors.o)
 .bss           0x000016f0        0x8 contiki-sky.a(cc2420.o)
 .bss           0x000016f8       0x9a contiki-sky.a(uart1.o)
 .bss           0x00001792        0xa contiki-sky.a(clock.o)
 .bss           0x0000179c        0x1 contiki-sky.a(leds.o)
 *fill*         0x0000179d        0x1 00
 .bss           0x0000179e        0x2 contiki-sky.a(watchdog.o)
 .bss           0x000017a0        0x4 contiki-sky.a(ctimer.o)
 .bss           0x000017a4        0x6 contiki-sky.a(etimer.o)
 .bss           0x000017aa       0x42 contiki-sky.a(process.o)
                0x000017aa                process_current
                0x000017ac                process_list
 .bss           0x000017ec        0x2 contiki-sky.a(rtimer.o)
 .bss           0x000017ee      0x1b0 contiki-sky.a(sicslowpan.o)
 .bss           0x0000199e        0xa contiki-sky.a(uip6.o)
                0x0000199e                uip_ext_opt_offset
                0x000019a0                uip_ext_len
                0x000019a2                uip_ext_bitmap
 .bss           0x000019a8       0x18 contiki-sky.a(uip-ds6.o)
 .bss           0x000019c0      0x2f8 contiki-sky.a(uip-ds6-nbr.o)
 .bss           0x00001cb8      0x362 contiki-sky.a(uip-ds6-route.o)
 .bss           0x0000201a       0x14 contiki-sky.a(uip-icmp6.o)
 .bss           0x0000202e        0xe contiki-sky.a(tcpip.o)
 .bss           0x0000203c        0x2 contiki-sky.a(rpl.o)
 .bss           0x0000203e       0xf0 contiki-sky.a(rpl-dag.o)
 .bss           0x0000212e       0x18 contiki-sky.a(rpl-timers.o)
 .bss           0x00002146        0x2 contiki-sky.a(framer-802154.o)
 .bss           0x00002148      0x118 contiki-sky.a(nbr-table.o)
 .bss           0x00002260       0xb8 contiki-sky.a(packetbuf.o)
 .bss           0x00002318      0x5a0 contiki-sky.a(queuebuf.o)
 .bss           0x000028b8        0x6 contiki-sky.a(er-coap.o)
                0x000028b8                erbium_status_code
 .bss           0x000028be        0x4 /usr/lib/gcc/msp430/4.6.3/../../../../msp430/lib/mmpy-16/libc.a(sprintf.o)
 *(COMMON)
 COMMON         0x000028c2        0x2 contiki-sky.a(contiki-sky-pla)
                0x000028c2                sensors_flags
 COMMON         0x000028c4        0x8 contiki-sky.a(ds2411.o)
                0x000028c4                ds2411_id
 COMMON         0x000028cc        0x1 contiki-sky.a(sensors.o)
                0x000028cc                sensors_event
 *fill*         0x000028cd        0x1 00
 COMMON         0x000028ce       0x10 contiki-sky.a(cc2420.o)
                0x000028ce                cc2420_last_rssi
                0x000028d0                cc2420_sfd_start_time
                0x000028d2                cc2420_time_of_departure
                0x000028d4                cc2420_time_of_arrival
                0x000028d6                cc2420_last_correlation
                0x000028d8                cc2420_authority_level_of_sender
                0x000028da                cc2420_sfd_counter
                0x000028dc                cc2420_sfd_end_time
 COMMON         0x000028de        0x2 contiki-sky.a(msp430.o)
                0x000028de                msp430_dco_required
 COMMON         0x000028e0       0x56 contiki-sky.a(energest.o)
                0x000028e0                energest_total_time
                0x00002910                energest_total_count
                0x00002912                energest_current_mode
                0x0000291e                energest_current_time
 COMMON         0x00002936        0x1 contiki-sky.a(process.o)
                0x00002936                process_maxevents
 *fill*         0x00002937        0x1 00
 COMMON         0x00002938        0x8 contiki-sky.a(sicslowpan.o)
                0x00002938                frag_sender
 COMMON         0x00002940      0x2cc contiki-sky.a(uip6.o)
                0x00002940                uip_len
                0x00002942                uip_sappdata
                0x00002944                uip_lladdr
                0x0000294c                uip_aligned_buf
                0x00002ac8                uip_flags
                0x00002aca                uip_next_hdr
                0x00002acc                uip_udp_conn
                0x00002ace                uip_appdata
                0x00002ad0                uip_conn
                0x00002ad2                uip_slen
                0x00002ad4                uip_udp_conns
 COMMON         0x00002c0c      0x15c contiki-sky.a(uip-ds6.o)
                0x00002c0c                uip_ds6_timer_ra
                0x00002c14                uip_ds6_if
                0x00002d00                uip_ds6_netif_addr_list_offset
                0x00002d01                uip_ds6_addr_size
                0x00002d02                uip_ds6_prefix_list
                0x00002d5c                uip_ds6_timer_periodic
 COMMON         0x00002d68        0x1 contiki-sky.a(tcpip.o)
                0x00002d68                tcpip_event
 *fill*         0x00002d69        0x1 00
 COMMON         0x00002d6a       0xde contiki-sky.a(rpl-dag.o)
                0x00002d6a                default_instance
                0x00002d6c                instance_table
 COMMON         0x00002e48        0x8 contiki-sky.a(linkaddr.o)
                0x00002e48                linkaddr_node_addr
 COMMON         0x00002e50       0x2e contiki-sky.a(packetbuf.o)
                0x00002e50                packetbuf_addrs
                0x00002e60                packetbuf_attrs
                0x00002e7e                . = ALIGN (0x2)
                0x00002e7e                PROVIDE (__bss_end, .)
                0x00001c5c                PROVIDE (__bss_size, SIZEOF (.bss))

.noinit         0x00002e7e        0x2 load address 0x0000f796
                0x00002e7e                PROVIDE (__noinit_start, .)
 *(.noinit .noinit.*)
 .noinit.crt0   0x00002e7e        0x2 /usr/lib/gcc/msp430/4.6.3/mmpy-16/libcrt0.a(__watchdog_support.o)
                0x00002e7e                __wdt_clear_value
                0x00002e80                . = ALIGN (0x2)
                0x00002e80                PROVIDE (__noinit_end, .)
                0x00002e80                . = ALIGN (0x2)
                0x00002e80                _end = .

.infomem        0x00001000        0x0
 *(.infomem)
                0x00001000                . = ALIGN (0x2)
 *(.infomem.*)

.infomemnobits  0x00001000        0x0
 *(.infomemnobits)
                0x00001000                . = ALIGN (0x2)
 *(.infomemnobits.*)

.infoa
 *(.infoa .infoa.*)

.infob
 *(.infob .infob.*)

.infoc
 *(.infoc .infoc.*)

.infod
 *(.infod .infod.*)

.vectors        0x0000ffe0       0x20
                0x0000ffe0                PROVIDE (__vectors_start, .)
 *(.vectors*)
 .vectors       0x0000ffe0       0x20 /usr/lib/gcc/msp430/4.6.3/mmpy-16/crt0ivtbl16.o
                0x0000ffe0                __ivtbl_16
                0x00010000                _vectors_end = .

.fartext        0x00000000        0x0
                0x00000000                . = ALIGN (0x2)
 *(.fartext)
                0x00000000                . = ALIGN (0x2)
 *(.fartext.*)
                0x00000000                _efartext = .

.profiler
 *(.profiler)

.stab           0x00000000    0x2ab88
 *(.stab)
 .stab          0x00000000     0x1d40 fireAlarm.co
 .stab          0x00001d40     0x129c obj_sky/contiki-sky-main.o
                               0x1b0c (size before relaxing)
 .stab          0x00002fdc     0x1104 contiki-sky.a(er-coap-engine.)
                               0x225c (size before relaxing)
 .stab          0x000040e0      0xa20 contiki-sky.a(er-coap-transac)
                               0x1cd4 (size before relaxing)
 .stab          0x00004b00      0xdb0 contiki-sky.a(er-coap-observe)
                               0x20d0 (size before relaxing)
 .stab          0x000058b0      0x840 contiki-sky.a(er-coap-res-wel)
                               0x1c14 (size before relaxing)
 .stab          0x000060f0      0x84c contiki-sky.a(rest-engine.o)
                                0xe28 (size before relaxing)
 .stab          0x0000693c      0x264 contiki-sky.a(contiki-sky-pla)
                                0x5b8 (size before relaxing)
 .stab          0x00006ba0      0x468 contiki-sky.a(button-sensor.o)
                                0x7d4 (size before relaxing)
 .stab          0x00007008      0x624 contiki-sky.a(ds2411.o)
                                0xb40 (size before relaxing)
 .stab          0x0000762c      0xa38 contiki-sky.a(xmem.o)
                                0xf60 (size before relaxing)
 .stab          0x00008064      0x2b8 contiki-sky.a(node-id.o)
                                0x4e0 (size before relaxing)
 .stab          0x0000831c      0x654 contiki-sky.a(sensors.o)
                                0xb70 (size before relaxing)
 .stab          0x00008970     0x25e0 contiki-sky.a(cc2420.o)
                               0x2cac (size before relaxing)
 .stab          0x0000af50      0x5ac contiki-sky.a(cc2420-arch.o)
                               0x1728 (size before relaxing)
 .stab          0x0000b4fc      0x60c contiki-sky.a(uart1.o)
                                0x960 (size before relaxing)
 .stab          0x0000bb08      0x27c contiki-sky.a(uart1-putchar.o)
                                0x7bc (size before relaxing)
 .stab          0x0000bd84      0x744 contiki-sky.a(msp430.o)
                                0xa98 (size before relaxing)
 .stab          0x0000c4c8      0x948 contiki-sky.a(clock.o)
                                0xc9c (size before relaxing)
 .stab          0x0000ce10      0x5dc contiki-sky.a(leds.o)
                                0x828 (size before relaxing)
 .stab          0x0000d3ec      0x3a8 contiki-sky.a(leds-arch.o)
                                0x6fc (size before relaxing)
 .stab          0x0000d794      0x3fc contiki-sky.a(watchdog.o)
                                0x750 (size before relaxing)
 .stab          0x0000db90      0x3cc contiki-sky.a(rtimer-arch.o)
                                0x720 (size before relaxing)
 .stab          0x0000df5c      0x288 contiki-sky.a(autostart.o)
                                0x534 (size before relaxing)
 .stab          0x0000e1e4      0x7a4 contiki-sky.a(ctimer.o)
                                0xb10 (size before relaxing)
 .stab          0x0000e988      0x474 contiki-sky.a(energest.o)
                                0x6fc (size before relaxing)
 .stab          0x0000edfc      0xa38 contiki-sky.a(etimer.o)
                                0xd08 (size before relaxing)
 .stab          0x0000f834      0xb7c contiki-sky.a(process.o)
                               0x1014 (size before relaxing)
 .stab          0x000103b0      0x3d8 contiki-sky.a(rtimer.o)
                                0x6c0 (size before relaxing)
 .stab          0x00010788      0x354 contiki-sky.a(timer.o)
                                0x594 (size before relaxing)
 .stab          0x00010adc      0x7f8 contiki-sky.a(list.o)
                                0x804 (size before relaxing)
 .stab          0x000112d4      0x5c4 contiki-sky.a(memb.o)
                                0xaf8 (size before relaxing)
 .stab          0x00011898      0x228 contiki-sky.a(random.o)
                                0x624 (size before relaxing)
 .stab          0x00011ac0     0x1f98 contiki-sky.a(sicslowpan.o)
                               0x2ee0 (size before relaxing)
 .stab          0x00013a58     0x1524 contiki-sky.a(uip6.o)
                               0x20dc (size before relaxing)
 .stab          0x00014f7c     0x13d4 contiki-sky.a(uip-ds6.o)
                               0x1f74 (size before relaxing)
 .stab          0x00016350      0xcd8 contiki-sky.a(uip-ds6-nbr.o)
                               0x1710 (size before relaxing)
 .stab          0x00017028     0x1260 contiki-sky.a(uip-ds6-route.o)
                               0x1de8 (size before relaxing)
 .stab          0x00018288      0xcf0 contiki-sky.a(uip-icmp6.o)
                               0x1968 (size before relaxing)
 .stab          0x00018f78      0x57c contiki-sky.a(uip-nd6.o)
                               0x1158 (size before relaxing)
 .stab          0x000194f4      0xd14 contiki-sky.a(tcpip.o)
                               0x1f5c (size before relaxing)
 .stab          0x0001a208      0x444 contiki-sky.a(uip-debug.o)
                                0xbd0 (size before relaxing)
 .stab          0x0001a64c      0xa8c contiki-sky.a(rpl.o)
                               0x17b8 (size before relaxing)
 .stab          0x0001b0d8     0x2f10 contiki-sky.a(rpl-dag.o)
                               0x3c18 (size before relaxing)
 .stab          0x0001dfe8      0xa50 contiki-sky.a(rpl-ext-header.)
                               0x180c (size before relaxing)
 .stab          0x0001ea38     0x17ac contiki-sky.a(rpl-icmp6.o)
                               0x25b0 (size before relaxing)
 .stab          0x000201e4      0x8ac contiki-sky.a(rpl-mrhof.o)
                               0x159c (size before relaxing)
 .stab          0x00020a90      0xbdc contiki-sky.a(rpl-timers.o)
                               0x18cc (size before relaxing)
 .stab          0x0002166c      0x930 contiki-sky.a(framer-802154.o)
                                0xf54 (size before relaxing)
 .stab          0x00021f9c      0x3fc contiki-sky.a(framer.o)
                                0xc54 (size before relaxing)
 .stab          0x00022398      0x96c contiki-sky.a(nullmac.o)
                                0xdd4 (size before relaxing)
 .stab          0x00022d04      0x90c contiki-sky.a(nullrdc.o)
                               0x105c (size before relaxing)
 .stab          0x00023610      0x2c4 contiki-sky.a(linkaddr.o)
                                0x6c0 (size before relaxing)
 .stab          0x000238d4      0xd80 contiki-sky.a(nbr-table.o)
                               0x1428 (size before relaxing)
 .stab          0x00024654      0xdb0 contiki-sky.a(packetbuf.o)