Archive member included because of file (symbol)

contiki-z1.a(er-coap-engine.)
                              sens-temp.co (coap_rest_implementation)
contiki-z1.a(er-coap-transac)
                              contiki-z1.a(er-coap-engine.) (coap_register_as_transaction_handler)
contiki-z1.a(er-coap-observe)
                              contiki-z1.a(er-coap-transac) (coap_remove_observer_by_client)
contiki-z1.a(er-coap-res-wel)
                              contiki-z1.a(er-coap-engine.) (res_well_known_core)
contiki-z1.a(rest-engine.o)   sens-temp.co (rest_init_engine)
contiki-z1.a(contiki-z1-plat)
                              obj_z1/contiki-z1-main.o (init_platform)
contiki-z1.a(msp430.o)        obj_z1/contiki-z1-main.o (splhigh_)
contiki-z1.a(leds.o)          obj_z1/contiki-z1-main.o (leds_init)
contiki-z1.a(watchdog.o)      obj_z1/contiki-z1-main.o (watchdog_start)
contiki-z1.a(xmem.o)          obj_z1/contiki-z1-main.o (xmem_init)
contiki-z1.a(spi.o)           contiki-z1.a(xmem.o) (spi_init)
contiki-z1.a(cc2420.o)        obj_z1/contiki-z1-main.o (cc2420_set_pan_addr)
contiki-z1.a(cc2420-arch.o)   contiki-z1.a(cc2420.o) (cc2420_arch_init)
contiki-z1.a(node-id.o)       obj_z1/contiki-z1-main.o (node_id_restore)
contiki-z1.a(sensors.o)       contiki-z1.a(contiki-z1-plat) (sensors_process)
contiki-z1.a(button-sensor.o)
                              obj_z1/contiki-z1-main.o (button_sensor)
contiki-z1.a(uart0.o)         obj_z1/contiki-z1-main.o (uart0_active)
contiki-z1.a(uart0-putchar.o)
                              obj_z1/contiki-z1-main.o (putchar)
contiki-z1.a(adxl345.o)       obj_z1/contiki-z1-main.o (accm_init)
contiki-z1.a(clock.o)         obj_z1/contiki-z1-main.o (clock_init)
contiki-z1.a(leds-arch.o)     contiki-z1.a(leds.o) (leds_arch_init)
contiki-z1.a(rtimer-arch.o)   obj_z1/contiki-z1-main.o (rtimer_arch_now)
contiki-z1.a(autostart.o)     obj_z1/contiki-z1-main.o (autostart_start)
contiki-z1.a(ctimer.o)        obj_z1/contiki-z1-main.o (ctimer_init)
contiki-z1.a(energest.o)      obj_z1/contiki-z1-main.o (energest_init)
contiki-z1.a(etimer.o)        contiki-z1.a(clock.o) (etimer_request_poll)
contiki-z1.a(process.o)       contiki-z1.a(er-coap-engine.) (process_current)
contiki-z1.a(rtimer.o)        obj_z1/contiki-z1-main.o (rtimer_init)
contiki-z1.a(timer.o)         contiki-z1.a(button-sensor.o) (timer_set)
contiki-z1.a(list.o)          contiki-z1.a(rest-engine.o) (list_init)
contiki-z1.a(memb.o)          contiki-z1.a(er-coap-transac) (memb_alloc)
contiki-z1.a(random.o)        contiki-z1.a(er-coap-transac) (random_rand)
contiki-z1.a(sicslowpan.o)    obj_z1/contiki-z1-main.o (sicslowpan_driver)
contiki-z1.a(uip6.o)          contiki-z1.a(er-coap-engine.) (uip_aligned_buf)
contiki-z1.a(uip-ds6.o)       contiki-z1.a(uip6.o) (uip_ds6_is_addr_onlink)
contiki-z1.a(uip-ds6-nbr.o)   contiki-z1.a(uip-ds6.o) (uip_ds6_neighbors_init)
contiki-z1.a(uip-ds6-route.o)
                              contiki-z1.a(uip-ds6.o) (uip_ds6_route_init)
contiki-z1.a(uip-icmp6.o)     contiki-z1.a(uip6.o) (uip_icmp6_input)
contiki-z1.a(uip-nd6.o)       contiki-z1.a(uip-ds6-nbr.o) (uip_nd6_ns_output)
contiki-z1.a(tcpip.o)         contiki-z1.a(sicslowpan.o) (tcpip_set_outputfunc)
contiki-z1.a(uip-debug.o)     contiki-z1.a(uip-ds6-route.o) (uip_debug_ipaddr_print)
contiki-z1.a(rpl.o)           contiki-z1.a(uip-ds6-nbr.o) (rpl_link_neighbor_callback)
contiki-z1.a(rpl-dag.o)       contiki-z1.a(rpl.o) (default_instance)
contiki-z1.a(rpl-ext-header.)
                              contiki-z1.a(uip6.o) (rpl_verify_header)
contiki-z1.a(rpl-icmp6.o)     contiki-z1.a(rpl.o) (dao_output_target)
contiki-z1.a(rpl-mrhof.o)     contiki-z1.a(rpl.o) (rpl_mrhof)
contiki-z1.a(rpl-timers.o)    contiki-z1.a(rpl.o) (rpl_reset_periodic_timer)
contiki-z1.a(linkaddr.o)      obj_z1/contiki-z1-main.o (linkaddr_copy)
contiki-z1.a(nbr-table.o)     contiki-z1.a(uip-ds6-nbr.o) (nbr_table_register)
contiki-z1.a(packetbuf.o)     contiki-z1.a(cc2420.o) (packetbuf_set_datalen)
contiki-z1.a(queuebuf.o)      obj_z1/contiki-z1-main.o (queuebuf_init)
contiki-z1.a(framer-802154.o)
                              contiki-z1.a(sicslowpan.o) (framer_802154)
contiki-z1.a(framer.o)        contiki-z1.a(framer-802154.o) (framer_canonical_create_and_secure)
contiki-z1.a(nullmac.o)       obj_z1/contiki-z1-main.o (nullmac_driver)
contiki-z1.a(nullrdc.o)       obj_z1/contiki-z1-main.o (nullrdc_driver)
contiki-z1.a(nullsec.o)       contiki-z1.a(sicslowpan.o) (nullsec_driver)
contiki-z1.a(er-coap.o)       contiki-z1.a(er-coap-engine.) (coap_init_connection)
contiki-z1.a(i2cmaster.o)     contiki-z1.a(adxl345.o) (i2c_receiveinit)
contiki-z1.a(stimer.o)        contiki-z1.a(uip-ds6.o) (stimer_set)
contiki-z1.a(uip-udp-packet.)
                              contiki-z1.a(er-coap.o) (uip_udp_packet_send)
contiki-z1.a(frame802154.o)   contiki-z1.a(framer-802154.o) (frame802154_hdrlen)
contiki-z1.a(mac.o)           contiki-z1.a(nullrdc.o) (mac_call_sent_callback)
[...]
Memory Configuration

Name             Origin             Length             Attributes
sfr              0x00000000         0x00000010
peripheral_8bit  0x00000010         0x000000f0
peripheral_16bit 0x00000100         0x00000100
ram_mirror       0x00000200         0x00000800         xw
infomem          0x00001000         0x00000100
infod            0x00001000         0x00000040
infoc            0x00001040         0x00000040
infob            0x00001080         0x00000040
infoa            0x000010c0         0x00000040
ram              0x00001100         0x00002000         xw
rom              0x00003100         0x0000cebe         xr
vectors          0x0000ffc0         0x00000040
far_rom          0x00010000         0x0000a000
bsl              0x00000000         0x00000000
ram2             0x00000000         0x00000000         xw
usbram           0x00000000         0x00000000         xw
*default*        0x00000000         0xffffffff

Linker script and memory map

LOAD /usr/lib/gcc/msp430/4.6.3/mcpu-430x/mmpy-16/crt0ivtbl32.o
                0x00000041                __P1SEL2 = 0x41
                0x00000045                __P5SEL2 = 0x45
LOAD sens-temp.co
LOAD obj_z1/contiki-z1-main.o
LOAD contiki-z1.a
LOAD /usr/lib/gcc/msp430/4.6.3/mcpu-430x/mmpy-16/libgcc.a
LOAD /usr/lib/gcc/msp430/4.6.3/../../../../msp430/lib/mcpu-430x/mmpy-16/libc.a
LOAD /usr/lib/gcc/msp430/4.6.3/mcpu-430x/mmpy-16/libgcc.a
LOAD /usr/lib/gcc/msp430/4.6.3/mcpu-430x/mmpy-16/libcrt0.a
                0x00000040                PROVIDE (__info_segment_size, 0x40)
                0x00001000                PROVIDE (__infod, 0x1000)
                0x00001040                PROVIDE (__infoc, 0x1040)
                0x00001080                PROVIDE (__infob, 0x1080)
                0x000010c0                PROVIDE (__infoa, 0x10c0)
                0x00000000                __IE1 = 0x0
                0x00000002                __IFG1 = 0x2
                0x00000001                __IE2 = 0x1
                0x00000003                __IFG2 = 0x3
                0x00000006                __UC1IE = 0x6
                0x00000007                __UC1IFG = 0x7
                0x000001a0                __ADC12CTL0 = 0x1a0
                0x000001a2                __ADC12CTL1 = 0x1a2
                0x000001a4                __ADC12IFG = 0x1a4
                0x000001a6                __ADC12IE = 0x1a6
                0x000001a8                __ADC12IV = 0x1a8
                0x00000140                __ADC12MEM0 = 0x140
                0x00000142                __ADC12MEM1 = 0x142
                0x00000144                __ADC12MEM2 = 0x144
                0x00000146                __ADC12MEM3 = 0x146
                0x00000148                __ADC12MEM4 = 0x148
                0x0000014a                __ADC12MEM5 = 0x14a
                0x0000014c                __ADC12MEM6 = 0x14c
                0x0000014e                __ADC12MEM7 = 0x14e
                0x00000150                __ADC12MEM8 = 0x150
                0x00000152                __ADC12MEM9 = 0x152
                0x00000154                __ADC12MEM10 = 0x154
                0x00000156                __ADC12MEM11 = 0x156
                0x00000158                __ADC12MEM12 = 0x158
                0x0000015a                __ADC12MEM13 = 0x15a
                0x0000015c                __ADC12MEM14 = 0x15c
                0x0000015e                __ADC12MEM15 = 0x15e
                0x00000080                __ADC12MCTL0 = 0x80
                0x00000081                __ADC12MCTL1 = 0x81
                0x00000082                __ADC12MCTL2 = 0x82
                0x00000083                __ADC12MCTL3 = 0x83
                0x00000084                __ADC12MCTL4 = 0x84
                0x00000085                __ADC12MCTL5 = 0x85
                0x00000086                __ADC12MCTL6 = 0x86
                0x00000087                __ADC12MCTL7 = 0x87
                0x00000088                __ADC12MCTL8 = 0x88
                0x00000089                __ADC12MCTL9 = 0x89
                0x0000008a                __ADC12MCTL10 = 0x8a
                0x0000008b                __ADC12MCTL11 = 0x8b
                0x0000008c                __ADC12MCTL12 = 0x8c
                0x0000008d                __ADC12MCTL13 = 0x8d
                0x0000008e                __ADC12MCTL14 = 0x8e
                0x0000008f                __ADC12MCTL15 = 0x8f
                0x00000056                __DCOCTL = 0x56
                0x00000057                __BCSCTL1 = 0x57
                0x00000058                __BCSCTL2 = 0x58
                0x00000053                __BCSCTL3 = 0x53
                0x00000059                __CACTL1 = 0x59
                0x0000005a                __CACTL2 = 0x5a
                0x0000005b                __CAPD = 0x5b
                0x000001c0                __DAC12_0CTL = 0x1c0
                0x000001c2                __DAC12_1CTL = 0x1c2
                0x000001c8                __DAC12_0DAT = 0x1c8
                0x000001ca                __DAC12_1DAT = 0x1ca
                0x00000122                __DMACTL0 = 0x122
                0x00000124                __DMACTL1 = 0x124
                0x00000126                __DMAIV = 0x126
                0x000001d0                __DMA0CTL = 0x1d0
                0x000001dc                __DMA1CTL = 0x1dc
                0x000001e8                __DMA2CTL = 0x1e8
                0x000001d2                __DMA0SA = 0x1d2
                0x000001d2                __DMA0SAL = 0x1d2
                0x000001d6                __DMA0DA = 0x1d6
                0x000001d6                __DMA0DAL = 0x1d6
                0x000001da                __DMA0SZ = 0x1da
                0x000001de                __DMA1SA = 0x1de
                0x000001de                __DMA1SAL = 0x1de
                0x000001e2                __DMA1DA = 0x1e2
                0x000001e2                __DMA1DAL = 0x1e2
                0x000001e6                __DMA1SZ = 0x1e6
                0x000001ea                __DMA2SA = 0x1ea
                0x000001ea                __DMA2SAL = 0x1ea
                0x000001ee                __DMA2DA = 0x1ee
                0x000001ee                __DMA2DAL = 0x1ee
                0x000001f2                __DMA2SZ = 0x1f2
                0x00000128                __FCTL1 = 0x128
                0x0000012a                __FCTL2 = 0x12a
                0x0000012c                __FCTL3 = 0x12c
                0x000001be                __FCTL4 = 0x1be
                0x00000130                __MPY = 0x130
                0x00000132                __MPYS = 0x132
                0x00000134                __MAC = 0x134
                0x00000136                __MACS = 0x136
                0x00000138                __OP2 = 0x138
                0x0000013a                __RESLO = 0x13a
                0x0000013c                __RESHI = 0x13c
                0x0000013e                __SUMEXT = 0x13e
                0x00000020                __P1IN = 0x20
                0x00000021                __P1OUT = 0x21
                0x00000022                __P1DIR = 0x22
                0x00000023                __P1IFG = 0x23
                0x00000024                __P1IES = 0x24
                0x00000025                __P1IE = 0x25
                0x00000026                __P1SEL = 0x26
                0x00000027                __P1REN = 0x27
                0x00000028                __P2IN = 0x28
                0x00000029                __P2OUT = 0x29
                0x0000002a                __P2DIR = 0x2a
                0x0000002b                __P2IFG = 0x2b
                0x0000002c                __P2IES = 0x2c
                0x0000002d                __P2IE = 0x2d
                0x0000002e                __P2SEL = 0x2e
                0x0000002f                __P2REN = 0x2f
                0x00000018                __P3IN = 0x18
                0x00000019                __P3OUT = 0x19
                0x0000001a                __P3DIR = 0x1a
                0x0000001b                __P3SEL = 0x1b
                0x00000010                __P3REN = 0x10
                0x0000001c                __P4IN = 0x1c
                0x0000001d                __P4OUT = 0x1d
                0x0000001e                __P4DIR = 0x1e
                0x0000001f                __P4SEL = 0x1f
                0x00000011                __P4REN = 0x11
                0x00000030                __P5IN = 0x30
                0x00000031                __P5OUT = 0x31
                0x00000032                __P5DIR = 0x32
                0x00000033                __P5SEL = 0x33
                0x00000012                __P5REN = 0x12
                0x00000034                __P6IN = 0x34
                0x00000035                __P6OUT = 0x35
                0x00000036                __P6DIR = 0x36
                0x00000037                __P6SEL = 0x37
                0x00000013                __P6REN = 0x13
                0x00000038                __P7IN = 0x38
                0x0000003a                __P7OUT = 0x3a
                0x0000003c                __P7DIR = 0x3c
                0x0000003e                __P7SEL = 0x3e
                0x00000014                __P7REN = 0x14
                0x00000039                __P8IN = 0x39
                0x0000003b                __P8OUT = 0x3b
                0x0000003d                __P8DIR = 0x3d
                0x0000003f                __P8SEL = 0x3f
                0x00000015                __P8REN = 0x15
                0x00000038                __PAIN = 0x38
                0x0000003a                __PAOUT = 0x3a
                0x0000003c                __PADIR = 0x3c
                0x0000003e                __PASEL = 0x3e
                0x00000014                __PAREN = 0x14
                0x00000055                __SVSCTL = 0x55
                0x0000012e                __TAIV = 0x12e
                0x00000160                __TACTL = 0x160
                0x00000162                __TACCTL0 = 0x162
                0x00000164                __TACCTL1 = 0x164
                0x00000166                __TACCTL2 = 0x166
                0x00000170                __TAR = 0x170
                0x00000172                __TACCR0 = 0x172
                0x00000174                __TACCR1 = 0x174
                0x00000176                __TACCR2 = 0x176
                0x0000011e                __TBIV = 0x11e
                0x00000180                __TBCTL = 0x180
                0x00000182                __TBCCTL0 = 0x182
                0x00000184                __TBCCTL1 = 0x184
                0x00000186                __TBCCTL2 = 0x186
                0x00000188                __TBCCTL3 = 0x188
                0x0000018a                __TBCCTL4 = 0x18a
                0x0000018c                __TBCCTL5 = 0x18c
                0x0000018e                __TBCCTL6 = 0x18e
                0x00000190                __TBR = 0x190
                0x00000192                __TBCCR0 = 0x192
                0x00000194                __TBCCR1 = 0x194
                0x00000196                __TBCCR2 = 0x196
                0x00000198                __TBCCR3 = 0x198
                0x0000019a                __TBCCR4 = 0x19a
                0x0000019c                __TBCCR5 = 0x19c
                0x0000019e                __TBCCR6 = 0x19e
                0x00000060                __UCA0CTL0 = 0x60
                0x00000061                __UCA0CTL1 = 0x61
                0x00000062                __UCA0BR0 = 0x62
                0x00000063                __UCA0BR1 = 0x63
                0x00000064                __UCA0MCTL = 0x64
                0x00000065                __UCA0STAT = 0x65
                0x00000066                __UCA0RXBUF = 0x66
                0x00000067                __UCA0TXBUF = 0x67
                0x0000005d                __UCA0ABCTL = 0x5d
                0x0000005e                __UCA0IRTCTL = 0x5e
                0x0000005f                __UCA0IRRCTL = 0x5f
                0x00000068                __UCB0CTL0 = 0x68
                0x00000069                __UCB0CTL1 = 0x69
                0x0000006a                __UCB0BR0 = 0x6a
                0x0000006b                __UCB0BR1 = 0x6b
                0x0000006c                __UCB0I2CIE = 0x6c
                0x0000006d                __UCB0STAT = 0x6d
                0x0000006e                __UCB0RXBUF = 0x6e
                0x0000006f                __UCB0TXBUF = 0x6f
                0x00000118                __UCB0I2COA = 0x118
                0x0000011a                __UCB0I2CSA = 0x11a
                0x000000d0                __UCA1CTL0 = 0xd0
                0x000000d1                __UCA1CTL1 = 0xd1
                0x000000d2                __UCA1BR0 = 0xd2
                0x000000d3                __UCA1BR1 = 0xd3
                0x000000d4                __UCA1MCTL = 0xd4
                0x000000d5                __UCA1STAT = 0xd5
                0x000000d6                __UCA1RXBUF = 0xd6
                0x000000d7                __UCA1TXBUF = 0xd7
                0x000000cd                __UCA1ABCTL = 0xcd
                0x000000ce                __UCA1IRTCTL = 0xce
                0x000000cf                __UCA1IRRCTL = 0xcf
                0x000000d8                __UCB1CTL0 = 0xd8
                0x000000d9                __UCB1CTL1 = 0xd9
                0x000000da                __UCB1BR0 = 0xda
                0x000000db                __UCB1BR1 = 0xdb
                0x000000dc                __UCB1I2CIE = 0xdc
                0x000000dd                __UCB1STAT = 0xdd
                0x000000de                __UCB1RXBUF = 0xde
                0x000000df                __UCB1TXBUF = 0xdf
                0x0000017c                __UCB1I2COA = 0x17c
                0x0000017e                __UCB1I2CSA = 0x17e
                0x00000120                __WDTCTL = 0x120
                0x000010c0                __TLV_CHECKSUM = 0x10c0
                0x000010f6                __TLV_DCO_30_TAG = 0x10f6
                0x000010f7                __TLV_DCO_30_LEN = 0x10f7
                0x000010da                __TLV_ADC12_1_TAG = 0x10da
                0x000010db                __TLV_ADC12_1_LEN = 0x10db
                0x000010f8                __CALDCO_16MHZ = 0x10f8
                0x000010f9                __CALBC1_16MHZ = 0x10f9
                0x000010fa                __CALDCO_12MHZ = 0x10fa
                0x000010fb                __CALBC1_12MHZ = 0x10fb
                0x000010fc                __CALDCO_8MHZ = 0x10fc
                0x000010fd                __CALBC1_8MHZ = 0x10fd
                0x000010fe                __CALDCO_1MHZ = 0x10fe
                0x000010ff                __CALBC1_1MHZ = 0x10ff

.hash
 *(.hash)

.dynsym
 *(.dynsym)

.dynstr
 *(.dynstr)

.gnu.version
 *(.gnu.version)

.gnu.version_d
 *(.gnu.version_d)

.gnu.version_r
 *(.gnu.version_r)

.rel.init
 *(.rel.init)

.rela.init
 *(.rela.init)

.rel.fini
 *(.rel.fini)

.rela.fini
 *(.rela.fini)

.rel.text
 *(.rel.text .rel.text.* .rel.gnu.linkonce.t.*)

.rela.text
 *(.rela.text .rela.text.* .rela.gnu.linkonce.t.*)

.rel.rodata
 *(.rel.rodata .rel.rodata.* .rel.gnu.linkonce.r.*)

.rela.rodata
 *(.rela.rodata .rela.rodata.* .rela.gnu.linkonce.r.*)

.rel.data
 *(.rel.data .rel.data.* .rel.gnu.linkonce.d.*)

.rela.data
 *(.rela.data .rela.data.* .rela.gnu.linkonce.d.*)

.rel.bss
 *(.rel.bss .rel.bss.* .rel.gnu.linkonce.b.*)

.rela.bss
 *(.rela.bss .rela.bss.* .rela.gnu.linkonce.b.*)

.rel.ctors
 *(.rel.ctors)

.rela.ctors
 *(.rela.ctors)

.rel.dtors
 *(.rel.dtors)

.rela.dtors
 *(.rela.dtors)

.rel.got
 *(.rel.got)

.rela.got
 *(.rela.got)

.rel.plt
 *(.rel.plt)

.rela.plt
 *(.rela.plt)

.text           0x00003100     0xba28
                0x00003100                . = ALIGN (0x2)
 *(.init .init.*)
 *(.init0)
 .init0         0x00003100        0x0 /usr/lib/gcc/msp430/4.6.3/mcpu-430x/mmpy-16/libcrt0.a(_reset_vector__.o)
                0x00003100                _reset_vector__
 *(.init1)
 .init1         0x00003100        0xc /usr/lib/gcc/msp430/4.6.3/mcpu-430x/mmpy-16/libcrt0.a(__watchdog_support.o)
                0x00003100                __watchdog_support
 *(.init2)
 .init2         0x0000310c        0x4 /usr/lib/gcc/msp430/4.6.3/mcpu-430x/mmpy-16/libcrt0.a(__init_stack.o)
                0x0000310c                __init_stack
 *(.init3)
 .init3         0x00003110        0x0 /usr/lib/gcc/msp430/4.6.3/mcpu-430x/mmpy-16/libcrt0.a(__low_level_init.o)
                0x00003110                __low_level_init
 *(.init4)
 .init4         0x00003110       0x18 /usr/lib/gcc/msp430/4.6.3/mcpu-430x/mmpy-16/libcrt0.a(_copy_data.o)
                0x00003110                __do_copy_data
 .init4         0x00003128       0x16 /usr/lib/gcc/msp430/4.6.3/mcpu-430x/mmpy-16/libcrt0.a(_clear_bss.o)
                0x00003128                __do_clear_bss
 *(.init5)
 *(.init6)
 *(.init7)
 *(.init8)
 *(.init9)
 .init9         0x0000313e      0x35c obj_z1/contiki-z1-main.o
                0x0000313e                main
 *(.fini9)
 .fini9         0x0000349a        0x0 /usr/lib/gcc/msp430/4.6.3/mcpu-430x/mmpy-16/libcrt0.a(__stop_progExec__.o)
                0x0000349a                __stop_progExec__
 *(.fini8)
 *(.fini7)
 *(.fini6)
 *(.fini5)
 *(.fini4)
 *(.fini3)
 *(.fini2)
 *(.fini1)
 *(.fini0)
 .fini0         0x0000349a        0x6 /usr/lib/gcc/msp430/4.6.3/mcpu-430x/mmpy-16/libcrt0.a(_endless_loop__.o)
                0x0000349a                _endless_loop__
 *(.fini .fini.*)
                0x000034a0                . = ALIGN (0x2)
                0x000034a0                __ctors_start = .
 *(.ctors)
                0x000034a0                __ctors_end = .
                0x000034a0                __dtors_start = .
 *(.dtors)
                0x000034a0                __dtors_end = .
                0x000034a0                . = ALIGN (0x2)
 *(.text .text.* .gnu.linkonce.t.*)
 .text          0x000034a0        0x4 /usr/lib/gcc/msp430/4.6.3/mcpu-430x/mmpy-16/crt0ivtbl32.o
                0x000034a0                __isr_14
                0x000034a0                __isr_4
                0x000034a0                __isr_29
                0x000034a0                __isr_11
                0x000034a0                __isr_5
                0x000034a0                __isr_2
                0x000034a0                __isr_10
                0x000034a0                __isr_7
                0x000034a0                __isr_0
                0x000034a0                __isr_28
                0x000034a0                __isr_8
                0x000034a0                __isr_20
                0x000034a0                __isr_3
                0x000034a0                __isr_12
                0x000034a0                __isr_13
                0x000034a0                __isr_27
                0x000034a0                __isr_9
                0x000034a0                __isr_30
                0x000034a0                __isr_6
                0x000034a0                __isr_22
                0x000034a0                __isr_1
                0x000034a0                __isr_15
                0x000034a0                __isr_21
 .text.temp_periodic_handler
                0x000034a4       0x7c sens-temp.co
 .text.process_thread_temperature_process
                0x00003520       0x50 sens-temp.co
 .text.temp_get_handler
                0x00003570       0x76 sens-temp.co
                0x00003570                temp_get_handler
 .text.id_get_handler
                0x000035e6       0x6c sens-temp.co
                0x000035e6                id_get_handler
 .text.temp_post_handler
                0x00003652       0x3c sens-temp.co
                0x00003652                temp_post_handler
 .text.id_post_handler
                0x0000368e       0x3a sens-temp.co
                0x0000368e                id_post_handler
 .text.coap_set_service_callback
                0x000036c8        0x6 contiki-z1.a(er-coap-engine.)
                0x000036c8                coap_set_service_callback
 .text.coap_get_rest_method
                0x000036ce       0x1a contiki-z1.a(er-coap-engine.)
                0x000036ce                coap_get_rest_method
 .text.process_thread_coap_engine
                0x000036e8      0x3fa contiki-z1.a(er-coap-engine.)
 .text.coap_init_engine
                0x00003ae2        0xc contiki-z1.a(er-coap-engine.)
                0x00003ae2                coap_init_engine
 .text.coap_register_as_transaction_handler
                0x00003aee        0x8 contiki-z1.a(er-coap-transac)
                0x00003aee                coap_register_as_transaction_handler
 .text.coap_new_transaction
                0x00003af6       0x46 contiki-z1.a(er-coap-transac)
                0x00003af6                coap_new_transaction
 .text.coap_clear_transaction
                0x00003b3c       0x26 contiki-z1.a(er-coap-transac)
                0x00003b3c                coap_clear_transaction
 .text.coap_send_transaction
                0x00003b62       0xb0 contiki-z1.a(er-coap-transac)
                0x00003b62                coap_send_transaction
 .text.coap_get_transaction_by_mid
                0x00003c12       0x1e contiki-z1.a(er-coap-transac)
                0x00003c12                coap_get_transaction_by_mid
 .text.coap_check_transactions
                0x00003c30       0x2e contiki-z1.a(er-coap-transac)
                0x00003c30                coap_check_transactions
 .text.coap_remove_observer
                0x00003c5e       0x1c contiki-z1.a(er-coap-observe)
                0x00003c5e                coap_remove_observer
 .text.coap_remove_observer_by_client
                0x00003c7a       0x40 contiki-z1.a(er-coap-observe)
                0x00003c7a                coap_remove_observer_by_client
 .text.coap_remove_observer_by_token
                0x00003cba       0x5e contiki-z1.a(er-coap-observe)
                0x00003cba                coap_remove_observer_by_token
 .text.coap_remove_observer_by_uri
                0x00003d18       0x6a contiki-z1.a(er-coap-observe)
                0x00003d18                coap_remove_observer_by_uri
 .text.coap_add_observer
                0x00003d82       0x5c contiki-z1.a(er-coap-observe)
                0x00003d82                coap_add_observer
 .text.coap_remove_observer_by_mid
                0x00003dde       0x48 contiki-z1.a(er-coap-observe)
                0x00003dde                coap_remove_observer_by_mid
 .text.coap_notify_observers
                0x00003e26       0xdc contiki-z1.a(er-coap-observe)
                0x00003e26                coap_notify_observers
 .text.coap_observe_handler
                0x00003f02       0xb8 contiki-z1.a(er-coap-observe)
                0x00003f02                coap_observe_handler
 .text.well_known_core_get_handler
                0x00003fba      0x27a contiki-z1.a(er-coap-res-wel)
                0x00003fba                well_known_core_get_handler
 .text.process_thread_rest_engine_process
                0x00004234       0xb8 contiki-z1.a(rest-engine.o)
 .text.rest_invoke_restful_service
                0x000042ec      0x10e contiki-z1.a(rest-engine.o)
                0x000042ec                rest_invoke_restful_service
 .text.rest_init_engine
                0x000043fa       0x26 contiki-z1.a(rest-engine.o)
                0x000043fa                rest_init_engine
 .text.rest_activate_resource
                0x00004420       0x3c contiki-z1.a(rest-engine.o)
                0x00004420                rest_activate_resource
 .text.rest_get_resources
                0x0000445c        0x6 contiki-z1.a(rest-engine.o)
                0x0000445c                rest_get_resources
 .text.init_platform
                0x00004462        0xc contiki-z1.a(contiki-z1-plat)
                0x00004462                init_platform
 .text.msp430_init_dco
                0x0000446e       0x28 contiki-z1.a(msp430.o)
                0x0000446e                msp430_init_dco
 .text.splhigh_
                0x00004496        0x8 contiki-z1.a(msp430.o)
                0x00004496                splhigh_
 .text.msp430_sync_dco
                0x0000449e       0x72 contiki-z1.a(msp430.o)
                0x0000449e                msp430_sync_dco
 .text.msp430_cpu_init
                0x00004510       0x2a contiki-z1.a(msp430.o)
                0x00004510                msp430_cpu_init
 .text.show_leds
                0x0000453a       0xee contiki-z1.a(leds.o)
 .text.leds_init
                0x00004628        0xa contiki-z1.a(leds.o)
                0x00004628                leds_init
 .text.leds_on  0x00004632        0xa contiki-z1.a(leds.o)
                0x00004632                leds_on
 .text.leds_off
                0x0000463c        0xe contiki-z1.a(leds.o)
                0x0000463c                leds_off
 .text.watchdog_interrupt
                0x0000464a        0x6 contiki-z1.a(watchdog.o)
                0x0000464a                __isr_26
                0x0000464a                watchdog_interrupt
 .text.watchdog_start
                0x00004650       0x14 contiki-z1.a(watchdog.o)
                0x00004650                watchdog_start
 .text.watchdog_periodic
                0x00004664       0x12 contiki-z1.a(watchdog.o)
                0x00004664                watchdog_periodic
 .text.watchdog_stop
                0x00004676       0x16 contiki-z1.a(watchdog.o)
                0x00004676                watchdog_stop
 .text.watchdog_init
                0x0000468c       0x14 contiki-z1.a(watchdog.o)
                0x0000468c                watchdog_init
 .text.wait_ready
                0x000046a0       0x4e contiki-z1.a(xmem.o)
 .text.xmem_init
                0x000046ee       0x1e contiki-z1.a(xmem.o)
                0x000046ee                xmem_init
 .text.xmem_pread
                0x0000470c       0xd0 contiki-z1.a(xmem.o)
                0x0000470c                xmem_pread
 .text.spi_init
                0x000047dc       0x38 contiki-z1.a(spi.o)
                0x000047dc                spi_init
 .text.get_object
                0x00004814        0x4 contiki-z1.a(cc2420.o)
 .text.set_object
                0x00004818        0x4 contiki-z1.a(cc2420.o)
 .text.strobe   0x0000481c       0x20 contiki-z1.a(cc2420.o)
 .text.getreg   0x0000483c       0x50 contiki-z1.a(cc2420.o)
 .text.setreg   0x0000488c       0x52 contiki-z1.a(cc2420.o)
 .text.write_ram
                0x000048de       0x7e contiki-z1.a(cc2420.o)
 .text.write_fifo_buf
                0x0000495c       0x40 contiki-z1.a(cc2420.o)
 .text.get_status
                0x0000499c       0x24 contiki-z1.a(cc2420.o)
 .text.set_txpower
                0x000049c0       0x26 contiki-z1.a(cc2420.o)
 .text.cc2420_receiving_packet
                0x000049e6        0xe contiki-z1.a(cc2420.o)
 .text.pending_packet
                0x000049f4        0xe contiki-z1.a(cc2420.o)
 .text.on       0x00004a02       0x1e contiki-z1.a(cc2420.o)
 .text.wait_for_transmission
                0x00004a20       0x22 contiki-z1.a(cc2420.o)
 .text.wait_for_status
                0x00004a42       0x26 contiki-z1.a(cc2420.o)
 .text.getrxdata
                0x00004a68       0x54 contiki-z1.a(cc2420.o)
 .text.flushrx  0x00004abc       0x1a contiki-z1.a(cc2420.o)
 .text.off      0x00004ad6       0x56 contiki-z1.a(cc2420.o)
 .text.RELEASE_LOCK
                0x00004b2c       0x28 contiki-z1.a(cc2420.o)
 .text.set_key  0x00004b54       0x18 contiki-z1.a(cc2420.o)
 .text.cc2420_prepare
                0x00004b6c       0x38 contiki-z1.a(cc2420.o)
 .text.cc2420_on
                0x00004ba4       0x22 contiki-z1.a(cc2420.o)
                0x00004ba4                cc2420_on
 .text.cc2420_off
                0x00004bc6       0x30 contiki-z1.a(cc2420.o)
                0x00004bc6                cc2420_off
 .text.cc2420_cca
                0x00004bf6       0x5a contiki-z1.a(cc2420.o)
 .text.cc2420_read
                0x00004c50       0xac contiki-z1.a(cc2420.o)
 .text.process_thread_cc2420_process
                0x00004cfc       0x50 contiki-z1.a(cc2420.o)
 .text.encrypt  0x00004d4c       0x8c contiki-z1.a(cc2420.o)
 .text.cc2420_set_channel
                0x00004dd8       0x3a contiki-z1.a(cc2420.o)
                0x00004dd8                cc2420_set_channel
 .text.cc2420_set_pan_addr
                0x00004e12       0x4c contiki-z1.a(cc2420.o)
                0x00004e12                cc2420_set_pan_addr
 .text.cc2420_interrupt
                0x00004e5e       0x18 contiki-z1.a(cc2420.o)
                0x00004e5e                cc2420_interrupt
 .text.cc2420_set_txpower
                0x00004e76        0xe contiki-z1.a(cc2420.o)
                0x00004e76                cc2420_set_txpower
 .text.cc2420_get_txpower
                0x00004e84       0x1e contiki-z1.a(cc2420.o)
                0x00004e84                cc2420_get_txpower
 .text.cc2420_transmit
                0x00004ea2      0x106 contiki-z1.a(cc2420.o)
 .text.cc2420_send
                0x00004fa8       0x12 contiki-z1.a(cc2420.o)
 .text.cc2420_rssi
                0x00004fba       0x48 contiki-z1.a(cc2420.o)
                0x00004fba                cc2420_rssi
 .text.get_value
                0x00005002       0xa6 contiki-z1.a(cc2420.o)
 .text.cc2420_set_cca_threshold
                0x000050a8       0x16 contiki-z1.a(cc2420.o)
                0x000050a8                cc2420_set_cca_threshold
 .text.set_value
                0x000050be       0x84 contiki-z1.a(cc2420.o)
 .text.cc2420_init
                0x00005142       0xde contiki-z1.a(cc2420.o)
                0x00005142                cc2420_init
 .text.cc2420_arch_init
                0x00005220       0x1a contiki-z1.a(cc2420-arch.o)
                0x00005220                cc2420_arch_init
 .text.node_id_restore
                0x0000523a       0x4c contiki-z1.a(node-id.o)
                0x0000523a                node_id_restore
 .text.process_thread_sensors_process
                0x00005286       0xbe contiki-z1.a(sensors.o)
 .text.sensors_changed
                0x00005344       0x2a contiki-z1.a(sensors.o)
                0x00005344                sensors_changed
 .text.status   0x0000536e       0x16 contiki-z1.a(button-sensor.o)
 .text.configure
                0x00005384       0x52 contiki-z1.a(button-sensor.o)
 .text.value    0x000053d6       0x22 contiki-z1.a(button-sensor.o)
 .text.irq_p2   0x000053f8       0x76 contiki-z1.a(button-sensor.o)
                0x000053f8                irq_p2
                0x000053f8                __isr_19
 .text.uart0_active
                0x0000546e        0xe contiki-z1.a(uart0.o)
                0x0000546e                uart0_active
 .text.uart0_writeb
                0x0000547c       0x18 contiki-z1.a(uart0.o)
                0x0000547c                uart0_writeb
 .text.uart0_init
                0x00005494       0x46 contiki-z1.a(uart0.o)
                0x00005494                uart0_init
 .text.uart0_rx_interrupt
                0x000054da       0x66 contiki-z1.a(uart0.o)
                0x000054da                __isr_23
                0x000054da                uart0_rx_interrupt
 .text.putchar  0x00005540       0x10 contiki-z1.a(uart0-putchar.o)
                0x00005540                putchar
 .text.accm_write_reg
                0x00005550       0x2e contiki-z1.a(adxl345.o)
                0x00005550                accm_write_reg
 .text.accm_write_stream
                0x0000557e       0x2a contiki-z1.a(adxl345.o)
                0x0000557e                accm_write_stream
 .text.accm_read_reg
                0x000055a8       0x54 contiki-z1.a(adxl345.o)
                0x000055a8                accm_read_reg
 .text.process_thread_accmeter_process
                0x000055fc       0x56 contiki-z1.a(adxl345.o)
 .text.accm_init
                0x00005652       0x8a contiki-z1.a(adxl345.o)
                0x00005652                accm_init
 .text.port1_isr
                0x000056dc       0xc4 contiki-z1.a(adxl345.o)
                0x000056dc                port1_isr
                0x000056dc                __isr_18
 .text.timera1  0x000057a0      0x10a contiki-z1.a(clock.o)
                0x000057a0                __isr_24
                0x000057a0                timera1
 .text.clock_time
                0x000058aa       0x1a contiki-z1.a(clock.o)
                0x000058aa                clock_time
 .text.clock_init
                0x000058c4       0x28 contiki-z1.a(clock.o)
                0x000058c4                clock_init
 .text.clock_delay
                0x000058ec        0xc contiki-z1.a(clock.o)
                0x000058ec                clock_delay
 .text.clock_wait
                0x000058f8       0x28 contiki-z1.a(clock.o)
                0x000058f8                clock_wait
 .text.clock_seconds
                0x00005920       0x1a contiki-z1.a(clock.o)
                0x00005920                clock_seconds
 .text.leds_arch_init
                0x0000593a        0xe contiki-z1.a(leds-arch.o)
                0x0000593a                leds_arch_init
 .text.leds_arch_set
                0x00005948       0x3a contiki-z1.a(leds-arch.o)
                0x00005948                leds_arch_set
 .text.rtimer_arch_init
                0x00005982        0xe contiki-z1.a(rtimer-arch.o)
                0x00005982                rtimer_arch_init
 .text.rtimer_arch_now
                0x00005990        0xe contiki-z1.a(rtimer-arch.o)
                0x00005990                rtimer_arch_now
 .text.timera0  0x0000599e       0x5c contiki-z1.a(rtimer-arch.o)
                0x0000599e                __isr_25
                0x0000599e                timera0
 .text.rtimer_arch_schedule
                0x000059fa        0x6 contiki-z1.a(rtimer-arch.o)
                0x000059fa                rtimer_arch_schedule
 .text.autostart_start
                0x00005a00       0x16 contiki-z1.a(autostart.o)
                0x00005a00                autostart_start
 .text.process_thread_ctimer_process
                0x00005a16       0x9c contiki-z1.a(ctimer.o)
 .text.ctimer_init
                0x00005ab2       0x18 contiki-z1.a(ctimer.o)
                0x00005ab2                ctimer_init
 .text.ctimer_set
                0x00005aca       0x48 contiki-z1.a(ctimer.o)
                0x00005aca                ctimer_set
 .text.ctimer_reset
                0x00005b12       0x2c contiki-z1.a(ctimer.o)
                0x00005b12                ctimer_reset
 .text.ctimer_stop
                0x00005b3e       0x28 contiki-z1.a(ctimer.o)
                0x00005b3e                ctimer_stop
 .text.energest_init
                0x00005b66       0x28 contiki-z1.a(energest.o)
                0x00005b66                energest_init
 .text.energest_type_time
                0x00005b8e       0x3c contiki-z1.a(energest.o)
                0x00005b8e                energest_type_time
 .text.energest_type_set
                0x00005bca        0xc contiki-z1.a(energest.o)
                0x00005bca                energest_type_set
 .text.energest_flush
                0x00005bd6       0x38 contiki-z1.a(energest.o)
                0x00005bd6                energest_flush
 .text.update_time
                0x00005c0e       0x70 contiki-z1.a(etimer.o)
 .text.etimer_request_poll
                0x00005c7e        0xa contiki-z1.a(etimer.o)
                0x00005c7e                etimer_request_poll
 .text.process_thread_etimer_process
                0x00005c88       0xc0 contiki-z1.a(etimer.o)
 .text.add_timer
                0x00005d48       0x40 contiki-z1.a(etimer.o)
 .text.etimer_set
                0x00005d88       0x12 contiki-z1.a(etimer.o)
                0x00005d88                etimer_set
 .text.etimer_reset
                0x00005d9a       0x12 contiki-z1.a(etimer.o)
                0x00005d9a                etimer_reset
 .text.etimer_restart
                0x00005dac       0x12 contiki-z1.a(etimer.o)
                0x00005dac                etimer_restart
 .text.etimer_expired
                0x00005dbe        0xe contiki-z1.a(etimer.o)
                0x00005dbe                etimer_expired
 .text.etimer_expiration_time
                0x00005dcc       0x14 contiki-z1.a(etimer.o)
                0x00005dcc                etimer_expiration_time
 .text.etimer_pending
                0x00005de0        0xc contiki-z1.a(etimer.o)
                0x00005de0                etimer_pending
 .text.etimer_next_expiration_time
                0x00005dec       0x16 contiki-z1.a(etimer.o)
                0x00005dec                etimer_next_expiration_time
 .text.etimer_stop
                0x00005e02       0x3c contiki-z1.a(etimer.o)
                0x00005e02                etimer_stop
 .text.call_process
                0x00005e3e       0x46 contiki-z1.a(process.o)
 .text.exit_process
                0x00005e84       0x8a contiki-z1.a(process.o)
 .text.do_poll  0x00005f0e       0x30 contiki-z1.a(process.o)
 .text.process_alloc_event
                0x00005f3e        0xe contiki-z1.a(process.o)
                0x00005f3e                process_alloc_event
 .text.process_init
                0x00005f4c       0x1c contiki-z1.a(process.o)
                0x00005f4c                process_init
 .text.process_run
                0x00005f68       0xa4 contiki-z1.a(process.o)
                0x00005f68                process_run
 .text.process_nevents
                0x0000600c        0xe contiki-z1.a(process.o)
                0x0000600c                process_nevents
 .text.process_post
                0x0000601a       0x50 contiki-z1.a(process.o)
                0x0000601a                process_post
 .text.process_post_synch
                0x0000606a       0x12 contiki-z1.a(process.o)
                0x0000606a                process_post_synch
 .text.process_start
                0x0000607c       0x32 contiki-z1.a(process.o)
                0x0000607c                process_start
 .text.process_poll
                0x000060ae       0x18 contiki-z1.a(process.o)
                0x000060ae                process_poll
 .text.rtimer_init
                0x000060c6        0x6 contiki-z1.a(rtimer.o)
                0x000060c6                rtimer_init
 .text.rtimer_run_next
                0x000060cc       0x26 contiki-z1.a(rtimer.o)
                0x000060cc                rtimer_run_next
 .text.timer_set
                0x000060f2       0x1c contiki-z1.a(timer.o)
                0x000060f2                timer_set
 .text.timer_reset
                0x0000610e        0xe contiki-z1.a(timer.o)
                0x0000610e                timer_reset
 .text.timer_restart
                0x0000611c       0x14 contiki-z1.a(timer.o)
                0x0000611c                timer_restart
 .text.timer_expired
                0x00006130       0x2a contiki-z1.a(timer.o)
                0x00006130                timer_expired
 .text.list_init
                0x0000615a        0x6 contiki-z1.a(list.o)
                0x0000615a                list_init
 .text.list_head
                0x00006160        0x4 contiki-z1.a(list.o)
                0x00006160                list_head
 .text.list_tail
                0x00006164       0x12 contiki-z1.a(list.o)
                0x00006164                list_tail
 .text.list_remove
                0x00006176       0x34 contiki-z1.a(list.o)
                0x00006176                list_remove
 .text.list_push
                0x000061aa       0x16 contiki-z1.a(list.o)
                0x000061aa                list_push
 .text.list_add
                0x000061c0       0x26 contiki-z1.a(list.o)
                0x000061c0                list_add
 .text.list_length
                0x000061e6       0x10 contiki-z1.a(list.o)
                0x000061e6                list_length
 .text.list_item_next
                0x000061f6        0xc contiki-z1.a(list.o)
                0x000061f6                list_item_next
 .text.memb_init
                0x00006202       0x36 contiki-z1.a(memb.o)
                0x00006202                memb_init
 .text.memb_alloc
                0x00006238       0x3e contiki-z1.a(memb.o)
                0x00006238                memb_alloc
 .text.memb_free
                0x00006276       0x3a contiki-z1.a(memb.o)
                0x00006276                memb_free
 .text.memb_inmemb
                0x000062b0       0x2e contiki-z1.a(memb.o)
                0x000062b0                memb_inmemb
 .text.memb_numfree
                0x000062de       0x26 contiki-z1.a(memb.o)
                0x000062de                memb_numfree
 .text.random_rand
                0x00006304        0x6 contiki-z1.a(random.o)
                0x00006304                random_rand
 .text.set_packet_attrs
                0x0000630a       0x44 contiki-z1.a(sicslowpan.o)
 .text.addr_context_lookup_by_number
                0x0000634e       0x34 contiki-z1.a(sicslowpan.o)
 .text.compress_addr_64
                0x00006382       0xaa contiki-z1.a(sicslowpan.o)
 .text.uncompress_addr
                0x0000642c       0x96 contiki-z1.a(sicslowpan.o)
 .text.input    0x000064c2      0x5f0 contiki-z1.a(sicslowpan.o)
 .text.sicslowpan_init
                0x00006ab2       0x26 contiki-z1.a(sicslowpan.o)
                0x00006ab2                sicslowpan_init
 .text.addr_context_lookup_by_prefix
                0x00006ad8       0x4a contiki-z1.a(sicslowpan.o)
 .text.send_packet
                0x00006b22       0x1a contiki-z1.a(sicslowpan.o)
 .text.output   0x00006b3c      0x696 contiki-z1.a(sicslowpan.o)
 .text.packet_sent
                0x000071d2       0x22 contiki-z1.a(sicslowpan.o)
 .text.chksum   0x000071f4       0x32 contiki-z1.a(uip6.o)
 .text.upper_layer_chksum
                0x00007226       0x56 contiki-z1.a(uip6.o)
 .text.ext_hdr_options_process
                0x0000727c       0xcc contiki-z1.a(uip6.o)
 .text.uip_icmp6chksum
                0x00007348        0xa contiki-z1.a(uip6.o)
                0x00007348                uip_icmp6chksum
 .text.uip_udpchksum
                0x00007352        0xa contiki-z1.a(uip6.o)
                0x00007352                uip_udpchksum
 .text.uip_init
                0x0000735c       0x36 contiki-z1.a(uip6.o)
                0x0000735c                uip_init
 .text.remove_ext_hdr
                0x00007392       0x56 contiki-z1.a(uip6.o)
                0x00007392                remove_ext_hdr
 .text.uip_udp_new
                0x000073e8       0xc4 contiki-z1.a(uip6.o)
                0x000073e8                uip_udp_new
 .text.uip_process
                0x000074ac      0x496 contiki-z1.a(uip6.o)
                0x000074ac                uip_process
 .text.uip_htonl
                0x00007942       0x2a contiki-z1.a(uip6.o)
                0x00007942                uip_htonl
 .text.uip_ds6_list_loop
                0x0000796c       0x66 contiki-z1.a(uip-ds6.o)
                0x0000796c                uip_ds6_list_loop
 .text.uip_ds6_prefix_add
                0x000079d2       0x70 contiki-z1.a(uip-ds6.o)
                0x000079d2                uip_ds6_prefix_add
 .text.uip_ds6_is_addr_onlink
                0x00007a42       0x42 contiki-z1.a(uip-ds6.o)
                0x00007a42                uip_ds6_is_addr_onlink
 .text.uip_ds6_addr_lookup
                0x00007a84       0x2a contiki-z1.a(uip-ds6.o)
                0x00007a84                uip_ds6_addr_lookup
 .text.uip_ds6_get_link_local
                0x00007aae       0x3e contiki-z1.a(uip-ds6.o)
                0x00007aae                uip_ds6_get_link_local
 .text.uip_ds6_maddr_add
                0x00007aec       0x48 contiki-z1.a(uip-ds6.o)
                0x00007aec                uip_ds6_maddr_add
 .text.uip_ds6_addr_add
                0x00007b34       0xb4 contiki-z1.a(uip-ds6.o)
                0x00007b34                uip_ds6_addr_add
 .text.uip_ds6_maddr_lookup
                0x00007be8       0x2a contiki-z1.a(uip-ds6.o)
                0x00007be8                uip_ds6_maddr_lookup
 .text.uip_ds6_addr_rm
                0x00007c12       0x54 contiki-z1.a(uip-ds6.o)
                0x00007c12                uip_ds6_addr_rm
 .text.uip_ds6_periodic
                0x00007c66       0x4a contiki-z1.a(uip-ds6.o)
                0x00007c66                uip_ds6_periodic
 .text.uip_ds6_set_addr_iid
                0x00007cb0       0x14 contiki-z1.a(uip-ds6.o)
                0x00007cb0                uip_ds6_set_addr_iid
 .text.get_match_length
                0x00007cc4       0x3a contiki-z1.a(uip-ds6.o)
                0x00007cc4                get_match_length
 .text.uip_ds6_select_src
                0x00007cfe       0x9a contiki-z1.a(uip-ds6.o)
                0x00007cfe                uip_ds6_select_src
 .text.uip_ds6_compute_reachable_time
                0x00007d98       0x36 contiki-z1.a(uip-ds6.o)
                0x00007d98                uip_ds6_compute_reachable_time
 .text.uip_ds6_init
                0x00007dce      0x138 contiki-z1.a(uip-ds6.o)
                0x00007dce                uip_ds6_init
 .text.uip_ds6_nbr_rm
                0x00007f06       0x1a contiki-z1.a(uip-ds6-nbr.o)
                0x00007f06                uip_ds6_nbr_rm
 .text.uip_ds6_neighbors_init
                0x00007f20        0xe contiki-z1.a(uip-ds6-nbr.o)
                0x00007f20                uip_ds6_neighbors_init
 .text.uip_ds6_nbr_add
                0x00007f2e       0x54 contiki-z1.a(uip-ds6-nbr.o)
                0x00007f2e                uip_ds6_nbr_add
 .text.uip_ds6_nbr_get_ll
                0x00007f82        0xc contiki-z1.a(uip-ds6-nbr.o)
                0x00007f82                uip_ds6_nbr_get_ll
 .text.uip_ds6_nbr_lookup
                0x00007f8e       0x3e contiki-z1.a(uip-ds6-nbr.o)
                0x00007f8e                uip_ds6_nbr_lookup
 .text.uip_ds6_nbr_ll_lookup
                0x00007fcc        0xc contiki-z1.a(uip-ds6-nbr.o)
                0x00007fcc                uip_ds6_nbr_ll_lookup
 .text.uip_ds6_nbr_ipaddr_from_lladdr
                0x00007fd8        0x6 contiki-z1.a(uip-ds6-nbr.o)
                0x00007fd8                uip_ds6_nbr_ipaddr_from_lladdr
 .text.uip_ds6_nbr_lladdr_from_ipaddr
                0x00007fde       0x12 contiki-z1.a(uip-ds6-nbr.o)
                0x00007fde                uip_ds6_nbr_lladdr_from_ipaddr
 .text.uip_ds6_link_neighbor_callback
                0x00007ff0       0x26 contiki-z1.a(uip-ds6-nbr.o)
                0x00007ff0                uip_ds6_link_neighbor_callback
 .text.uip_ds6_neighbor_periodic
                0x00008016      0x11c contiki-z1.a(uip-ds6-nbr.o)
                0x00008016                uip_ds6_neighbor_periodic
 .text.call_route_callback
                0x00008132       0x40 contiki-z1.a(uip-ds6-route.o)
 .text.uip_ds6_route_init
                0x00008172       0x36 contiki-z1.a(uip-ds6-route.o)
                0x00008172                uip_ds6_route_init
 .text.uip_ds6_route_nexthop
                0x000081a8       0x1a contiki-z1.a(uip-ds6-route.o)
                0x000081a8                uip_ds6_route_nexthop
 .text.uip_ds6_route_head
                0x000081c2        0xa contiki-z1.a(uip-ds6-route.o)
                0x000081c2                uip_ds6_route_head
 .text.uip_ds6_route_next
                0x000081cc        0xe contiki-z1.a(uip-ds6-route.o)
                0x000081cc                uip_ds6_route_next
 .text.uip_ds6_route_lookup
                0x000081da       0x6e contiki-z1.a(uip-ds6-route.o)
                0x000081da                uip_ds6_route_lookup
 .text.uip_ds6_route_rm
                0x00008248       0xa0 contiki-z1.a(uip-ds6-route.o)
                0x00008248                uip_ds6_route_rm
 .text.rm_routelist
                0x000082e8       0x34 contiki-z1.a(uip-ds6-route.o)
 .text.rm_routelist_callback
                0x0000831c        0x6 contiki-z1.a(uip-ds6-route.o)
 .text.uip_ds6_route_add
                0x00008322       0xf8 contiki-z1.a(uip-ds6-route.o)
                0x00008322                uip_ds6_route_add
 .text.uip_ds6_defrt_rm
                0x0000841a       0x44 contiki-z1.a(uip-ds6-route.o)
                0x0000841a                uip_ds6_defrt_rm
 .text.uip_ds6_defrt_lookup
                0x0000845e       0x32 contiki-z1.a(uip-ds6-route.o)
                0x0000845e                uip_ds6_defrt_lookup
 .text.uip_ds6_defrt_add
                0x00008490       0x68 contiki-z1.a(uip-ds6-route.o)
                0x00008490                uip_ds6_defrt_add
 .text.uip_ds6_defrt_choose
                0x000084f8       0x36 contiki-z1.a(uip-ds6-route.o)
                0x000084f8                uip_ds6_defrt_choose
 .text.uip_ds6_defrt_periodic
                0x0000852e       0x38 contiki-z1.a(uip-ds6-route.o)
                0x0000852e                uip_ds6_defrt_periodic
 .text.echo_reply_input
                0x00008566      0x10a contiki-z1.a(uip-icmp6.o)
 .text.echo_request_input
                0x00008670      0x128 contiki-z1.a(uip-icmp6.o)
 .text.uip_icmp6_input
                0x00008798       0x40 contiki-z1.a(uip-icmp6.o)
                0x00008798                uip_icmp6_input
 .text.uip_icmp6_register_input_handler
                0x000087d8        0xc contiki-z1.a(uip-icmp6.o)
                0x000087d8                uip_icmp6_register_input_handler
 .text.uip_icmp6_error_output
                0x000087e4      0x166 contiki-z1.a(uip-icmp6.o)
                0x000087e4                uip_icmp6_error_output
 .text.uip_icmp6_send
                0x0000894a       0x86 contiki-z1.a(uip-icmp6.o)
                0x0000894a                uip_icmp6_send
 .text.uip_icmp6_init
                0x000089d0       0x12 contiki-z1.a(uip-icmp6.o)
                0x000089d0                uip_icmp6_init
 .text.na_input
                0x000089e2      0x19c contiki-z1.a(uip-nd6.o)
 .text.create_llao
                0x00008b7e       0x2c contiki-z1.a(uip-nd6.o)
 .text.ns_input
                0x00008baa      0x228 contiki-z1.a(uip-nd6.o)
 .text.uip_nd6_ns_output
                0x00008dd2      0x154 contiki-z1.a(uip-nd6.o)
                0x00008dd2                uip_nd6_ns_output
 .text.uip_nd6_init
                0x00008f26       0x12 contiki-z1.a(uip-nd6.o)
                0x00008f26                uip_nd6_init
 .text.tcpip_output
                0x00008f38       0x10 contiki-z1.a(tcpip.o)
                0x00008f38                tcpip_output
 .text.tcpip_set_outputfunc
                0x00008f48        0x6 contiki-z1.a(tcpip.o)
                0x00008f48                tcpip_set_outputfunc
 .text.udp_new  0x00008f4e       0x1a contiki-z1.a(tcpip.o)
                0x00008f4e                udp_new
 .text.tcpip_input
                0x00008f68       0x16 contiki-z1.a(tcpip.o)
                0x00008f68                tcpip_input
 .text.tcpip_ipv6_output
                0x00008f7e      0x144 contiki-z1.a(tcpip.o)
                0x00008f7e                tcpip_ipv6_output
 .text.process_thread_tcpip_process
                0x000090c2       0xcc contiki-z1.a(tcpip.o)
 .text.tcpip_uipcall
                0x0000918e       0x2a contiki-z1.a(tcpip.o)
                0x0000918e                tcpip_uipcall
 .text.uip_debug_ipaddr_print
                0x000091b8       0x70 contiki-z1.a(uip-debug.o)
                0x000091b8                uip_debug_ipaddr_print
 .text.rpl_get_mode
                0x00009228        0x6 contiki-z1.a(rpl.o)
                0x00009228                rpl_get_mode
 .text.rpl_purge_routes
                0x0000922e       0x96 contiki-z1.a(rpl.o)
                0x0000922e                rpl_purge_routes
 .text.rpl_remove_routes
                0x000092c4       0x22 contiki-z1.a(rpl.o)
                0x000092c4                rpl_remove_routes
 .text.rpl_remove_routes_by_nexthop
                0x000092e6       0x3e contiki-z1.a(rpl.o)
                0x000092e6                rpl_remove_routes_by_nexthop
 .text.rpl_add_route
                0x00009324       0x40 contiki-z1.a(rpl.o)
                0x00009324                rpl_add_route
 .text.rpl_link_neighbor_callback
                0x00009364       0x74 contiki-z1.a(rpl.o)
                0x00009364                rpl_link_neighbor_callback
 .text.rpl_ipv6_neighbor_callback
                0x000093d8       0x1e contiki-z1.a(rpl.o)
                0x000093d8                rpl_ipv6_neighbor_callback
 .text.rpl_init
                0x000093f6       0x4a contiki-z1.a(rpl.o)
                0x000093f6                rpl_init
 .text.lollipop_greater_than
                0x00009440       0x44 contiki-z1.a(rpl-dag.o)
 .text.acceptable_rank
                0x00009484       0x44 contiki-z1.a(rpl-dag.o)
 .text.find_parent_any_dag_any_instance
                0x000094c8       0x14 contiki-z1.a(rpl-dag.o)
 .text.rpl_set_preferred_parent
                0x000094dc       0x2c contiki-z1.a(rpl-dag.o)
 .text.set_ip_from_prefix
                0x00009508       0x30 contiki-z1.a(rpl-dag.o)
 .text.check_prefix
                0x00009538       0x70 contiki-z1.a(rpl-dag.o)
 .text.rpl_get_nbr
                0x000095a8       0x1e contiki-z1.a(rpl-dag.o)
                0x000095a8                rpl_get_nbr
 .text.rpl_dag_init
                0x000095c6        0xe contiki-z1.a(rpl-dag.o)
                0x000095c6                rpl_dag_init
 .text.rpl_get_parent
                0x000095d4        0xc contiki-z1.a(rpl-dag.o)
                0x000095d4                rpl_get_parent
 .text.rpl_get_parent_ipaddr
                0x000095e0       0x10 contiki-z1.a(rpl-dag.o)
                0x000095e0                rpl_get_parent_ipaddr
 .text.rpl_set_prefix
                0x000095f0       0x74 contiki-z1.a(rpl-dag.o)
                0x000095f0                rpl_set_prefix
 .text.rpl_set_default_route
                0x00009664       0x56 contiki-z1.a(rpl-dag.o)
                0x00009664                rpl_set_default_route
 .text.rpl_alloc_instance
                0x000096ba       0x34 contiki-z1.a(rpl-dag.o)
                0x000096ba                rpl_alloc_instance
 .text.rpl_add_parent
                0x000096ee       0x4e contiki-z1.a(rpl-dag.o)
                0x000096ee                rpl_add_parent
 .text.rpl_find_parent
                0x0000973c       0x1a contiki-z1.a(rpl-dag.o)
                0x0000973c                rpl_find_parent
 .text.rpl_find_parent_any_dag
                0x00009756       0x22 contiki-z1.a(rpl-dag.o)
                0x00009756                rpl_find_parent_any_dag
 .text.rpl_select_parent
                0x00009778       0x76 contiki-z1.a(rpl-dag.o)
                0x00009778                rpl_select_parent
 .text.rpl_select_dag
                0x000097ee      0x172 contiki-z1.a(rpl-dag.o)
                0x000097ee                rpl_select_dag
 .text.rpl_nullify_parent
                0x00009960       0x50 contiki-z1.a(rpl-dag.o)
                0x00009960                rpl_nullify_parent
 .text.rpl_remove_parent
                0x000099b0       0x16 contiki-z1.a(rpl-dag.o)
                0x000099b0                rpl_remove_parent
 .text.nbr_callback
                0x000099c6        0x6 contiki-z1.a(rpl-dag.o)
 .text.remove_parents.constprop.2
                0x000099cc       0x2e contiki-z1.a(rpl-dag.o)
 .text.rpl_move_parent
                0x000099fa       0x52 contiki-z1.a(rpl-dag.o)
                0x000099fa                rpl_move_parent
 .text.rpl_get_any_dag
                0x00009a4c       0x18 contiki-z1.a(rpl-dag.o)
                0x00009a4c                rpl_get_any_dag
 .text.rpl_get_instance
                0x00009a64       0x1a contiki-z1.a(rpl-dag.o)
                0x00009a64                rpl_get_instance
 .text.rpl_alloc_dag
                0x00009a7e       0x5c contiki-z1.a(rpl-dag.o)
                0x00009a7e                rpl_alloc_dag
 .text.rpl_repair_root
                0x00009ada       0x50 contiki-z1.a(rpl-dag.o)
                0x00009ada                rpl_repair_root
 .text.rpl_find_of
                0x00009b2a       0x10 contiki-z1.a(rpl-dag.o)
                0x00009b2a                rpl_find_of
 .text.rpl_join_instance
                0x00009b3a      0x128 contiki-z1.a(rpl-dag.o)
                0x00009b3a                rpl_join_instance
 .text.rpl_local_repair
                0x00009c62       0x64 contiki-z1.a(rpl-dag.o)
                0x00009c62                rpl_local_repair
 .text.rpl_process_parent_event
                0x00009cc6       0x46 contiki-z1.a(rpl-dag.o)
                0x00009cc6                rpl_process_parent_event
 .text.rpl_recalculate_ranks
                0x00009d0c       0x48 contiki-z1.a(rpl-dag.o)
                0x00009d0c                rpl_recalculate_ranks
 .text.rpl_add_dag
                0x00009d54      0x102 contiki-z1.a(rpl-dag.o)
                0x00009d54                rpl_add_dag
 .text.rpl_process_dio
                0x00009e56      0x2ca contiki-z1.a(rpl-dag.o)
                0x00009e56                rpl_process_dio
 .text.rpl_lock_parent
                0x0000a120        0xc contiki-z1.a(rpl-dag.o)
                0x0000a120                rpl_lock_parent
 .text.rpl_verify_header
                0x0000a12c       0xb2 contiki-z1.a(rpl-ext-header.)
                0x0000a12c                rpl_verify_header
 .text.rpl_update_header_empty
                0x0000a1de      0x122 contiki-z1.a(rpl-ext-header.)
                0x0000a1de                rpl_update_header_empty
 .text.rpl_update_header_final
                0x0000a300       0x94 contiki-z1.a(rpl-ext-header.)
                0x0000a300                rpl_update_header_final
 .text.rpl_invert_header
                0x0000a394       0x72 contiki-z1.a(rpl-ext-header.)
                0x0000a394                rpl_invert_header
 .text.rpl_insert_header
                0x0000a406       0x12 contiki-z1.a(rpl-ext-header.)
                0x0000a406                rpl_insert_header
 .text.get32    0x0000a418       0x3e contiki-z1.a(rpl-icmp6.o)
 .text.set32    0x0000a456       0x2a contiki-z1.a(rpl-icmp6.o)
 .text.get16    0x0000a480        0xe contiki-z1.a(rpl-icmp6.o)
 .text.set16    0x0000a48e       0x10 contiki-z1.a(rpl-icmp6.o)
 .text.dao_ack_input
                0x0000a49e        0x6 contiki-z1.a(rpl-icmp6.o)
 .text.dio_input
                0x0000a4a4      0x2a8 contiki-z1.a(rpl-icmp6.o)
 .text.dis_output
                0x0000a74c       0x50 contiki-z1.a(rpl-icmp6.o)
                0x0000a74c                dis_output
 .text.dio_output
                0x0000a79c      0x242 contiki-z1.a(rpl-icmp6.o)
                0x0000a79c                dio_output
 .text.dis_input
                0x0000a9de       0x28 contiki-z1.a(rpl-icmp6.o)
 .text.dao_output_target
                0x0000aa06       0xd2 contiki-z1.a(rpl-icmp6.o)
                0x0000aa06                dao_output_target
 .text.dao_output
                0x0000aad8       0x6a contiki-z1.a(rpl-icmp6.o)
                0x0000aad8                dao_output
 .text.dao_ack_output
                0x0000ab42       0x32 contiki-z1.a(rpl-icmp6.o)
                0x0000ab42                dao_ack_output
 .text.dao_input
                0x0000ab74      0x286 contiki-z1.a(rpl-icmp6.o)
 .text.rpl_icmp6_register_handlers
                0x0000adfa       0x22 contiki-z1.a(rpl-icmp6.o)
                0x0000adfa                rpl_icmp6_register_handlers
 .text.reset    0x0000ae1c        0x2 contiki-z1.a(rpl-mrhof.o)
 .text.update_metric_container
                0x0000ae1e        0x6 contiki-z1.a(rpl-mrhof.o)
 .text.calculate_rank
                0x0000ae24       0x3a contiki-z1.a(rpl-mrhof.o)
 .text.best_parent
                0x0000ae5e       0x68 contiki-z1.a(rpl-mrhof.o)
 .text.neighbor_link_callback
                0x0000aec6       0x92 contiki-z1.a(rpl-mrhof.o)
 .text.best_dag
                0x0000af58       0x34 contiki-z1.a(rpl-mrhof.o)
 .text.new_dio_interval
                0x0000af8c       0x8a contiki-z1.a(rpl-timers.o)
 .text.handle_periodic_timer
                0x0000b016       0x2e contiki-z1.a(rpl-timers.o)
 .text.set_dao_lifetime_timer
                0x0000b044       0x52 contiki-z1.a(rpl-timers.o)
 .text.schedule_dao
                0x0000b096       0x72 contiki-z1.a(rpl-timers.o)
 .text.handle_dio_timer
                0x0000b108       0x88 contiki-z1.a(rpl-timers.o)
 .text.handle_dao_timer
                0x0000b190       0x64 contiki-z1.a(rpl-timers.o)
 .text.rpl_reset_periodic_timer
                0x0000b1f4       0x5c contiki-z1.a(rpl-timers.o)
                0x0000b1f4                rpl_reset_periodic_timer
 .text.rpl_reset_dio_timer
                0x0000b250       0x18 contiki-z1.a(rpl-timers.o)
                0x0000b250                rpl_reset_dio_timer
 .text.rpl_schedule_dao
                0x0000b268        0xc contiki-z1.a(rpl-timers.o)
                0x0000b268                rpl_schedule_dao
 .text.rpl_schedule_probing
                0x0000b274       0x34 contiki-z1.a(rpl-timers.o)
                0x0000b274                rpl_schedule_probing
 .text.handle_probing_timer
                0x0000b2a8      0x10c contiki-z1.a(rpl-timers.o)
 .text.linkaddr_copy
                0x0000b3b4        0x8 contiki-z1.a(linkaddr.o)
                0x0000b3b4                linkaddr_copy
 .text.linkaddr_cmp
                0x0000b3bc       0x12 contiki-z1.a(linkaddr.o)
                0x0000b3bc                linkaddr_cmp
 .text.linkaddr_set_node_addr
                0x0000b3ce        0xc contiki-z1.a(linkaddr.o)
                0x0000b3ce                linkaddr_set_node_addr
 .text.index_from_key
                0x0000b3da       0x44 contiki-z1.a(nbr-table.o)
 .text.item_from_key
                0x0000b41e       0x34 contiki-z1.a(nbr-table.o)
 .text.nbr_set_bit
                0x0000b452       0x76 contiki-z1.a(nbr-table.o)
 .text.index_from_lladdr
                0x0000b4c8       0x3e contiki-z1.a(nbr-table.o)
 .text.nbr_get_bit.constprop.0
                0x0000b506       0x5a contiki-z1.a(nbr-table.o)
 .text.nbr_table_register
                0x0000b560       0x26 contiki-z1.a(nbr-table.o)
                0x0000b560                nbr_table_register
 .text.nbr_table_next
                0x0000b586       0x78 contiki-z1.a(nbr-table.o)
                0x0000b586                nbr_table_next
 .text.nbr_table_head
                0x0000b5fe       0x32 contiki-z1.a(nbr-table.o)
                0x0000b5fe                nbr_table_head
 .text.nbr_table_add_lladdr
                0x0000b630      0x12c contiki-z1.a(nbr-table.o)
                0x0000b630                nbr_table_add_lladdr
 .text.nbr_table_get_from_lladdr
                0x0000b75c       0x44 contiki-z1.a(nbr-table.o)
                0x0000b75c                nbr_table_get_from_lladdr
 .text.nbr_table_remove
                0x0000b7a0       0x2a contiki-z1.a(nbr-table.o)
                0x0000b7a0                nbr_table_remove
 .text.nbr_table_lock
                0x0000b7ca       0x10 contiki-z1.a(nbr-table.o)
                0x0000b7ca                nbr_table_lock
 .text.nbr_table_unlock
                0x0000b7da       0x10 contiki-z1.a(nbr-table.o)
                0x0000b7da                nbr_table_unlock
 .text.nbr_table_get_lladdr
                0x0000b7ea       0x54 contiki-z1.a(nbr-table.o)
                0x0000b7ea                nbr_table_get_lladdr
 .text.packetbuf_compact
                0x0000b83e       0x2e contiki-z1.a(packetbuf.o)
                0x0000b83e                packetbuf_compact
 .text.packetbuf_copyto
                0x0000b86c       0x46 contiki-z1.a(packetbuf.o)
                0x0000b86c                packetbuf_copyto
 .text.packetbuf_hdrreduce
                0x0000b8b2       0x1a contiki-z1.a(packetbuf.o)
                0x0000b8b2                packetbuf_hdrreduce
 .text.packetbuf_set_datalen
                0x0000b8cc        0x6 contiki-z1.a(packetbuf.o)
                0x0000b8cc                packetbuf_set_datalen
 .text.packetbuf_dataptr
                0x0000b8d2        0xe contiki-z1.a(packetbuf.o)
                0x0000b8d2                packetbuf_dataptr
 .text.packetbuf_hdrptr
                0x0000b8e0        0xa contiki-z1.a(packetbuf.o)
                0x0000b8e0                packetbuf_hdrptr
 .text.packetbuf_datalen
                0x0000b8ea        0x6 contiki-z1.a(packetbuf.o)
                0x0000b8ea                packetbuf_datalen
 .text.packetbuf_hdrlen
                0x0000b8f0       0x10 contiki-z1.a(packetbuf.o)
                0x0000b8f0                packetbuf_hdrlen
 .text.packetbuf_totlen
                0x0000b900        0xc contiki-z1.a(packetbuf.o)
                0x0000b900                packetbuf_totlen
 .text.packetbuf_hdralloc
                0x0000b90c       0x2a contiki-z1.a(packetbuf.o)
                0x0000b90c                packetbuf_hdralloc
 .text.packetbuf_attr_clear
                0x0000b936       0x28 contiki-z1.a(packetbuf.o)
                0x0000b936                packetbuf_attr_clear
 .text.packetbuf_clear
                0x0000b95e       0x1a contiki-z1.a(packetbuf.o)
                0x0000b95e                packetbuf_clear
 .text.packetbuf_copyfrom
                0x0000b978       0x2a contiki-z1.a(packetbuf.o)
                0x0000b978                packetbuf_copyfrom
 .text.packetbuf_attr_copyto
                0x0000b9a2       0x22 contiki-z1.a(packetbuf.o)
                0x0000b9a2                packetbuf_attr_copyto
 .text.packetbuf_attr_copyfrom
                0x0000b9c4       0x24 contiki-z1.a(packetbuf.o)
                0x0000b9c4                packetbuf_attr_copyfrom
 .text.packetbuf_holds_broadcast
                0x0000b9e8        0xe contiki-z1.a(packetbuf.o)
                0x0000b9e8                packetbuf_holds_broadcast
 .text.queuebuf_init
                0x0000b9f6       0x12 contiki-z1.a(queuebuf.o)
                0x0000b9f6                queuebuf_init
 .text.queuebuf_numfree
                0x0000ba08        0xa contiki-z1.a(queuebuf.o)
                0x0000ba08                queuebuf_numfree
 .text.queuebuf_new_from_packetbuf
                0x0000ba12       0x4e contiki-z1.a(queuebuf.o)
                0x0000ba12                queuebuf_new_from_packetbuf
 .text.queuebuf_free
                0x0000ba60       0x2a contiki-z1.a(queuebuf.o)
                0x0000ba60                queuebuf_free
 .text.queuebuf_to_packetbuf
                0x0000ba8a       0x32 contiki-z1.a(queuebuf.o)
                0x0000ba8a                queuebuf_to_packetbuf
 .text.parse    0x0000babc       0xa0 contiki-z1.a(framer-802154.o)
 .text.create_frame.isra.0
                0x0000bb5c      0x104 contiki-z1.a(framer-802154.o)
 .text.create   0x0000bc60        0x8 contiki-z1.a(framer-802154.o)
 .text.hdr_length
                0x0000bc68        0x8 contiki-z1.a(framer-802154.o)
 .text.framer_canonical_create_and_secure
                0x0000bc70       0x20 contiki-z1.a(framer.o)
                0x0000bc70                framer_canonical_create_and_secure
 .text.send_packet
                0x0000bc90        0x6 contiki-z1.a(nullmac.o)
 .text.packet_input
                0x0000bc96        0x6 contiki-z1.a(nullmac.o)
 .text.on       0x0000bc9c        0x6 contiki-z1.a(nullmac.o)
 .text.off      0x0000bca2        0x6 contiki-z1.a(nullmac.o)
 .text.channel_check_interval
                0x0000bca8        0x4 contiki-z1.a(nullmac.o)
 .text.init     0x0000bcac        0x2 contiki-z1.a(nullmac.o)
 .text.on       0x0000bcae        0x6 contiki-z1.a(nullrdc.o)
 .text.channel_check_interval
                0x0000bcb4        0x4 contiki-z1.a(nullrdc.o)
 .text.init     0x0000bcb8        0x6 contiki-z1.a(nullrdc.o)
 .text.send_one_packet
                0x0000bcbe       0x62 contiki-z1.a(nullrdc.o)
 .text.send_list
                0x0000bd20       0x28 contiki-z1.a(nullrdc.o)
 .text.send_packet
                0x0000bd48        0x6 contiki-z1.a(nullrdc.o)
 .text.off      0x0000bd4e       0x10 contiki-z1.a(nullrdc.o)
 .text.packet_input
                0x0000bd5e       0x26 contiki-z1.a(nullrdc.o)
 .text.bootstrap
                0x0000bd84        0x4 contiki-z1.a(nullsec.o)
 .text.send     0x0000bd88        0xa contiki-z1.a(nullsec.o)
 .text.on_frame_created
                0x0000bd92        0x4 contiki-z1.a(nullsec.o)
 .text.input    0x0000bd96        0x6 contiki-z1.a(nullsec.o)
 .text.get_overhead
                0x0000bd9c        0x4 contiki-z1.a(nullsec.o)
 .text.coap_parse_int_option
                0x0000bda0       0x36 contiki-z1.a(er-coap.o)
 .text.coap_set_option_header
                0x0000bdd6       0x98 contiki-z1.a(er-coap.o)
 .text.coap_serialize_int_option
                0x0000be6e       0xbe contiki-z1.a(er-coap.o)
 .text.coap_get_variable
                0x0000bf2c       0xa2 contiki-z1.a(er-coap.o)
 .text.coap_serialize_array_option
                0x0000bfce       0xd4 contiki-z1.a(er-coap.o)
 .text.coap_merge_multi_option.part.1
                0x0000c0a2       0x2c contiki-z1.a(er-coap.o)
 .text.coap_init_connection
                0x0000c0ce       0x22 contiki-z1.a(er-coap.o)
                0x0000c0ce                coap_init_connection
 .text.coap_get_mid
                0x0000c0f0        0xc contiki-z1.a(er-coap.o)
                0x0000c0f0                coap_get_mid
 .text.coap_init_message
                0x0000c0fc       0x24 contiki-z1.a(er-coap.o)
                0x0000c0fc                coap_init_message
 .text.coap_serialize_message
                0x0000c120      0x426 contiki-z1.a(er-coap.o)
                0x0000c120                coap_serialize_message
 .text.coap_send_message
                0x0000c546       0x3e contiki-z1.a(er-coap.o)
                0x0000c546                coap_send_message
 .text.coap_parse_message
                0x0000c584      0x510 contiki-z1.a(er-coap.o)
                0x0000c584                coap_parse_message
 .text.coap_get_query_variable
                0x0000ca94       0x1c contiki-z1.a(er-coap.o)
                0x0000ca94                coap_get_query_variable
 .text.coap_get_post_variable
                0x0000cab0       0x20 contiki-z1.a(er-coap.o)
                0x0000cab0                coap_get_post_variable
 .text.coap_set_status_code
                0x0000cad0       0x12 contiki-z1.a(er-coap.o)
                0x0000cad0                coap_set_status_code
 .text.coap_set_token
                0x0000cae2       0x24 contiki-z1.a(er-coap.o)
                0x0000cae2                coap_set_token
 .text.coap_get_header_content_format
                0x0000cb06       0x18 contiki-z1.a(er-coap.o)
                0x0000cb06                coap_get_header_content_format
 .text.coap_set_header_content_format
                0x0000cb1e        0xe contiki-z1.a(er-coap.o)
                0x0000cb1e                coap_set_header_content_format
 .text.coap_get_header_accept
                0x0000cb2c       0x16 contiki-z1.a(er-coap.o)
                0x0000cb2c                coap_get_header_accept
 .text.coap_get_header_max_age
                0x0000cb42       0x26 contiki-z1.a(er-coap.o)
                0x0000cb42                coap_get_header_max_age
 .text.coap_set_header_max_age
                0x0000cb68       0x12 contiki-z1.a(er-coap.o)
                0x0000cb68                coap_set_header_max_age
 .text.coap_set_header_etag
                0x0000cb7a       0x2a contiki-z1.a(er-coap.o)
                0x0000cb7a                coap_set_header_etag
 .text.coap_get_header_if_match
                0x0000cba4       0x1c contiki-z1.a(er-coap.o)
                0x0000cba4                coap_get_header_if_match
 .text.coap_get_header_if_none_match
                0x0000cbc0       0x10 contiki-z1.a(er-coap.o)
                0x0000cbc0                coap_get_header_if_none_match
 .text.coap_get_header_uri_host
                0x0000cbd0       0x18 contiki-z1.a(er-coap.o)
                0x0000cbd0                coap_get_header_uri_host
 .text.coap_get_header_uri_path
                0x0000cbe8       0x18 contiki-z1.a(er-coap.o)
                0x0000cbe8                coap_get_header_uri_path
 .text.coap_get_header_uri_query
                0x0000cc00       0x16 contiki-z1.a(er-coap.o)
                0x0000cc00                coap_get_header_uri_query
 .text.coap_set_header_location_query
                0x0000cc16       0x2c contiki-z1.a(er-coap.o)
                0x0000cc16                coap_set_header_location_query
 .text.coap_set_header_location_path
                0x0000cc42       0x78 contiki-z1.a(er-coap.o)
                0x0000cc42                coap_set_header_location_path
 .text.coap_set_header_observe
                0x0000ccba       0x12 contiki-z1.a(er-coap.o)
                0x0000ccba                coap_set_header_observe
 .text.coap_get_header_block2
                0x0000cccc       0x4c contiki-z1.a(er-coap.o)
                0x0000cccc                coap_get_header_block2
 .text.coap_set_header_block2
                0x0000cd18       0x40 contiki-z1.a(er-coap.o)
                0x0000cd18                coap_set_header_block2
 .text.coap_get_header_size2
                0x0000cd58       0x1e contiki-z1.a(er-coap.o)
                0x0000cd58                coap_get_header_size2
 .text.coap_set_header_size2
                0x0000cd76       0x12 contiki-z1.a(er-coap.o)
                0x0000cd76                coap_set_header_size2
 .text.coap_get_payload
                0x0000cd88       0x1a contiki-z1.a(er-coap.o)
                0x0000cd88                coap_get_payload
 .text.coap_set_payload
                0x0000cda2       0x16 contiki-z1.a(er-coap.o)
                0x0000cda2                coap_set_payload
 .text.i2c_receiveinit
                0x0000cdb8       0x38 contiki-z1.a(i2cmaster.o)
                0x0000cdb8                i2c_receiveinit
 .text.i2c_transmitinit
                0x0000cdf0       0x32 contiki-z1.a(i2cmaster.o)
                0x0000cdf0                i2c_transmitinit
 .text.i2c_receive_n
                0x0000ce22       0x44 contiki-z1.a(i2cmaster.o)
                0x0000ce22                i2c_receive_n
 .text.i2c_busy
                0x0000ce66        0xa contiki-z1.a(i2cmaster.o)
                0x0000ce66                i2c_busy
 .text.i2c_enable
                0x0000ce70       0x24 contiki-z1.a(i2cmaster.o)
                0x0000ce70                i2c_enable
 .text.i2c_transmit_n
                0x0000ce94       0x14 contiki-z1.a(i2cmaster.o)
                0x0000ce94                i2c_transmit_n
 .text.i2c_tx_interrupt
                0x0000cea8       0x8a contiki-z1.a(i2cmaster.o)
                0x0000cea8                __isr_16
                0x0000cea8                i2c_tx_interrupt
 .text.i2c_rx_interrupt
                0x0000cf32       0x18 contiki-z1.a(i2cmaster.o)
                0x0000cf32                i2c_rx_interrupt
                0x0000cf32                __isr_17
 .text.stimer_set
                0x0000cf4a       0x1c contiki-z1.a(stimer.o)
                0x0000cf4a                stimer_set
 .text.stimer_expired
                0x0000cf66       0x30 contiki-z1.a(stimer.o)
                0x0000cf66                stimer_expired
 .text.uip_udp_packet_send
                0x0000cf96       0x2e contiki-z1.a(uip-udp-packet.)
                0x0000cf96                uip_udp_packet_send
 .text.field_len
                0x0000cfc4       0x94 contiki-z1.a(frame802154.o)
 .text.frame802154_hdrlen
                0x0000d058       0x2e contiki-z1.a(frame802154.o)
                0x0000d058                frame802154_hdrlen
 .text.frame802154_create
                0x0000d086      0x112 contiki-z1.a(frame802154.o)
                0x0000d086                frame802154_create
 .text.frame802154_parse
                0x0000d198      0x186 contiki-z1.a(frame802154.o)
                0x0000d198                frame802154_parse
 .text.mac_call_sent_callback
                0x0000d31e       0x14 contiki-z1.a(mac.o)
                0x0000d31e                mac_call_sent_callback
 .text.libgcc   0x0000d332       0x2a /usr/lib/gcc/msp430/4.6.3/mcpu-430x/mmpy-16/libgcc.a(_mulsi3.o)
                0x0000d332                __mulsi3
 .text.libgcc   0x0000d35c       0x22 /usr/lib/gcc/msp430/4.6.3/mcpu-430x/mmpy-16/libgcc.a(_udivmod16.o)
                0x0000d35c                __udivhi3
                0x0000d35c                __ext_udivmod16
                0x0000d376                __umodhi3
 .text.libgcc   0x0000d37e       0x3a /usr/lib/gcc/msp430/4.6.3/mcpu-430x/mmpy-16/libgcc.a(_divmod16.o)
                0x0000d37e                __ext_divmod16
                0x0000d37e                __divhi3
                0x0000d3b0                __modhi3
 .text.libgcc   0x0000d3b8       0x38 /usr/lib/gcc/msp430/4.6.3/mcpu-430x/mmpy-16/libgcc.a(_udivmod32.o)
                0x0000d3b8                __udivsi3
                0x0000d3b8                __ext_udivmod32
                0x0000d3e6                __umodsi3
 .text.libgcc   0x0000d3f0       0x4c /usr/lib/gcc/msp430/4.6.3/mcpu-430x/mmpy-16/libgcc.a(_divmod32.o)
                0x0000d3f0                __ext_divmod32
                0x0000d3f0                __divsi3
                0x0000d432                __modsi3
 .text          0x0000d43c      0x318 /usr/lib/gcc/msp430/4.6.3/mcpu-430x/mmpy-16/libgcc.a(_addsub_sf.o)
                0x0000d6b8                __addsf3
                0x0000d704                __subsf3
 .text          0x0000d754      0x21e /usr/lib/gcc/msp430/4.6.3/mcpu-430x/mmpy-16/libgcc.a(_mul_sf.o)
                0x0000d754                __mulsf3
 .text          0x0000d972       0xa2 /usr/lib/gcc/msp430/4.6.3/mcpu-430x/mmpy-16/libgcc.a(_si_to_sf.o)
                0x0000d972                __floatsisf
 .text          0x0000da14       0x90 /usr/lib/gcc/msp430/4.6.3/mcpu-430x/mmpy-16/libgcc.a(_sf_to_si.o)
                0x0000da14                __fixsfsi
 .text          0x0000daa4       0x6a /usr/lib/gcc/msp430/4.6.3/mcpu-430x/mmpy-16/libgcc.a(_clzsi2.o)
                0x0000daa4                __clzsi2
 .text          0x0000db0e      0x1c6 /usr/lib/gcc/msp430/4.6.3/mcpu-430x/mmpy-16/libgcc.a(_pack_sf.o)
                0x0000db0e                __pack_f
 .text          0x0000dcd4      0x10c /usr/lib/gcc/msp430/4.6.3/mcpu-430x/mmpy-16/libgcc.a(_unpack_sf.o)
                0x0000dcd4                __unpack_f
 .text          0x0000dde0       0x12 /usr/lib/gcc/msp430/4.6.3/../../../../msp430/lib/mcpu-430x/mmpy-16/libc.a(strchr.o)
                0x0000dde0                strchr
 .text          0x0000ddf2       0x1c /usr/lib/gcc/msp430/4.6.3/../../../../msp430/lib/mcpu-430x/mmpy-16/libc.a(memchr.o)
                0x0000ddf2                memchr
 .text          0x0000de0e       0x28 /usr/lib/gcc/msp430/4.6.3/../../../../msp430/lib/mcpu-430x/mmpy-16/libc.a(strncmp.o)
                0x0000de0e                strncmp
 .text          0x0000de36       0x20 /usr/lib/gcc/msp430/4.6.3/../../../../msp430/lib/mcpu-430x/mmpy-16/libc.a(memcmp.o)
                0x0000de36                memcmp
 .text          0x0000de56       0xe4 /usr/lib/gcc/msp430/4.6.3/../../../../msp430/lib/mcpu-430x/mmpy-16/libc.a(memcpy.o)
                0x0000de56                memcpy
 .text          0x0000df3a       0xe4 /usr/lib/gcc/msp430/4.6.3/../../../../msp430/lib/mcpu-430x/mmpy-16/libc.a(memmove.o)
                0x0000df3a                memmove
 .text          0x0000e01e       0x5c /usr/lib/gcc/msp430/4.6.3/../../../../msp430/lib/mcpu-430x/mmpy-16/libc.a(memset.o)
                0x0000e01e                memset
 .text          0x0000e07a       0x82 /usr/lib/gcc/msp430/4.6.3/../../../../msp430/lib/mcpu-430x/mmpy-16/libc.a(atoi.o)
                0x0000e07a                atoi
 .text          0x0000e0fc       0x1e /usr/lib/gcc/msp430/4.6.3/../../../../msp430/lib/mcpu-430x/mmpy-16/libc.a(printf.o)
                0x0000e0fc                printf
                0x0000e10c                vprintf
 .text          0x0000e11a       0xb8 /usr/lib/gcc/msp430/4.6.3/../../../../msp430/lib/mcpu-430x/mmpy-16/libc.a(sprintf.o)
                0x0000e174                sprintf
                0x0000e190                snprintf
                0x0000e1aa                vsprintf
                0x0000e1c0                vsnprintf
 .text          0x0000e1d2      0x818 /usr/lib/gcc/msp430/4.6.3/../../../../msp430/lib/mcpu-430x/mmpy-16/libc.a(vuprintf.o)
                0x0000e34e                vuprintf
 .text          0x0000e9ea       0x2c /usr/lib/gcc/msp430/4.6.3/../../../../msp430/lib/mcpu-430x/mmpy-16/libc.a(puts.o)
                0x0000e9ea                puts
 .text          0x0000ea16       0x54 /usr/lib/gcc/msp430/4.6.3/../../../../msp430/lib/mcpu-430x/mmpy-16/libc.a(rand.o)
                0x0000ea16                rand_r
                0x0000ea3a                rand
                0x0000ea60                srand
 .text.libgcc   0x0000ea6a       0xbc /usr/lib/gcc/msp430/4.6.3/mcpu-430x/mmpy-16/libgcc.a(_udivmod64.o)
                0x0000ea6a                __xabi_udivmod64
                0x0000eabc                __udivdi3
                0x0000ead6                __umoddi3
                0x0000eaf8                __udivmoddi4
 .text.crt0     0x0000eb26        0x2 /usr/lib/gcc/msp430/4.6.3/mcpu-430x/mmpy-16/libcrt0.a(_unexpected_.o)
                0x0000eb26                _unexpected_
                0x0000eb28                . = ALIGN (0x2)

.rodata         0x0000eb28      0x5b4
                0x0000eb28                . = ALIGN (0x2)
 *(.rodata .rodata.* .gnu.linkonce.r.*)
 .rodata        0x0000eb28       0x90 sens-temp.co
                0x0000eb5e                autostart_processes
 .rodata        0x0000ebb8      0x115 obj_z1/contiki-z1-main.o
 *fill*         0x0000eccd        0x1 00
 .rodata        0x0000ecce       0xec contiki-z1.a(er-coap-engine.)
                0x0000ed28                coap_rest_implementation
 .rodata        0x0000edba       0x11 contiki-z1.a(er-coap-observe)
 .rodata        0x0000edcb       0x19 contiki-z1.a(er-coap-res-wel)
 .rodata        0x0000ede4        0xc contiki-z1.a(rest-engine.o)
 .rodata        0x0000edf0       0x5a contiki-z1.a(cc2420.o)
                0x0000ee0c                cc2420_aes_128_driver
                0x0000ee10                cc2420_driver
 .rodata        0x0000ee4a        0x8 contiki-z1.a(sensors.o)
 .rodata        0x0000ee52       0x10 contiki-z1.a(button-sensor.o)
                0x0000ee5a                button_sensor
 .rodata        0x0000ee62       0x16 contiki-z1.a(adxl345.o)
 .rodata        0x0000ee78        0xf contiki-z1.a(ctimer.o)
 .rodata        0x0000ee87        0xc contiki-z1.a(etimer.o)
 *fill*         0x0000ee93        0x1 00
 .rodata        0x0000ee94       0x24 contiki-z1.a(sicslowpan.o)
                0x0000eea0                sicslowpan_driver
                0x0000eea6                llprefix
                0x0000eea8                unc_mxconf
                0x0000eeac                unc_ctxconf
                0x0000eeb0                unc_llconf
 .rodata        0x0000eeb8        0xd contiki-z1.a(tcpip.o)
 .rodata        0x0000eec5       0x29 contiki-z1.a(uip-debug.o)
 .rodata        0x0000eeee        0x8 contiki-z1.a(linkaddr.o)
                0x0000eeee                linkaddr_null
 .rodata        0x0000eef6        0x8 contiki-z1.a(framer-802154.o)
                0x0000eef6                framer_802154
 .rodata        0x0000eefe       0x16 contiki-z1.a(nullmac.o)
                0x0000ef06                nullmac_driver
 .rodata        0x0000ef14       0x18 contiki-z1.a(nullrdc.o)
                0x0000ef1c                nullrdc_driver
 .rodata        0x0000ef2c       0x14 contiki-z1.a(nullsec.o)
                0x0000ef34                nullsec_driver
 .rodata        0x0000ef40       0x8a contiki-z1.a(er-coap.o)
 .rodata        0x0000efca        0x2 contiki-z1.a(frame802154.o)
 .rodata        0x0000efcc        0x8 /usr/lib/gcc/msp430/4.6.3/mcpu-430x/mmpy-16/libgcc.a(_thenan_sf.o)
                0x0000efcc                __thenan_sf
 .rodata        0x0000efd4      0x100 /usr/lib/gcc/msp430/4.6.3/mcpu-430x/mmpy-16/libgcc.a(_clz.o)
                0x0000efd4                __clz_tab
 .rodata        0x0000f0d4        0x7 /usr/lib/gcc/msp430/4.6.3/../../../../msp430/lib/mcpu-430x/mmpy-16/libc.a(vuprintf.o)
                0x0000f0dc                . = ALIGN (0x2)
 *fill*         0x0000f0db        0x1 00
                0x0000f0dc                _etext = .

.data           0x00001100      0x184 load address 0x0000f0dc
                0x00001100                . = ALIGN (0x2)
                0x00001100                PROVIDE (__data_start, .)
 *(.data .data.* .gnu.linkonce.d.*)
 .data          0x00001100       0x62 sens-temp.co
                0x00001100                temperature_process
                0x0000110a                Id
                0x0000111c                set_temp_environment
                0x0000112e                temp_sens
                0x00001140                periodic_temp_sens
 .data          0x00001162        0x4 obj_z1/contiki-z1-main.o
                0x00001162                sensors
 .data          0x00001166        0xa contiki-z1.a(er-coap-engine.)
                0x00001166                coap_engine
 .data          0x00001170        0x8 contiki-z1.a(er-coap-transac)
 .data          0x00001178        0x8 contiki-z1.a(er-coap-observe)
 .data          0x00001180       0x12 contiki-z1.a(er-coap-res-wel)
                0x00001180                res_well_known_core
 .data          0x00001192        0xa contiki-z1.a(rest-engine.o)
                0x00001192                rest_engine_process
 .data          0x0000119c        0x2 contiki-z1.a(msp430.o)
 .data          0x0000119e        0xa contiki-z1.a(cc2420.o)
                0x0000119e                cc2420_process
 .data          0x000011a8        0xa contiki-z1.a(sensors.o)
                0x000011a8                sensors_process
 .data          0x000011b2       0x20 contiki-z1.a(adxl345.o)
                0x000011b2                accmeter_process
 .data          0x000011d2        0xa contiki-z1.a(ctimer.o)
                0x000011d2                ctimer_process
 .data          0x000011dc        0xa contiki-z1.a(etimer.o)
                0x000011dc                etimer_process
 .data          0x000011e6        0xa contiki-z1.a(uip-ds6-nbr.o)
                0x000011e6                ds6_neighbors
 .data          0x000011f0       0x20 contiki-z1.a(uip-ds6-route.o)
 .data          0x00001210        0xc contiki-z1.a(uip-icmp6.o)
 .data          0x0000121c        0xc contiki-z1.a(uip-nd6.o)
 .data          0x00001228        0xa contiki-z1.a(tcpip.o)
                0x00001228                tcpip_process
 .data          0x00001232        0xa contiki-z1.a(rpl-dag.o)
                0x00001232                rpl_parents
 .data          0x0000123c       0x1a contiki-z1.a(rpl-icmp6.o)
 .data          0x00001256        0xe contiki-z1.a(rpl-mrhof.o)
                0x00001256                rpl_mrhof
 .data          0x00001264        0x8 contiki-z1.a(nbr-table.o)
 .data          0x0000126c       0x10 contiki-z1.a(queuebuf.o)
 .data          0x0000127c        0x2 contiki-z1.a(er-coap.o)
                0x0000127c                coap_error_message
 .data          0x0000127e        0x1 contiki-z1.a(i2cmaster.o)
                0x0000127e                prescale_lsb
 *fill*         0x0000127f        0x1 00
 .data          0x00001280        0x4 /usr/lib/gcc/msp430/4.6.3/../../../../msp430/lib/mcpu-430x/mmpy-16/libc.a(rand.o)
                0x00001284                . = ALIGN (0x2)
                0x00001284                _edata = .
                0x0000f0dc                PROVIDE (__data_load_start, LOADADDR (.data))
                0x00000184                PROVIDE (__data_size, SIZEOF (.data))

.bss            0x00001284     0x1654 load address 0x0000f260
                0x00001284                PROVIDE (__bss_start, .)
 *(.bss .bss.*)
 .bss           0x00001284        0x2 sens-temp.co
                0x00001284                room_id
 .bss           0x00001286        0x4 obj_z1/contiki-z1-main.o
 .bss           0x0000128a      0x10c contiki-z1.a(er-coap-engine.)
 .bss           0x00001396      0x2f0 contiki-z1.a(er-coap-transac)
 .bss           0x00001686       0xa2 contiki-z1.a(er-coap-observe)
 .bss           0x00001728        0x4 contiki-z1.a(rest-engine.o)
 .bss           0x0000172c        0x1 contiki-z1.a(leds.o)
 *fill*         0x0000172d        0x1 00
 .bss           0x0000172e        0x2 contiki-z1.a(watchdog.o)
 .bss           0x00001730        0x8 contiki-z1.a(cc2420.o)
 .bss           0x00001738        0x2 contiki-z1.a(node-id.o)
                0x00001738                node_id
 .bss           0x0000173a        0x6 contiki-z1.a(sensors.o)
 .bss           0x00001740        0x8 contiki-z1.a(button-sensor.o)
 .bss           0x00001748        0x4 contiki-z1.a(uart0.o)
 .bss           0x0000174c       0x16 contiki-z1.a(adxl345.o)
 .bss           0x00001762        0xa contiki-z1.a(clock.o)
 .bss           0x0000176c        0x4 contiki-z1.a(ctimer.o)
 .bss           0x00001770        0x6 contiki-z1.a(etimer.o)
 .bss           0x00001776       0x42 contiki-z1.a(process.o)
                0x00001776                process_current
                0x00001778                process_list
 .bss           0x000017b8        0x2 contiki-z1.a(rtimer.o)
 .bss           0x000017ba      0x14c contiki-z1.a(sicslowpan.o)
 .bss           0x00001906        0xa contiki-z1.a(uip6.o)
                0x00001906                uip_ext_opt_offset
                0x00001908                uip_ext_len
                0x0000190a                uip_ext_bitmap
 .bss           0x00001910       0x18 contiki-z1.a(uip-ds6.o)
 .bss           0x00001928      0x23a contiki-z1.a(uip-ds6-nbr.o)
 .bss           0x00001b62      0x29c contiki-z1.a(uip-ds6-route.o)
 .bss           0x00001dfe       0x14 contiki-z1.a(uip-icmp6.o)
 .bss           0x00001e12        0xa contiki-z1.a(uip-nd6.o)
 .bss           0x00001e1c        0xe contiki-z1.a(tcpip.o)
 .bss           0x00001e2a        0x2 contiki-z1.a(rpl.o)
 .bss           0x00001e2c       0xb4 contiki-z1.a(rpl-dag.o)
 .bss           0x00001ee0       0x18 contiki-z1.a(rpl-timers.o)
 .bss           0x00001ef8       0xda contiki-z1.a(nbr-table.o)
 .bss           0x00001fd2       0xb8 contiki-z1.a(packetbuf.o)
 .bss           0x0000208a      0x2d0 contiki-z1.a(queuebuf.o)
 .bss           0x0000235a        0x2 contiki-z1.a(framer-802154.o)
 .bss           0x0000235c        0x6 contiki-z1.a(er-coap.o)
                0x0000235c                erbium_status_code
 .bss           0x00002362        0x4 contiki-z1.a(i2cmaster.o)
                0x00002362                prescale_msb
 .bss           0x00002366        0x4 /usr/lib/gcc/msp430/4.6.3/../../../../msp430/lib/mcpu-430x/mmpy-16/libc.a(sprintf.o)
 *(COMMON)
 COMMON         0x0000236a        0x2 obj_z1/contiki-z1-main.o
                0x0000236a                sensors_flags
 COMMON         0x0000236c       0x10 contiki-z1.a(cc2420.o)
                0x0000236c                cc2420_last_rssi
                0x0000236e                cc2420_sfd_start_time
                0x00002370                cc2420_time_of_departure
                0x00002372                cc2420_time_of_arrival
                0x00002374                cc2420_last_correlation
                0x00002376                cc2420_authority_level_of_sender
                0x00002378                cc2420_sfd_counter
                0x0000237a                cc2420_sfd_end_time
 COMMON         0x0000237c        0x8 contiki-z1.a(node-id.o)
                0x0000237c                node_mac
 COMMON         0x00002384        0x1 contiki-z1.a(sensors.o)
                0x00002384                sensors_event
 *fill*         0x00002385        0x1 00
 COMMON         0x00002386        0x7 contiki-z1.a(adxl345.o)
                0x00002386                accm_int2_cb
                0x00002388                int2_event
                0x0000238a                accm_int1_cb
                0x0000238c                int1_event
 *fill*         0x0000238d        0x1 00
 COMMON         0x0000238e       0x56 contiki-z1.a(energest.o)
                0x0000238e                energest_total_time
                0x000023be                energest_total_count
                0x000023c0                energest_current_mode
                0x000023cc                energest_current_time
 COMMON         0x000023e4        0x1 contiki-z1.a(process.o)
                0x000023e4                process_maxevents
 *fill*         0x000023e5        0x1 00
 COMMON         0x000023e6        0x8 contiki-z1.a(sicslowpan.o)
                0x000023e6                frag_sender
 COMMON         0x000023ee      0x268 contiki-z1.a(uip6.o)
                0x000023ee                uip_len
                0x000023f0                uip_sappdata
                0x000023f2                uip_lladdr
                0x000023fa                uip_aligned_buf
                0x00002512                uip_flags
                0x00002514                uip_next_hdr
                0x00002516                uip_udp_conn
                0x00002518                uip_appdata
                0x0000251a                uip_conn
                0x0000251c                uip_slen
                0x0000251e                uip_udp_conns
 COMMON         0x00002656      0x15c contiki-z1.a(uip-ds6.o)
                0x00002656                uip_ds6_timer_ra
                0x0000265e                uip_ds6_if
                0x0000274a                uip_ds6_netif_addr_list_offset
                0x0000274b                uip_ds6_addr_size
                0x0000274c                uip_ds6_prefix_list
                0x000027a6                uip_ds6_timer_periodic
 COMMON         0x000027b2        0x1 contiki-z1.a(tcpip.o)
                0x000027b2                tcpip_event
 *fill*         0x000027b3        0x1 00
 COMMON         0x000027b4       0xde contiki-z1.a(rpl-dag.o)
                0x000027b4                default_instance
                0x000027b6                instance_table
 COMMON         0x00002892        0x8 contiki-z1.a(linkaddr.o)
                0x00002892                linkaddr_node_addr
 COMMON         0x0000289a       0x2e contiki-z1.a(packetbuf.o)
                0x0000289a                packetbuf_addrs
                0x000028aa                packetbuf_attrs